centroid number: 8192; residual centroid number: 256; vector length: 8;
batch: 15; in_features: 4096; out_features: 14336;
smem_size: 145KB;
kThreads: 128; kWarpShape: 256
kDecodeNumPerThread: 2

step =0
[0]	0.18, -0.48, -0.69, -1.12, -1.70, -1.52, -0.87, -1.04, 
[0]	0.18, -0.48, -0.69, -1.12, -1.70, -1.52, -0.87, -1.04, 

[1]	1.61, 1.21, 1.27, 0.87, 1.28, 0.92, 1.95, 1.25, 
[1]	1.61, 1.21, 1.27, 0.87, 1.28, 0.92, 1.95, 1.25, 

[0]:	0.00, 0.00, 0.00, 0.00, 0.00, 0.00, 0.00, 0.00, 
[1]:	0.00, 0.00, 0.00, 0.00, 0.00, 0.00, 0.00, 0.00, 
[2]:	0.00, 0.00, 0.00, 0.00, 0.00, 0.00, 0.00, 0.00, 
[3]:	0.00, 0.00, 0.00, 0.00, 0.00, 0.00, 0.00, 0.00, 
[4]:	0.00, 0.00, 0.00, 0.00, 0.00, 0.00, 0.00, 0.00, 
[5]:	0.00, 0.00, 0.00, 0.00, 0.00, 0.00, 0.00, 0.00, 
[6]:	0.00, 0.00, 0.00, 0.00, 0.00, 0.00, 0.00, 0.00, 
[7]:	0.00, 0.00, 0.00, 0.00, 0.00, 0.00, 0.00, 0.00, 
[8]:	0.00, 0.00, 0.00, 0.00, 0.00, 0.00, 0.00, 0.00, 
[9]:	0.00, 0.00, 0.00, 0.00, 0.00, 0.00, 0.00, 0.00, 
[10]:	0.00, 0.00, 0.00, 0.00, 0.00, 0.00, 0.00, 0.00, 
[11]:	0.00, 0.00, 0.00, 0.00, 0.00, 0.00, 0.00, 0.00, 
[12]:	0.00, 0.00, 0.00, 0.00, 0.00, 0.00, 0.00, 0.00, 
[13]:	0.00, 0.00, 0.00, 0.00, 0.00, 0.00, 0.00, 0.00, 
[14]:	0.00, 0.00, 0.00, 0.00, 0.00, 0.00, 0.00, 0.00, 
[15]:	0.00, 0.00, 0.00, 0.00, 0.00, 0.00, 0.00, 0.00, 
[16]:	0.00, 0.00, 0.00, 0.00, 0.00, 0.00, 0.00, 0.00, 
[17]:	0.00, 0.00, 0.00, 0.00, 0.00, 0.00, 0.00, 0.00, 
[18]:	0.00, 0.00, 0.00, 0.00, 0.00, 0.00, 0.00, 0.00, 
[19]:	0.00, 0.00, 0.00, 0.00, 0.00, 0.00, 0.00, 0.00, 
[20]:	0.00, 0.00, 0.00, 0.00, 0.00, 0.00, 0.00, 0.00, 
[21]:	0.00, 0.00, 0.00, 0.00, 0.00, 0.00, 0.00, 0.00, 
[22]:	0.00, 0.00, 0.00, 0.00, 0.00, 0.00, 0.00, 0.00, 
[23]:	0.00, 0.00, 0.00, 0.00, 0.00, 0.00, 0.00, 0.00, 
[24]:	0.00, 0.00, 0.00, 0.00, 0.00, 0.00, 0.00, 0.00, 
[25]:	0.00, 0.00, 0.00, 0.00, 0.00, 0.00, 0.00, 0.00, 
[26]:	0.00, 0.00, 0.00, 0.00, 0.00, 0.00, 0.00, 0.00, 
[27]:	0.00, 0.00, 0.00, 0.00, 0.00, 0.00, 0.00, 0.00, 
[28]:	0.00, 0.00, 0.00, 0.00, 0.00, 0.00, 0.00, 0.00, 
[29]:	0.00, 0.00, 0.00, 0.00, 0.00, 0.00, 0.00, 0.00, 
[30]:	0.00, 0.00, 0.00, 0.00, 0.00, 0.00, 0.00, 0.00, 
[31]:	0.00, 0.00, 0.00, 0.00, 0.00, 0.00, 0.00, 0.00, 
[32]:	0.00, 0.00, 0.00, 0.00, 0.00, 0.00, 0.00, 0.00, 
[33]:	0.00, 0.00, 0.00, 0.00, 0.00, 0.00, 0.00, 0.00, 
[34]:	0.00, 0.00, 0.00, 0.00, 0.00, 0.00, 0.00, 0.00, 
[35]:	0.00, 0.00, 0.00, 0.00, 0.00, 0.00, 0.00, 0.00, 
[36]:	0.00, 0.00, 0.00, 0.00, 0.00, 0.00, 0.00, 0.00, 
[37]:	0.00, 0.00, 0.00, 0.00, 0.00, 0.00, 0.00, 0.00, 
[38]:	0.00, 0.00, 0.00, 0.00, 0.00, 0.00, 0.00, 0.00, 
[39]:	0.00, 0.00, 0.00, 0.00, 0.00, 0.00, 0.00, 0.00, 
[40]:	0.00, 0.00, 0.00, 0.00, 0.00, 0.00, 0.00, 0.00, 
[41]:	0.00, 0.00, 0.00, 0.00, 0.00, 0.00, 0.00, 0.00, 
[42]:	0.00, 0.00, 0.00, 0.00, 0.00, 0.00, 0.00, 0.00, 
[43]:	0.00, 0.00, 0.00, 0.00, 0.00, 0.00, 0.00, 0.00, 
[44]:	0.00, 0.00, 0.00, 0.00, 0.00, 0.00, 0.00, 0.00, 
[45]:	0.00, 0.00, 0.00, 0.00, 0.00, 0.00, 0.00, 0.00, 
[46]:	0.00, 0.00, 0.00, 0.00, 0.00, 0.00, 0.00, 0.00, 
[47]:	0.00, 0.00, 0.00, 0.00, 0.00, 0.00, 0.00, 0.00, 
[48]:	0.00, 0.00, 0.00, 0.00, 0.00, 0.00, 0.00, 0.00, 
[49]:	0.00, 0.00, 0.00, 0.00, 0.00, 0.00, 0.00, 0.00, 
[50]:	0.00, 0.00, 0.00, 0.00, 0.00, 0.00, 0.00, 0.00, 
[51]:	0.00, 0.00, 0.00, 0.00, 0.00, 0.00, 0.00, 0.00, 
[52]:	0.00, 0.00, 0.00, 0.00, 0.00, 0.00, 0.00, 0.00, 
[53]:	0.00, 0.00, 0.00, 0.00, 0.00, 0.00, 0.00, 0.00, 
[54]:	0.00, 0.00, 0.00, 0.00, 0.00, 0.00, 0.00, 0.00, 
[55]:	0.00, 0.00, 0.00, 0.00, 0.00, 0.00, 0.00, 0.00, 
[56]:	0.00, 0.00, 0.00, 0.00, 0.00, 0.00, 0.00, 0.00, 
[57]:	0.00, 0.00, 0.00, 0.00, 0.00, 0.00, 0.00, 0.00, 
[58]:	0.00, 0.00, 0.00, 0.00, 0.00, 0.00, 0.00, 0.00, 
[59]:	0.00, 0.00, 0.00, 0.00, 0.00, 0.00, 0.00, 0.00, 
[60]:	0.00, 0.00, 0.00, 0.00, 0.00, 0.00, 0.00, 0.00, 
[61]:	0.00, 0.00, 0.00, 0.00, 0.00, 0.00, 0.00, 0.00, 
[62]:	0.00, 0.00, 0.00, 0.00, 0.00, 0.00, 0.00, 0.00, 
[63]:	0.00, 0.00, 0.00, 0.00, 0.00, 0.00, 0.00, 0.00, 
[64]:	0.79, 0.06, 0.81, 1.18, 0.34, -5.69, -0.33, -1.20, 
[65]:	-0.00, -0.26, -0.10, 0.23, -0.19, -0.39, -0.42, 0.03, 
[66]:	0.18, -0.48, -0.69, -1.12, -1.70, -1.52, -0.87, -1.04, 
[67]:	1.61, 1.21, 1.27, 0.87, 1.28, 0.92, 1.95, 1.25, 
[68]:	0.17, 1.09, -2.41, -0.30, -1.37, -1.95, -1.79, -0.61, 
[69]:	1.70, 1.26, 1.45, 1.31, 1.16, 1.49, 1.46, 1.30, 
[70]:	-0.87, -0.97, -0.93, -0.97, -1.01, -0.97, -0.97, -0.99, 
[71]:	0.33, -1.38, 0.19, -2.56, -1.41, 4.50, 5.91, 2.91, 
[72]:	-1.23, 0.94, -1.45, 1.35, 0.19, -2.42, -0.07, 0.46, 
[73]:	-0.88, -2.17, 1.68, -0.34, 0.48, -0.49, -0.52, 1.07, 
[74]:	-1.06, -0.69, -1.66, 0.05, -0.71, -0.41, -1.08, -1.67, 
[75]:	0.44, 0.44, 0.44, 0.44, 0.44, 0.44, 0.44, 0.44, 
[76]:	0.89, 0.68, 2.02, 0.93, 0.60, 1.59, 0.15, 0.80, 
[77]:	-0.80, -2.89, -1.96, -2.00, 0.64, -4.09, -0.54, -1.78, 
[78]:	-3.05, -4.00, -3.53, -2.70, -3.00, -3.25, -2.38, -3.20, 
[79]:	0.68, -0.76, 0.14, -0.30, 0.73, -0.66, 0.52, -0.17, 
[80]:	-2.39, -1.26, 0.59, -0.28, 0.29, 0.05, -0.37, -1.15, 
[81]:	1.31, 2.38, -1.84, 3.14, 0.90, 0.21, 4.16, 4.94, 
[82]:	0.99, 0.94, 0.95, 0.91, 0.98, 0.89, 0.88, 0.94, 
[83]:	-1.54, -1.64, -1.46, -2.48, -1.65, -1.36, -1.41, -1.88, 
[84]:	-0.05, 0.45, 0.31, 0.12, 0.22, 0.47, 0.02, 0.42, 
[85]:	2.41, 1.38, -1.53, 0.00, 2.98, 1.34, 3.17, 1.73, 
[86]:	2.02, -0.84, 3.56, 1.65, 1.59, 2.88, 1.61, 2.22, 
[87]:	-2.81, -0.38, -1.52, -2.50, -2.08, -3.45, -1.08, 1.30, 
[88]:	-1.70, -0.93, -0.85, -1.89, -0.84, -1.70, -1.20, -0.77, 
[89]:	2.52, -2.42, -0.13, -1.10, 3.41, 0.11, 0.41, 1.47, 
[90]:	3.30, -0.75, 0.19, 0.15, 1.18, -0.36, 3.62, 1.45, 
[91]:	1.96, -2.67, 0.28, -1.62, -0.86, -1.95, -2.02, -3.19, 
[92]:	0.88, 3.09, 2.50, 1.83, 1.00, 1.24, 0.17, 1.08, 
[93]:	-0.10, 1.19, -1.03, 2.31, 0.66, 2.84, 1.59, 1.28, 
[94]:	-0.81, 1.12, -4.56, -1.73, -2.95, 0.06, -3.17, 1.80, 
[95]:	-2.58, -2.05, -1.06, -1.34, -1.67, -1.00, -1.88, -1.28, 
[96]:	-0.67, -0.87, -0.19, 0.45, 0.03, -0.46, 0.66, -0.07, 
[97]:	-0.10, -0.10, -0.35, -0.29, -0.25, -0.15, -0.33, -0.05, 
[98]:	-0.81, 1.94, -3.56, -5.25, -2.27, -1.58, -4.16, 1.74, 
[99]:	-0.50, -0.13, -0.53, -1.03, -1.11, 0.36, -1.80, -0.62, 
[100]:	-0.58, -1.16, -1.97, -0.30, 2.61, 3.98, 1.77, 1.10, 
[101]:	1.53, -1.75, -2.91, 0.81, -0.75, 0.93, -0.19, -0.76, 
[102]:	-0.07, -0.00, 1.00, 0.09, -0.57, -0.27, 0.45, -0.10, 
[103]:	0.05, 1.15, 0.96, 1.34, 0.18, 1.48, 1.63, 1.24, 
[104]:	-2.36, 0.86, -0.77, -0.23, 0.65, 0.37, 0.12, -2.80, 
[105]:	1.59, 1.73, 1.44, 1.01, 1.48, 1.08, 1.29, 1.37, 
[106]:	-1.77, -1.62, -1.71, -2.17, -1.81, -2.08, -1.88, -1.69, 
[107]:	-0.39, -0.57, -0.82, -0.72, -0.13, -0.03, -0.95, -0.40, 
[108]:	-1.95, -3.28, -0.83, 2.69, -0.26, 3.33, 1.00, -3.66, 
[109]:	-1.06, -0.12, -1.34, -0.36, -0.39, -0.06, -0.71, -0.22, 
[110]:	2.06, 3.75, 1.47, 3.97, 0.52, -0.82, 2.09, -2.28, 
[111]:	1.18, -0.88, -0.62, 0.40, -2.56, 1.74, -1.36, -1.02, 
[112]:	0.72, 1.20, 1.97, 2.56, 1.61, 1.43, 0.19, 0.84, 
[113]:	-0.34, 0.26, 1.21, -1.20, -2.53, -1.40, 2.30, -0.81, 
[114]:	-1.99, -1.12, -1.17, 1.73, -3.11, -1.03, -1.41, 0.68, 
[115]:	0.13, 0.49, -0.29, 0.41, 0.04, 0.37, -0.69, 0.67, 
[116]:	-1.45, 4.09, 5.09, -1.73, 4.38, 2.06, -3.03, -5.00, 
[117]:	-1.85, -1.89, -1.84, -1.84, -1.98, -1.88, -1.76, -1.89, 
[118]:	3.12, -0.59, -0.34, 2.38, -0.68, 1.27, -0.24, 1.99, 
[119]:	0.80, 1.35, 0.47, 0.39, -1.09, 0.67, 1.07, 0.54, 
[120]:	-0.46, -0.49, -0.70, 0.01, -1.11, -0.81, -1.34, -0.02, 
[121]:	-1.03, 2.61, -0.23, -0.47, 2.56, 2.06, 2.30, 1.96, 
[122]:	0.08, 0.14, 0.10, 0.14, 0.09, 0.13, 0.11, 0.19, 
[123]:	-2.31, -1.82, -4.34, 0.53, -0.93, -1.64, -1.25, -1.37, 
[124]:	-0.18, 1.02, -1.09, 0.45, -0.78, -0.10, 1.89, -1.00, 
[125]:	-2.94, -0.47, 0.65, 0.91, 3.36, 2.75, -1.45, -2.42, 
[126]:	1.60, 1.63, 1.59, 1.60, 1.54, 1.61, 1.58, 1.60, 
[127]:	0.11, 0.59, 1.77, 1.06, -0.33, 1.62, 0.22, -0.35, 
[128]:	-1.62, -0.86, -0.33, -1.45, 0.38, -1.11, -1.77, 2.03, 
[129]:	-2.64, -4.03, -1.91, -5.59, -1.49, -1.90, -5.12, -0.78, 
[130]:	-1.41, -0.70, -0.62, -1.06, -0.90, -0.93, -1.13, -1.16, 
[131]:	-3.20, -1.25, -1.49, -0.20, 0.50, -1.10, -1.19, -0.14, 
[132]:	3.44, 0.55, -0.66, -2.00, 2.14, 0.30, -0.44, 1.67, 
[133]:	-1.02, -2.06, -1.16, -0.84, -0.13, -1.00, -1.13, -0.53, 
[134]:	0.64, 0.70, 1.77, 0.34, 2.69, 1.08, 1.29, 1.59, 
[135]:	-1.99, 4.66, -4.88, -4.25, 0.12, -0.86, 0.58, -1.22, 
[136]:	0.82, 1.30, -0.79, -2.52, -0.23, -0.16, -3.78, -1.30, 
[137]:	0.18, 0.86, -0.19, -1.06, -0.79, -0.80, 0.65, 2.45, 
[138]:	-0.68, 0.41, 0.99, 3.12, 1.95, 2.78, -0.12, -0.79, 
[139]:	-0.53, -0.46, -0.48, -0.56, -0.48, -0.45, -0.45, -0.41, 
[140]:	-3.25, -1.20, 0.20, -2.39, -3.47, -1.53, -3.11, -2.50, 
[141]:	1.62, -0.72, 0.96, 1.91, -0.38, -0.35, 1.15, -0.76, 
[142]:	-0.38, -1.09, -0.19, -0.45, -0.78, -0.70, -0.49, -0.07, 
[143]:	0.07, -0.65, -1.10, -1.03, 0.10, -1.31, -0.86, -0.25, 
[144]:	0.97, -0.31, -1.55, 0.44, 0.33, -0.26, -0.37, 0.90, 
[145]:	-1.08, 1.02, -0.05, 5.56, 5.12, 0.33, 0.35, 1.48, 
[146]:	-7.12, 2.45, 1.09, -1.58, -1.00, 1.73, -9.50, -2.61, 
[147]:	0.78, -3.53, -5.97, 0.75, -3.72, 0.13, 1.16, -3.73, 
[148]:	0.94, 0.99, 3.89, 4.97, -0.51, -0.25, 1.54, -3.17, 
[149]:	-0.44, -0.24, -0.18, -0.45, -0.35, -0.24, -0.46, -0.47, 
[150]:	3.92, -0.17, 0.85, 3.98, 0.33, 4.00, 7.12, 1.19, 
[151]:	0.84, 0.76, 0.72, 0.98, 1.14, 0.86, 0.78, 0.75, 
[152]:	0.34, 1.77, 2.02, 1.25, 0.29, 3.02, 1.00, 0.41, 
[153]:	0.57, 2.52, -0.23, 0.57, 1.55, -0.13, -0.29, 1.09, 
[154]:	-0.83, -0.74, -0.77, -0.82, -0.78, -0.80, -0.72, -0.77, 
[155]:	1.08, 1.53, 0.65, 1.55, -0.49, 0.31, 1.87, 1.18, 
[156]:	-1.68, -1.86, -1.38, -1.58, -1.64, -1.13, -1.77, -1.96, 
[157]:	-2.81, -3.39, -0.44, -0.40, 1.22, -3.30, -1.48, 0.36, 
[158]:	0.31, 0.50, -2.66, -0.10, -2.42, 0.46, -0.63, -2.02, 
[159]:	0.63, -0.89, 0.06, 0.38, -0.85, -0.30, 0.87, -0.98, 
[160]:	1.42, 1.31, 1.52, 0.64, 1.99, 1.83, 1.54, 0.24, 
[161]:	1.90, 0.64, -1.70, 0.32, 2.84, 0.43, 1.80, 4.38, 
[162]:	-0.31, -0.14, -1.18, -0.22, -0.66, -0.53, -0.49, -0.46, 
[163]:	1.30, -0.04, 2.45, -0.53, 0.26, -0.11, -0.55, 0.95, 
[164]:	3.23, 1.23, 0.74, 0.54, 1.50, -0.20, 1.78, 1.40, 
[165]:	-5.28, -4.25, -2.05, -2.17, 3.92, 0.04, -2.48, 1.54, 
[166]:	1.84, 2.16, 1.70, 1.59, 1.51, 1.25, 1.32, 1.59, 
[167]:	-1.55, 0.12, 0.54, 0.54, 1.01, 0.09, 1.00, 0.00, 
[168]:	-1.76, -0.73, -0.53, -1.34, -0.04, -0.63, -5.38, -2.97, 
[169]:	-10.88, 1.32, -0.71, -3.64, 3.09, -4.53, -0.80, 0.42, 
[170]:	1.05, 1.77, 1.28, 1.55, 1.51, 1.42, 1.40, 1.35, 
[171]:	2.34, -0.66, 1.05, -0.19, 2.61, 1.14, 2.73, 3.05, 
[172]:	-1.55, -1.37, -0.65, -1.37, -0.44, 0.10, -0.32, -0.50, 
[173]:	0.48, 0.55, 0.31, 0.40, 0.59, 0.52, 0.43, 0.42, 
[174]:	-0.13, -0.08, -0.56, 0.24, -0.46, -0.81, -0.31, -0.56, 
[175]:	-1.14, 3.52, 0.75, 2.97, -0.06, 1.01, 0.68, 3.20, 
[176]:	-0.49, -1.70, -1.54, -1.33, -0.69, -1.16, -1.34, -2.06, 
[177]:	-0.33, -0.42, 0.19, -0.04, -0.67, -0.21, 0.13, -0.27, 
[178]:	1.84, 1.66, 1.90, 1.85, 1.72, 1.91, 1.76, 1.70, 
[179]:	-0.49, 0.38, 1.83, -0.57, 1.65, 2.16, 1.30, 1.90, 
[180]:	0.51, 0.51, 0.53, 0.51, 0.56, 0.50, 0.49, 0.53, 
[181]:	-1.39, 6.69, 2.27, -0.49, 1.78, -2.08, -1.00, -2.02, 
[182]:	-1.18, -1.45, -1.56, -1.31, -1.17, -1.26, -1.50, -1.64, 
[183]:	-0.45, 1.12, -0.16, 0.57, -0.84, 0.22, 1.51, -2.45, 
[184]:	-1.06, -1.20, -0.76, -0.89, -1.48, -2.64, 1.84, 2.20, 
[185]:	0.07, 0.24, 0.08, -0.57, 0.74, 0.11, -0.06, -0.04, 
[186]:	1.14, 3.52, 3.52, -0.72, -0.85, 3.83, 0.89, 0.18, 
[187]:	1.41, 0.75, -0.04, 1.55, 0.08, 0.28, 1.38, 2.55, 
[188]:	2.14, 1.26, 0.38, 1.25, 2.97, 2.39, 2.50, 0.03, 
[189]:	1.73, 1.20, 2.06, 0.89, 0.30, 0.93, 1.10, 1.05, 
[190]:	-0.39, -0.49, -0.40, -0.45, -0.45, -0.42, -0.44, -0.40, 
[191]:	-0.19, -0.23, -0.15, -0.34, -0.32, -0.20, -0.34, -0.38, 
[192]:	-0.49, -1.36, -0.41, -0.34, -0.86, 0.80, -0.71, 0.49, 
[193]:	-3.95, -2.36, -2.64, -2.03, -0.37, -2.70, -0.50, 0.17, 
[194]:	-0.55, -1.30, 0.88, -2.38, -1.02, -1.15, 0.22, 0.64, 
[195]:	-1.27, 0.16, -1.21, -1.55, 0.62, -1.09, -0.23, -0.77, 
[196]:	-1.66, -2.61, -0.82, -2.61, -0.80, -1.31, -1.55, -0.19, 
[197]:	0.30, -0.89, -2.12, 0.57, -1.17, 1.18, -3.48, -1.73, 
[198]:	0.09, 0.13, 0.18, 0.28, 0.13, 0.21, 0.19, 0.11, 
[199]:	-5.62, -3.64, -4.25, 1.18, -4.06, 0.86, 4.78, 5.09, 
[200]:	-0.82, -1.72, -0.24, -0.30, -0.61, -1.02, -2.09, -0.94, 
[201]:	-0.22, -1.46, 1.24, 1.30, -0.08, -0.62, -1.16, 0.53, 
[202]:	-1.25, -0.86, -0.53, -1.15, -1.01, -0.82, -1.12, -0.49, 
[203]:	0.44, -1.09, 0.79, -1.09, 1.71, 2.64, 1.46, 1.98, 
[204]:	-1.01, -0.02, 0.47, -1.60, -2.47, -1.86, -2.33, 0.35, 
[205]:	-0.56, -0.13, -0.06, -0.21, -0.25, -0.57, 0.10, 0.04, 
[206]:	-0.17, 2.16, 0.48, 3.08, -0.75, -2.67, -1.15, 1.70, 
[207]:	-0.61, -0.78, -0.35, -2.23, -1.95, 1.17, -0.46, -0.74, 
[208]:	-0.33, -0.41, -0.50, -0.32, -0.45, 0.80, 0.10, -0.23, 
[209]:	2.78, -0.78, 0.63, -1.34, 3.39, 0.33, -1.25, -0.59, 
[210]:	2.72, -0.13, 2.44, 0.35, 1.98, 1.55, 0.43, -3.50, 
[211]:	-2.45, -1.78, -2.69, -1.79, -1.80, -0.22, -1.38, -0.45, 
[212]:	-0.88, -2.19, -0.48, -1.69, -1.88, -2.94, -3.16, -2.98, 
[213]:	-0.13, 0.12, -0.42, -0.61, 0.12, 0.12, -0.31, -0.07, 
[214]:	0.84, -0.07, 2.25, -0.06, 2.98, 0.70, -1.16, -0.52, 
[215]:	0.31, -1.31, -4.34, 0.70, -3.84, -4.66, -0.80, -0.57, 
[216]:	-1.24, -1.79, -1.20, -0.39, -1.02, -0.31, -0.23, -0.79, 
[217]:	-0.25, 0.80, 0.86, 0.86, -1.04, 0.30, -0.45, -0.16, 
[218]:	1.38, 1.06, 0.75, 0.43, 0.41, 0.75, 0.91, 0.76, 
[219]:	1.88, -4.47, -4.34, -1.55, -3.23, -4.09, -1.45, -1.91, 
[220]:	-1.08, -1.09, -0.88, -0.89, -1.09, -1.02, -1.02, -1.01, 
[221]:	-0.04, 1.50, 3.03, 0.32, 1.55, 1.77, 2.14, 0.96, 
[222]:	-0.96, -1.16, -1.08, -0.88, -0.98, -1.03, -0.98, -1.10, 
[223]:	-0.13, -0.16, -0.46, 0.66, -0.11, 0.08, 0.11, 1.24, 
[224]:	1.00, 0.95, 1.84, 1.98, 1.85, 2.94, 1.68, 0.80, 
[225]:	2.27, 2.09, 1.61, 1.70, 1.78, 2.33, 1.11, 1.73, 
[226]:	-0.07, -0.19, 0.14, 1.45, 0.51, 0.35, 0.53, -0.21, 
[227]:	-1.08, -1.63, -1.89, 0.03, -1.23, -0.08, -1.23, -0.84, 
[228]:	1.58, -2.25, 0.34, -0.54, 0.59, -2.45, -2.41, 0.44, 
[229]:	1.43, -2.52, 0.04, -0.31, -1.22, -0.91, -0.57, 0.79, 
[230]:	0.96, 1.62, -5.22, -4.59, -1.24, 2.88, 0.47, -1.50, 
[231]:	-1.40, 1.02, 2.30, 0.04, 1.51, -0.45, -0.73, -0.23, 
[232]:	-1.12, -1.26, -0.80, -1.20, -0.67, -0.77, -1.26, -0.31, 
[233]:	1.77, -1.55, 1.99, -0.95, 2.61, -0.82, -0.93, -0.18, 
[234]:	1.01, 0.68, 0.95, 1.20, 1.19, 0.74, 1.03, 1.18, 
[235]:	-4.28, 2.33, -0.76, 1.76, 0.10, -0.04, 0.63, -0.38, 
[236]:	1.39, 0.88, 2.59, 2.66, 0.53, -0.62, 2.48, -1.61, 
[237]:	-1.48, 3.81, -2.12, -1.87, -0.46, -2.92, 3.86, 0.05, 
[238]:	-0.77, 0.04, -1.62, 1.97, -1.30, -1.55, 0.36, -1.76, 
[239]:	2.70, 2.53, -0.19, -0.52, 0.70, -0.47, 1.04, 0.23, 
[240]:	1.38, 1.38, 2.05, 1.77, 1.59, 1.66, 1.14, 1.42, 
[241]:	-0.62, -0.56, -0.80, -0.62, -0.80, -0.50, -0.66, -0.70, 
[242]:	0.48, 0.77, 0.66, 0.46, 0.65, 0.66, 0.51, 0.79, 
[243]:	-1.51, -0.97, -0.78, -0.74, 1.84, 1.66, 1.41, -0.73, 
[244]:	1.14, 0.64, 1.21, 0.42, 1.02, 1.21, 0.49, 0.36, 
[245]:	1.41, -0.49, 2.17, -2.69, 4.25, -3.00, 3.64, -1.57, 
[246]:	-3.73, 0.71, -4.00, 4.47, -0.30, -2.91, 3.34, 1.31, 
[247]:	0.67, 1.53, 1.85, 1.27, 1.45, 0.75, 1.22, 0.85, 
[248]:	1.97, -0.48, 0.74, 1.68, -0.32, -1.24, 0.70, -0.34, 
[249]:	-0.04, 0.06, -0.40, 0.26, -0.04, -0.11, 0.16, -0.27, 
[250]:	-0.62, -1.35, -1.59, -0.12, 0.05, -1.03, 0.84, -3.23, 
[251]:	-0.26, -2.22, -1.61, -2.20, -0.96, -2.25, 1.62, 6.50, 
[252]:	0.25, -0.23, -0.78, -2.34, -3.08, -1.32, -1.99, -0.88, 
[253]:	-1.40, -0.27, 0.28, -0.66, -0.87, -0.39, -0.38, 0.10, 
[254]:	4.34, 2.06, -1.83, -1.20, -3.61, -3.92, -2.47, -2.48, 
[255]:	1.60, 1.61, 1.60, 1.60, 1.59, 1.61, 1.60, 1.61, 
[256]:	0.08, -2.31, 1.59, -1.46, 0.51, 0.60, 1.16, 1.49, 
[257]:	-0.03, -2.12, -0.57, -0.99, -1.12, -0.36, -1.02, 0.57, 
[258]:	0.84, 0.65, 0.40, 0.82, 0.90, 0.38, 0.84, 0.63, 
[259]:	2.50, 2.55, 1.08, -2.69, -0.80, -0.55, -0.48, -0.36, 
[260]:	0.02, 0.04, -0.73, -0.19, -0.10, -0.91, -0.95, -1.02, 
[261]:	1.32, 0.33, 0.28, 0.46, 0.16, 1.61, 1.32, 0.55, 
[262]:	4.25, 2.33, 2.83, -1.12, 3.61, 0.83, -6.69, 0.71, 
[263]:	-0.64, 0.59, -2.14, -0.29, -2.30, -0.21, 1.55, -0.03, 
[264]:	0.01, 0.31, -0.70, -1.50, -4.12, -0.76, -0.86, -0.17, 
[265]:	0.02, 0.52, 0.64, -0.61, 0.22, 2.12, 1.34, 1.27, 
[266]:	-1.04, -0.38, 0.66, 0.46, 0.24, -0.33, -0.06, 0.08, 
[267]:	0.81, 1.85, 1.02, 0.70, 1.54, 0.91, 1.07, 1.12, 
[268]:	1.22, 2.95, 2.11, 3.36, 0.01, 2.36, 2.98, -0.81, 
[269]:	-0.06, 0.19, 0.16, 0.40, -1.27, -0.58, 0.70, -0.90, 
[270]:	0.32, 0.40, 0.42, 0.37, 0.44, 0.46, 0.31, 0.45, 
[271]:	0.93, 5.28, 2.36, 4.28, 0.66, 0.01, -0.94, -1.13, 
[272]:	-1.36, -5.56, -6.69, 0.32, 3.05, 0.94, 4.19, 4.50, 
[273]:	3.00, 2.48, 2.28, 1.88, 1.98, 1.70, 2.05, 2.08, 
[274]:	0.88, -0.21, -0.02, -1.34, 0.38, -2.86, 0.42, -2.22, 
[275]:	-2.28, -1.27, -1.10, 0.10, -0.04, -1.27, -1.09, 0.35, 
[276]:	2.77, 0.34, 3.17, -2.91, -1.30, 0.60, -1.51, 0.26, 
[277]:	-1.13, 0.65, 1.38, 1.33, -0.22, -0.37, -1.77, 1.42, 
[278]:	-0.67, -0.94, -0.82, -0.49, -0.64, 0.25, -0.72, -0.17, 
[279]:	-0.98, -0.73, -0.38, -0.59, -0.37, -0.52, -0.46, -0.64, 
[280]:	-0.98, -1.55, -1.15, 3.66, -1.24, 2.81, 1.13, -1.18, 
[281]:	-0.30, -0.04, 0.84, 0.23, 0.38, -0.13, 0.07, -0.57, 
[282]:	-0.69, -0.50, -0.79, -0.77, -0.46, -0.64, -0.23, -0.66, 
[283]:	-0.93, 1.30, 1.56, 3.92, 0.78, 2.72, 2.25, 0.32, 
[284]:	1.66, 1.95, 2.16, 2.20, 2.38, 1.58, 2.47, 1.43, 
[285]:	0.55, 0.93, 0.96, 1.30, 0.80, 1.90, 0.47, -0.03, 
[286]:	0.05, 1.57, 1.23, 1.96, -0.85, 1.21, 1.32, 3.19, 
[287]:	-1.57, -0.80, 0.34, -2.91, -0.40, -2.59, -2.11, -1.62, 
[288]:	0.55, -2.30, -0.25, -0.38, -1.05, -1.28, -0.56, -0.12, 
[289]:	1.62, 1.81, 2.02, 1.16, 1.92, 1.52, 1.18, 2.17, 
[290]:	0.89, 0.69, 0.70, 0.75, 0.84, 0.87, 0.80, 0.79, 
[291]:	0.83, -0.99, 0.53, -0.54, 0.66, 0.07, -0.20, -0.35, 
[292]:	1.28, 0.17, 1.02, 0.84, 0.91, 0.81, 0.73, 0.55, 
[293]:	2.95, -2.36, 2.00, -0.43, 2.75, 0.53, -1.20, 3.42, 
[294]:	0.93, -0.50, 0.18, -0.58, -0.90, 0.27, -0.37, -3.89, 
[295]:	-0.82, -0.67, -0.42, -2.72, -1.08, -2.16, -1.87, -3.62, 
[296]:	2.52, -1.24, -0.30, 2.16, -3.66, -2.27, -0.42, 0.62, 
[297]:	1.39, 1.80, 0.24, 0.40, 1.20, 1.33, 1.28, 1.42, 
[298]:	-0.16, 1.27, -0.45, 0.74, 0.37, 0.45, 1.08, 0.56, 
[299]:	-1.18, -1.62, -0.66, -0.52, -0.64, -2.56, -0.24, -0.69, 
[300]:	-1.91, -0.98, -1.25, 0.32, -1.66, -0.59, -0.55, -1.92, 
[301]:	1.83, 0.00, 0.71, -0.09, 0.52, -1.15, -1.46, 1.91, 
[302]:	-0.53, -0.49, -0.48, -0.53, -0.51, -0.47, -0.50, -0.47, 
[303]:	-1.14, -1.43, -1.16, -1.42, -1.36, -1.39, -1.28, -1.32, 
[304]:	2.06, 1.94, 1.19, 1.91, 1.46, 1.41, 2.33, 1.02, 
[305]:	-0.56, -1.88, -2.88, -0.51, -2.47, -3.16, -2.16, -0.03, 
[306]:	-1.85, -2.67, -0.75, -2.59, 0.37, -0.42, -0.20, -1.32, 
[307]:	0.75, 0.89, 0.64, 0.95, 0.65, 1.13, 0.93, 0.81, 
[308]:	0.32, 2.23, 0.68, -0.01, 0.61, 1.51, 0.52, 1.20, 
[309]:	-0.50, -0.19, -0.31, -0.46, -0.38, -0.33, -0.29, -0.32, 
[310]:	1.87, 2.38, 1.52, -3.81, 4.41, -3.55, 0.58, 2.97, 
[311]:	-0.14, -0.14, 0.08, -0.10, 0.03, -0.19, 0.13, 0.24, 
[312]:	-0.99, -1.36, -0.82, -1.41, -1.33, -1.49, -1.47, -0.88, 
[313]:	-0.06, 0.23, 0.97, 1.05, -0.50, -0.61, 0.83, -0.11, 
[314]:	0.46, 0.82, -1.19, 0.84, 1.61, 0.55, 1.40, -0.46, 
[315]:	-4.69, 0.24, -0.75, 2.56, -6.16, -1.15, -4.03, -1.30, 
[316]:	-0.03, 0.41, 1.16, -0.15, 0.37, 1.08, 0.27, -0.56, 
[317]:	0.79, -0.33, -1.40, -1.05, -0.29, -1.05, -0.71, -1.73, 
[318]:	0.98, -0.27, -0.37, -1.70, 1.29, 0.21, 0.06, -2.52, 
[319]:	3.95, 2.59, 1.96, -2.45, 3.31, -1.62, 3.25, -1.24, 
[320]:	0.57, 0.74, 0.56, 0.47, 0.68, 2.12, 0.84, 1.05, 
[321]:	1.17, 1.81, 1.41, 0.59, 1.65, 2.16, 2.22, 1.09, 
[322]:	1.33, -0.26, -0.76, -1.80, -3.22, -2.78, -1.20, -1.61, 
[323]:	1.49, 1.06, 1.13, 0.69, 1.13, 0.74, 1.85, 1.10, 
[324]:	-2.59, -3.22, -0.84, -2.28, -1.55, -1.16, -1.27, -2.08, 
[325]:	0.01, -0.25, -0.13, -0.22, -0.30, -0.12, -0.13, -0.23, 
[326]:	-1.91, -0.13, -0.90, -0.17, 0.52, -0.11, -0.07, 0.14, 
[327]:	-1.64, -3.17, -1.77, -4.22, -3.20, 2.09, 3.34, 0.67, 
[328]:	-2.28, 2.36, -2.77, 3.23, 0.74, -4.84, 0.19, 1.31, 
[329]:	-1.53, -1.65, -1.30, -1.48, -1.41, -1.50, -1.50, -1.36, 
[330]:	1.17, 0.80, 1.75, 0.08, 0.82, 0.54, 1.19, 1.77, 
[331]:	-0.73, 0.89, -0.03, 0.48, 0.39, -1.99, -0.98, -1.45, 
[332]:	-1.52, -2.02, 1.16, -1.44, -2.22, 0.15, -3.28, -1.73, 
[333]:	1.21, 0.29, 0.70, 0.68, 1.84, -0.23, 1.33, 0.78, 
[334]:	-1.23, -2.34, -1.79, -0.85, -1.18, -1.48, -0.47, -1.41, 
[335]:	0.38, 0.43, 0.40, 0.41, 0.38, 0.42, 0.39, 0.41, 
[336]:	6.94, 3.56, -1.96, 0.63, -1.05, -0.33, 0.92, 3.22, 
[337]:	0.40, -0.52, 3.16, -1.20, 0.76, 1.38, -2.09, -2.78, 
[338]:	1.58, 0.16, 0.54, -0.73, 1.41, -1.44, -1.89, 0.02, 
[339]:	-1.95, -1.62, -2.22, 1.10, -1.62, -2.55, -2.39, -0.87, 
[340]:	1.24, -1.47, -0.71, 0.33, -0.25, -1.62, 0.89, -1.34, 
[341]:	-0.08, -0.35, -1.12, -0.71, 0.08, -0.36, 0.13, -0.25, 
[342]:	1.41, -4.00, 4.34, 0.70, 0.58, 3.03, 0.63, 1.78, 
[343]:	0.20, -0.54, -0.19, 0.10, -0.03, 0.39, -0.33, -1.04, 
[344]:	1.30, 2.59, 2.73, 0.97, 2.75, 1.29, 2.12, 2.86, 
[345]:	0.39, 1.00, 0.72, 0.84, 0.29, 0.69, 0.65, 0.52, 
[346]:	-0.73, 3.02, 2.14, 2.19, 1.23, 2.66, -1.04, 0.98, 
[347]:	-2.22, 1.30, -0.94, 0.49, -0.08, 0.75, 0.80, 1.69, 
[348]:	0.07, 4.19, 3.08, 1.83, 0.30, 0.75, -1.24, 0.44, 
[349]:	0.62, -0.77, 1.63, -1.98, -0.21, -2.58, -1.22, -0.87, 
[350]:	0.81, 2.30, -2.05, 0.11, -0.82, 1.48, -0.99, 2.81, 
[351]:	-2.55, -0.57, 3.09, 2.05, 0.83, 3.34, 0.05, 2.28, 
[352]:	-0.90, -0.96, -0.76, -0.57, -0.69, -0.84, -0.50, -0.72, 
[353]:	0.65, 0.65, 1.45, 1.26, 1.12, 0.82, 1.38, 0.50, 
[354]:	-0.53, 0.52, -1.58, -2.22, -1.09, -0.82, -1.80, 0.45, 
[355]:	-2.05, -4.59, -1.86, 1.48, 1.99, -7.84, 6.69, -1.27, 
[356]:	-2.97, -3.56, -4.38, -2.69, 0.28, 1.69, -0.58, -1.27, 
[357]:	-0.16, 1.02, 1.43, 0.10, 0.65, 0.05, 0.46, 0.66, 
[358]:	0.61, 0.56, -0.17, 0.49, 0.97, 0.75, 0.23, 0.63, 
[359]:	2.06, 0.46, 0.73, 0.17, 1.88, -0.03, -0.25, 0.32, 
[360]:	0.99, 0.73, 0.86, 0.82, 0.75, 0.77, 0.79, 1.03, 
[361]:	2.67, 3.45, 1.86, -0.47, 2.11, -0.11, 1.05, 1.48, 
[362]:	0.13, -0.69, -0.18, 2.30, 0.35, 1.77, 0.73, -0.33, 
[363]:	0.95, 1.43, 2.11, 1.84, 0.26, -0.04, 2.44, 0.98, 
[364]:	0.96, 0.88, 1.02, 1.24, 1.06, 1.28, 1.14, 0.85, 
[365]:	0.26, 0.80, 0.10, 0.66, 0.64, 0.84, 0.46, 0.75, 
[366]:	-0.29, -0.74, -0.13, -0.80, 0.12, 0.48, -0.30, 0.87, 
[367]:	0.21, -0.59, -0.49, -0.09, -1.23, 0.42, -0.77, -0.64, 
[368]:	1.84, 0.72, -1.10, -2.48, -0.27, 0.17, 3.08, 1.56, 
[369]:	-0.68, -0.41, 0.01, -1.06, -1.66, -1.15, 0.50, -0.89, 
[370]:	-2.42, -1.65, -1.70, 0.86, -3.39, -1.56, -1.90, -0.07, 
[371]:	-0.13, 1.95, -2.52, 1.48, -0.66, 1.23, -4.81, 2.94, 
[372]:	0.31, 0.71, 0.79, 0.29, 0.73, 0.57, 0.20, 0.06, 
[373]:	0.68, 0.71, 0.68, 0.67, 0.79, 0.71, 0.61, 0.71, 
[374]:	-0.31, -0.43, -0.42, -0.34, -0.43, -0.37, -0.41, -0.35, 
[375]:	-0.59, -1.44, -0.09, 0.04, 2.33, -0.38, -1.01, -0.19, 
[376]:	0.77, 0.75, 0.55, 1.22, 0.16, 0.44, -0.06, 1.19, 
[377]:	-5.19, -0.50, -4.16, -4.47, -0.58, -1.21, -0.92, -1.34, 
[378]:	-3.61, -0.30, -2.80, -0.66, -3.39, -1.00, -2.05, 2.77, 
[379]:	2.41, 2.39, 2.53, 2.25, 2.33, 2.38, 2.34, 2.36, 
[380]:	-0.55, 2.81, -3.09, 1.21, -2.22, -0.34, 5.22, -2.83, 
[381]:	-1.38, -0.77, -0.50, -0.44, 0.16, 0.01, -1.02, -1.25, 
[382]:	-0.98, -0.95, -0.98, -0.98, -1.04, -0.96, -1.00, -0.98, 
[383]:	-0.43, -0.22, 0.32, -0.00, -0.64, 0.25, -0.38, -0.64, 
[384]:	-0.68, -1.00, -1.21, -0.75, -1.50, -0.89, -0.62, -2.17, 
[385]:	-0.78, -1.25, -0.53, -1.79, -0.39, -0.53, -1.64, -0.14, 
[386]:	-1.02, 0.65, 0.83, -0.22, 0.18, 0.12, -0.38, -0.46, 
[387]:	-0.28, -0.59, -0.55, -0.76, -0.87, -0.62, -0.61, -0.77, 
[388]:	-1.94, -0.12, 0.65, 1.48, -1.11, 0.04, 0.50, -0.82, 
[389]:	-0.69, 0.44, -0.53, -0.88, -1.66, -0.71, -0.57, -1.22, 
[390]:	-1.12, -1.07, 0.11, -1.46, 1.11, -0.66, -0.43, -0.09, 
[391]:	0.08, -0.88, 0.49, 0.40, -0.22, -0.08, -0.29, -0.03, 
[392]:	-1.45, -2.00, 0.35, 2.28, -0.28, -0.36, 3.70, 0.91, 
[393]:	-0.61, 0.38, -1.16, -2.44, -2.03, -2.05, 0.08, 2.72, 
[394]:	-0.46, -0.13, 0.05, 0.71, 0.34, 0.60, -0.29, -0.50, 
[395]:	-0.38, -0.71, -0.64, -0.19, -0.61, -0.79, -0.78, -0.98, 
[396]:	0.88, 0.19, -0.28, 0.59, 0.95, 0.30, 0.83, 0.62, 
[397]:	3.81, 1.18, 3.06, 4.12, 1.55, 1.59, 3.27, 1.12, 
[398]:	-0.63, -1.29, -0.45, -0.70, -1.00, -0.93, -0.73, -0.35, 
[399]:	-0.29, -0.30, -0.31, -0.31, -0.29, -0.31, -0.31, -0.30, 
[400]:	0.74, 0.35, -0.03, 0.58, 0.55, 0.37, 0.33, 0.72, 
[401]:	0.58, 1.04, 0.81, 2.03, 1.94, 0.89, 0.89, 1.14, 
[402]:	1.69, -0.37, -0.08, 0.50, 0.37, -0.22, 2.20, 0.72, 
[403]:	-0.59, 0.81, 1.59, -0.58, 0.86, -0.38, -0.71, 0.87, 
[404]:	1.65, 1.65, 1.77, 1.80, 1.59, 1.60, 1.67, 1.49, 
[405]:	0.01, -0.68, -0.86, 0.06, -0.28, -0.66, 0.10, 0.13, 
[406]:	-0.03, 1.19, 0.89, -0.05, 1.04, -0.06, -0.99, 0.79, 
[407]:	1.07, 1.86, 2.22, -0.27, -1.74, 0.90, 1.71, 2.00, 
[408]:	-0.33, 0.68, 0.86, 0.32, -0.36, 1.57, 0.14, -0.27, 
[409]:	-2.12, -0.59, -2.75, -2.11, -1.34, -2.67, -2.78, -1.71, 
[410]:	2.55, -1.73, -0.39, 1.98, 0.35, 1.49, -2.84, -0.07, 
[411]:	-0.75, -2.64, 1.05, -2.75, 5.88, 2.48, -4.06, -1.16, 
[412]:	4.00, 3.16, 5.44, 4.53, 4.19, 6.66, 3.55, 2.67, 
[413]:	1.30, 1.19, 1.74, 1.75, 2.06, 1.21, 1.55, 1.90, 
[414]:	-1.95, -2.11, 0.38, -1.63, 0.19, -2.08, -1.21, -0.13, 
[415]:	3.14, -1.01, 1.58, 2.47, -0.91, 0.61, 3.80, -1.27, 
[416]:	-0.07, -0.20, 0.06, -1.05, 0.66, 0.45, 0.08, -1.56, 
[417]:	-1.88, -1.38, -0.47, -1.26, -2.25, -1.30, -1.84, -2.84, 
[418]:	-0.59, -1.19, 2.34, -0.91, 0.59, 0.13, 0.03, -0.08, 
[419]:	2.95, 1.64, 4.09, 1.16, 1.94, 1.58, 1.14, 2.61, 
[420]:	3.70, 0.49, -0.30, -0.61, 0.93, -1.81, 1.38, 0.77, 
[421]:	-1.87, -1.48, -0.64, -0.69, 1.62, 0.15, -0.81, 0.72, 
[422]:	-2.39, -4.16, -1.53, -0.97, -0.47, 1.00, 0.60, -0.91, 
[423]:	2.22, 0.90, 0.57, 0.57, 0.20, 0.93, 0.20, 1.00, 
[424]:	-1.23, -1.28, -1.29, -1.25, -1.31, -1.28, -1.06, -1.17, 
[425]:	2.39, 0.64, 0.93, 1.35, 0.38, 1.48, 0.95, 0.77, 
[426]:	-0.12, 0.03, -0.07, -0.02, -0.03, -0.04, -0.05, -0.06, 
[427]:	0.63, 3.23, 1.75, 2.83, 0.41, 1.67, 0.30, 0.03, 
[428]:	-1.66, -1.59, -1.32, -1.59, -1.24, -1.03, -1.20, -1.27, 
[429]:	0.27, 0.39, -0.04, 0.12, 0.46, 0.33, 0.17, 0.15, 
[430]:	0.82, 0.93, -0.30, 1.78, -0.04, -0.94, 0.34, -0.31, 
[431]:	0.15, -2.48, -0.92, -2.17, -0.46, -1.06, -0.88, -2.31, 
[432]:	0.08, -0.96, -0.82, -0.64, -0.10, -0.50, -0.66, -1.27, 
[433]:	1.98, 1.59, 4.44, 3.38, 0.42, 2.56, 4.16, 2.30, 
[434]:	-0.23, -5.25, 1.38, 0.17, -3.69, 1.91, -2.52, -4.06, 
[435]:	-1.73, 0.27, 3.56, -1.90, 3.16, 4.31, 2.38, 3.73, 
[436]:	-1.59, -1.62, -0.83, -1.50, 0.68, -1.92, -2.47, -0.68, 
[437]:	-0.25, -1.69, -0.90, -0.41, -0.82, -0.13, -0.32, -0.14, 
[438]:	-1.30, 0.16, 0.76, -0.59, -1.34, -0.90, 0.40, 1.17, 
[439]:	-0.25, 2.50, 0.27, 1.53, -0.95, 0.93, 3.19, -3.77, 
[440]:	-0.05, -0.03, -0.10, -0.08, 0.01, 0.19, -0.50, -0.55, 
[441]:	-1.12, -1.30, -1.13, -0.42, -1.84, -1.16, -0.98, -0.99, 
[442]:	-0.73, 0.71, 0.71, -1.86, -1.94, 0.90, -0.88, -1.31, 
[443]:	-2.36, -2.00, -1.58, -2.42, -1.63, -1.74, -2.34, -2.97, 
[444]:	-1.59, -1.94, -2.30, -1.95, -1.25, -1.48, -1.45, -2.44, 
[445]:	1.70, -0.01, 2.81, -1.06, -3.00, -0.93, -0.36, -0.53, 
[446]:	-3.41, 0.52, -3.09, -1.14, -1.20, -2.17, -1.52, -3.00, 
[447]:	-1.60, -0.95, -2.12, 0.59, 0.28, -1.49, 0.46, 1.15, 
[448]:	1.48, 2.81, 1.37, 1.26, 2.06, -0.48, 1.83, -0.00, 
[449]:	1.09, 0.23, 0.38, 0.06, -0.83, 0.42, -0.77, -1.12, 
[450]:	-0.84, -1.43, 0.26, -2.27, -1.21, -1.31, -0.25, 0.08, 
[451]:	0.36, 0.20, 0.35, 0.39, 0.14, 0.34, 0.24, 0.30, 
[452]:	0.21, 0.32, 0.12, 0.32, 0.11, 0.17, 0.20, 0.05, 
[453]:	-0.74, -0.82, -0.91, -0.72, -0.84, -0.68, -1.01, -0.88, 
[454]:	-1.11, -0.10, 1.07, 3.80, 0.03, 1.84, 1.38, -0.73, 
[455]:	-2.23, -1.46, -1.70, 0.45, -1.62, 0.32, 1.87, 1.99, 
[456]:	-1.09, -0.81, -1.27, -1.24, -1.15, -1.02, -0.70, -1.05, 
[457]:	0.18, 0.76, -0.49, -0.52, 0.12, 0.37, 0.62, -0.17, 
[458]:	-2.45, -0.82, 0.60, -2.02, -1.43, -0.62, -1.90, 0.74, 
[459]:	-0.26, 2.16, -0.83, 2.17, -2.30, -3.77, -1.88, -2.72, 
[460]:	0.94, -1.49, -2.72, 2.41, 4.59, 3.05, 4.22, -2.41, 
[461]:	-2.62, 0.06, 0.52, -0.40, -0.71, -2.66, 1.48, 1.12, 
[462]:	-1.50, -1.30, -1.45, -1.21, -1.55, -1.73, -1.59, -1.34, 
[463]:	-0.43, -0.49, -0.33, -1.02, -0.92, 0.22, -0.37, -0.48, 
[464]:	-0.66, -0.82, -0.98, -0.64, -0.88, 1.50, 0.17, -0.47, 
[465]:	0.37, -0.49, -0.15, -0.62, 0.52, -0.22, -0.60, -0.44, 
[466]:	1.61, 1.84, 1.63, 1.80, 1.67, 1.70, 1.80, 2.11, 
[467]:	-0.16, -1.51, 0.32, -1.48, -1.46, -4.69, -2.33, -4.19, 
[468]:	0.59, -1.00, 1.08, -0.38, -0.62, -1.90, -2.17, -1.97, 
[469]:	0.12, 0.67, -0.51, -0.92, 0.66, 0.66, -0.27, 0.25, 
[470]:	0.12, -1.56, 2.69, -1.54, 4.03, -0.15, -3.55, -2.39, 
[471]:	-0.05, 0.23, 0.75, -0.11, 0.67, 0.80, 0.14, 0.10, 
[472]:	0.19, 0.63, 0.16, -0.48, 0.01, -0.54, -0.61, -0.16, 
[473]:	2.23, 1.52, 1.48, 1.48, 2.78, 1.86, 2.38, 2.17, 
[474]:	-0.04, 0.29, 0.61, 0.95, 0.97, 0.62, 0.46, 0.60, 
[475]:	0.74, -4.72, -4.59, -2.20, -3.64, -4.38, -2.11, -2.50, 
[476]:	2.58, 2.58, 2.58, 2.58, 2.58, 2.58, 2.58, 2.58, 
[477]:	-2.92, 0.02, 2.94, -2.25, 0.10, 0.52, 1.24, -1.01, 
[478]:	1.38, -1.44, -0.31, 2.61, 1.11, 0.40, 1.06, -0.57, 
[479]:	-2.88, -2.92, -3.64, -0.98, -2.83, -2.36, -2.28, 0.44, 
[480]:	1.75, 1.81, 0.90, 0.77, 0.89, -0.20, 1.07, 1.96, 
[481]:	-3.48, -2.59, -0.06, -0.56, -0.95, -3.80, 2.52, -0.68, 
[482]:	-0.14, -0.35, 0.19, 2.30, 0.79, 0.53, 0.81, -0.38, 
[483]:	0.79, 2.47, 3.23, -2.50, 1.25, -2.17, 1.23, 0.07, 
[484]:	-3.56, -1.98, -3.05, -2.69, -3.16, -1.90, -1.91, -3.09, 
[485]:	1.43, 0.50, 1.10, 1.02, 0.81, 0.88, 0.96, 1.27, 
[486]:	0.99, 0.81, 2.69, 2.53, 1.60, 0.46, 1.12, 1.67, 
[487]:	-0.48, 1.36, 2.33, 0.61, 1.73, 0.24, 0.03, 0.41, 
[488]:	-0.10, -0.01, -0.29, -0.04, -0.37, -0.31, -0.01, -0.59, 
[489]:	2.45, -1.83, 2.73, -1.06, 3.53, -0.89, -1.05, -0.07, 
[490]:	-0.45, -2.50, -0.82, 0.78, 0.67, -2.12, -0.31, 0.62, 
[491]:	-2.42, -1.51, -1.93, -1.59, -1.81, -1.84, -1.74, -1.88, 
[492]:	0.88, 0.43, 1.98, 2.03, 0.11, -0.93, 1.87, -1.83, 
[493]:	1.80, -3.73, 2.48, 2.22, 0.73, 3.33, -3.78, 0.20, 
[494]:	-2.33, -0.02, -4.78, 5.53, -3.89, -4.59, 0.91, -5.19, 
[495]:	-0.26, -0.38, -2.33, -2.56, -1.70, -2.53, -1.45, -2.03, 
[496]:	2.55, 2.55, -3.78, -1.14, 0.56, -0.12, 4.88, 2.19, 
[497]:	-0.05, -0.66, 1.75, -0.07, 1.81, -1.19, 0.41, 0.76, 
[498]:	1.60, -0.79, 0.15, 1.79, 0.21, 0.11, 1.39, -0.89, 
[499]:	1.87, 1.02, 0.72, 0.66, -3.42, -3.14, -2.73, 0.63, 
[500]:	1.70, 0.05, 1.93, -0.66, 1.32, 1.94, -0.42, -0.85, 
[501]:	1.28, 1.76, 1.09, 2.31, 0.56, 2.39, 0.72, 2.03, 
[502]:	-1.20, -1.56, -1.17, -1.88, -1.48, -1.26, -1.78, -1.61, 
[503]:	-0.92, -0.24, 0.01, -0.45, -0.30, -0.86, -0.48, -0.78, 
[504]:	0.42, 1.28, 0.85, 0.52, 1.23, 1.55, 0.87, 1.23, 
[505]:	-0.02, 0.14, -0.59, 0.45, -0.01, -0.13, 0.30, -0.38, 
[506]:	-0.91, -0.57, -0.46, -1.15, -1.23, -0.72, -1.59, 0.30, 
[507]:	0.82, -0.32, 0.03, -0.32, 0.41, -0.34, 1.91, 4.78, 
[508]:	1.34, 0.64, -0.16, -2.44, -3.52, -0.95, -1.92, -0.30, 
[509]:	3.50, 0.46, -1.02, 1.51, 2.09, 0.80, 0.78, -0.53, 
[510]:	2.27, 1.29, -0.39, -0.12, -1.16, -1.29, -0.67, -0.68, 
[511]:	0.13, -0.11, 0.02, 0.12, 0.18, -0.16, 0.02, -0.31, 
[512]:	

[0]	
step =512
-5.75, -3.20, -2.41, -0.73, 1.54, 0.83, -1.70, -1.04, 
[0]	-5.75, -3.20, -2.41, -0.73, 1.54, 0.83, -1.70, -1.04, 

[1]	-0.13, -3.03, -2.56, -5.50, -2.55, -5.19, 2.28, -2.75, 
[1]	-0.13, -3.03, -2.56, -5.50, -2.55, -5.19, 2.28, -2.75, 

[0]:	0.00, 0.00, 0.00, 0.00, 0.00, 0.00, 0.00, 0.00, 
[1]:	0.00, 0.00, 0.00, 0.00, 0.00, 0.00, 0.00, 0.00, 
[2]:	0.00, 0.00, 0.00, 0.00, 0.00, 0.00, 0.00, 0.00, 
[3]:	0.00, 0.00, 0.00, 0.00, 0.00, 0.00, 0.00, 0.00, 
[4]:	0.00, 0.00, 0.00, 0.00, 0.00, 0.00, 0.00, 0.00, 
[5]:	0.00, 0.00, 0.00, 0.00, 0.00, 0.00, 0.00, 0.00, 
[6]:	0.00, 0.00, 0.00, 0.00, 0.00, 0.00, 0.00, 0.00, 
[7]:	0.00, 0.00, 0.00, 0.00, 0.00, 0.00, 0.00, 0.00, 
[8]:	0.00, 0.00, 0.00, 0.00, 0.00, 0.00, 0.00, 0.00, 
[9]:	0.00, 0.00, 0.00, 0.00, 0.00, 0.00, 0.00, 0.00, 
[10]:	0.00, 0.00, 0.00, 0.00, 0.00, 0.00, 0.00, 0.00, 
[11]:	0.00, 0.00, 0.00, 0.00, 0.00, 0.00, 0.00, 0.00, 
[12]:	0.00, 0.00, 0.00, 0.00, 0.00, 0.00, 0.00, 0.00, 
[13]:	0.00, 0.00, 0.00, 0.00, 0.00, 0.00, 0.00, 0.00, 
[14]:	0.00, 0.00, 0.00, 0.00, 0.00, 0.00, 0.00, 0.00, 
[15]:	0.00, 0.00, 0.00, 0.00, 0.00, 0.00, 0.00, 0.00, 
[16]:	0.00, 0.00, 0.00, 0.00, 0.00, 0.00, 0.00, 0.00, 
[17]:	0.00, 0.00, 0.00, 0.00, 0.00, 0.00, 0.00, 0.00, 
[18]:	0.00, 0.00, 0.00, 0.00, 0.00, 0.00, 0.00, 0.00, 
[19]:	0.00, 0.00, 0.00, 0.00, 0.00, 0.00, 0.00, 0.00, 
[20]:	0.00, 0.00, 0.00, 0.00, 0.00, 0.00, 0.00, 0.00, 
[21]:	0.00, 0.00, 0.00, 0.00, 0.00, 0.00, 0.00, 0.00, 
[22]:	0.00, 0.00, 0.00, 0.00, 0.00, 0.00, 0.00, 0.00, 
[23]:	0.00, 0.00, 0.00, 0.00, 0.00, 0.00, 0.00, 0.00, 
[24]:	0.00, 0.00, 0.00, 0.00, 0.00, 0.00, 0.00, 0.00, 
[25]:	0.00, 0.00, 0.00, 0.00, 0.00, 0.00, 0.00, 0.00, 
[26]:	0.00, 0.00, 0.00, 0.00, 0.00, 0.00, 0.00, 0.00, 
[27]:	0.00, 0.00, 0.00, 0.00, 0.00, 0.00, 0.00, 0.00, 
[28]:	0.00, 0.00, 0.00, 0.00, 0.00, 0.00, 0.00, 0.00, 
[29]:	0.00, 0.00, 0.00, 0.00, 0.00, 0.00, 0.00, 0.00, 
[30]:	0.00, 0.00, 0.00, 0.00, 0.00, 0.00, 0.00, 0.00, 
[31]:	0.00, 0.00, 0.00, 0.00, 0.00, 0.00, 0.00, 0.00, 
[32]:	0.00, 0.00, 0.00, 0.00, 0.00, 0.00, 0.00, 0.00, 
[33]:	0.00, 0.00, 0.00, 0.00, 0.00, 0.00, 0.00, 0.00, 
[34]:	0.00, 0.00, 0.00, 0.00, 0.00, 0.00, 0.00, 0.00, 
[35]:	0.00, 0.00, 0.00, 0.00, 0.00, 0.00, 0.00, 0.00, 
[36]:	0.00, 0.00, 0.00, 0.00, 0.00, 0.00, 0.00, 0.00, 
[37]:	0.00, 0.00, 0.00, 0.00, 0.00, 0.00, 0.00, 0.00, 
[38]:	0.00, 0.00, 0.00, 0.00, 0.00, 0.00, 0.00, 0.00, 
[39]:	0.00, 0.00, 0.00, 0.00, 0.00, 0.00, 0.00, 0.00, 
[40]:	0.00, 0.00, 0.00, 0.00, 0.00, 0.00, 0.00, 0.00, 
[41]:	0.00, 0.00, 0.00, 0.00, 0.00, 0.00, 0.00, 0.00, 
[42]:	0.00, 0.00, 0.00, 0.00, 0.00, 0.00, 0.00, 0.00, 
[43]:	0.00, 0.00, 0.00, 0.00, 0.00, 0.00, 0.00, 0.00, 
[44]:	0.00, 0.00, 0.00, 0.00, 0.00, 0.00, 0.00, 0.00, 
[45]:	0.00, 0.00, 0.00, 0.00, 0.00, 0.00, 0.00, 0.00, 
[46]:	0.00, 0.00, 0.00, 0.00, 0.00, 0.00, 0.00, 0.00, 
[47]:	0.00, 0.00, 0.00, 0.00, 0.00, 0.00, 0.00, 0.00, 
[48]:	0.00, 0.00, 0.00, 0.00, 0.00, 0.00, 0.00, 0.00, 
[49]:	0.00, 0.00, 0.00, 0.00, 0.00, 0.00, 0.00, 0.00, 
[50]:	0.00, 0.00, 0.00, 0.00, 0.00, 0.00, 0.00, 0.00, 
[51]:	0.00, 0.00, 0.00, 0.00, 0.00, 0.00, 0.00, 0.00, 
[52]:	0.00, 0.00, 0.00, 0.00, 0.00, 0.00, 0.00, 0.00, 
[53]:	0.00, 0.00, 0.00, 0.00, 0.00, 0.00, 0.00, 0.00, 
[54]:	0.00, 0.00, 0.00, 0.00, 0.00, 0.00, 0.00, 0.00, 
[55]:	0.00, 0.00, 0.00, 0.00, 0.00, 0.00, 0.00, 0.00, 
[56]:	0.00, 0.00, 0.00, 0.00, 0.00, 0.00, 0.00, 0.00, 
[57]:	0.00, 0.00, 0.00, 0.00, 0.00, 0.00, 0.00, 0.00, 
[58]:	0.00, 0.00, 0.00, 0.00, 0.00, 0.00, 0.00, 0.00, 
[59]:	0.00, 0.00, 0.00, 0.00, 0.00, 0.00, 0.00, 0.00, 
[60]:	0.00, 0.00, 0.00, 0.00, 0.00, 0.00, 0.00, 0.00, 
[61]:	0.00, 0.00, 0.00, 0.00, 0.00, 0.00, 0.00, 0.00, 
[62]:	0.00, 0.00, 0.00, 0.00, 0.00, 0.00, 0.00, 0.00, 
[63]:	0.00, 0.00, 0.00, 0.00, 0.00, 0.00, 0.00, 0.00, 
[64]:	0.23, -0.04, 0.24, 0.38, 0.06, -2.20, -0.19, -0.52, 
[65]:	-1.75, -1.69, -1.73, -1.81, -1.70, -1.65, -1.64, -1.76, 
[66]:	-5.75, -3.20, -2.41, -0.73, 1.54, 0.83, -1.70, -1.04, 
[67]:	-0.13, -3.03, -2.56, -5.50, -2.55, -5.19, 2.28, -2.75, 
[68]:	-2.44, -2.88, -1.23, -2.22, -1.72, -1.45, -1.52, -2.08, 
[69]:	0.80, -1.59, -0.52, -1.30, -2.11, -0.35, -0.48, -1.37, 
[70]:	2.08, -0.62, 0.54, -0.58, -1.62, -0.66, -0.73, -1.05, 
[71]:	-0.45, -1.20, -0.52, -1.72, -1.22, 1.38, 1.99, 0.68, 
[72]:	-0.76, -0.91, -0.74, -0.94, -0.86, -0.67, -0.84, -0.88, 
[73]:	0.14, 0.00, 0.42, 0.20, 0.29, 0.18, 0.18, 0.36, 
[74]:	-1.33, -0.66, -2.39, 0.67, -0.69, -0.16, -1.36, -2.42, 
[75]:	-1.22, -0.29, -0.82, -0.52, -0.58, -1.95, -1.37, -1.64, 
[76]:	0.43, -0.10, 3.27, 0.52, -0.31, 2.20, -1.44, 0.21, 
[77]:	-1.07, 1.32, 0.26, 0.30, -2.72, 2.69, -1.37, 0.05, 
[78]:	1.27, -3.73, -1.27, 2.98, 1.47, 0.16, 4.66, 0.45, 
[79]:	-1.70, -1.37, -1.58, -1.47, -1.71, -1.39, -1.66, -1.50, 
[80]:	-1.57, -1.40, -1.12, -1.25, -1.16, -1.20, -1.27, -1.38, 
[81]:	2.45, 0.95, 6.91, -0.14, 3.03, 4.03, -1.59, -2.72, 
[82]:	0.80, 2.19, 1.82, 3.05, 0.97, 3.73, 4.19, 2.31, 
[83]:	1.81, 1.23, 2.27, -3.55, 1.22, 2.84, 2.58, -0.09, 
[84]:	-0.51, -0.83, -0.74, -0.62, -0.69, -0.85, -0.55, -0.82, 
[85]:	-1.34, -0.25, 2.81, 1.20, -1.95, -0.22, -2.16, -0.63, 
[86]:	0.44, -4.75, 3.23, -0.24, -0.36, 1.99, -0.31, 0.79, 
[87]:	0.42, -3.11, -1.45, -0.04, -0.65, 1.34, -2.11, -5.53, 
[88]:	-1.98, 0.19, 0.41, -2.53, 0.45, -2.00, -0.59, 0.62, 
[89]:	0.20, -0.50, -0.17, -0.31, 0.32, -0.14, -0.10, 0.05, 
[90]:	1.00, -3.33, -2.31, -2.36, -1.27, -2.91, 1.35, -0.97, 
[91]:	2.14, -0.50, 1.18, 0.11, 0.54, -0.08, -0.12, -0.79, 
[92]:	-3.75, 0.50, -0.64, -1.93, -3.50, -3.05, -5.09, -3.38, 
[93]:	-0.64, -1.48, -0.01, -2.23, -1.14, -2.59, -1.76, -1.55, 
[94]:	0.17, 1.08, -1.61, -0.27, -0.85, 0.58, -0.95, 1.40, 
[95]:	-3.02, -0.58, 3.92, 2.62, 1.13, 4.22, 0.18, 2.92, 
[96]:	-0.54, -0.58, -0.44, -0.30, -0.39, -0.50, -0.26, -0.41, 
[97]:	-0.36, -0.36, -0.59, -0.54, -0.50, -0.41, -0.57, -0.31, 
[98]:	0.96, 0.29, 1.62, 2.03, 1.31, 1.14, 1.77, 0.33, 
[99]:	1.76, 2.84, 1.67, 0.24, 0.02, 4.25, -2.00, 1.42, 
[100]:	0.86, 1.44, 2.23, 0.59, -2.30, -3.66, -1.46, -0.80, 
[101]:	0.80, 0.10, -0.15, 0.65, 0.31, 0.67, 0.43, 0.31, 
[102]:	-0.45, -0.38, 0.67, -0.29, -0.98, -0.67, 0.10, -0.48, 
[103]:	1.25, -1.02, -0.65, -1.45, 0.97, -1.73, -2.05, -1.23, 
[104]:	-0.87, 1.23, 0.17, 0.52, 1.09, 0.91, 0.74, -1.15, 
[105]:	1.38, 2.09, 0.62, -1.52, 0.86, -1.18, -0.11, 0.27, 
[106]:	1.34, 0.43, 1.00, 3.73, 1.59, 3.16, 2.00, 0.83, 
[107]:	-0.83, -0.41, 0.17, -0.05, -1.42, -1.67, 0.46, -0.79, 
[108]:	0.61, 1.58, -0.19, -2.73, -0.61, -3.20, -1.52, 1.84, 
[109]:	-0.92, 0.24, -1.27, -0.06, -0.10, 0.32, -0.49, 0.11, 
[110]:	1.07, 1.77, 0.82, 1.87, 0.43, -0.13, 1.09, -0.74, 
[111]:	1.67, 1.34, 1.38, 1.54, 1.06, 1.76, 1.26, 1.31, 
[112]:	2.83, 1.94, 0.49, -0.62, 1.15, 1.49, 3.81, 2.61, 
[113]:	-1.62, -1.38, -0.97, -1.99, -2.55, -2.08, -0.51, -1.83, 
[114]:	-1.12, -0.61, -0.63, 1.11, -1.80, -0.55, -0.78, 0.48, 
[115]:	-0.65, -0.92, -0.33, -0.86, -0.58, -0.83, -0.03, -1.05, 
[116]:	-0.05, 1.12, 1.34, -0.10, 1.18, 0.70, -0.38, -0.79, 
[117]:	0.79, 2.00, 0.68, 0.33, 4.62, 1.79, -1.82, 1.95, 
[118]:	1.68, -1.41, -1.20, 1.05, -1.48, 0.15, -1.11, 0.74, 
[119]:	-0.71, -0.22, -1.01, -1.08, -2.42, -0.83, -0.47, -0.95, 
[120]:	0.98, 1.01, 1.24, 0.46, 1.70, 1.37, 1.95, 0.49, 
[121]:	7.22, -0.46, 5.50, 6.03, -0.34, 0.69, 0.22, 0.91, 
[122]:	0.53, 0.88, 0.62, 0.84, 0.55, 0.80, 0.70, 1.20, 
[123]:	-2.17, -1.82, -3.61, -0.15, -1.19, -1.69, -1.41, -1.50, 
[124]:	-0.01, 0.01, -0.03, 0.00, -0.02, -0.01, 0.03, -0.02, 
[125]:	0.45, -0.28, -0.61, -0.68, -1.40, -1.22, 0.01, 0.29, 
[126]:	0.65, -2.22, 1.41, 0.44, 5.88, -0.36, 2.70, 0.65, 
[127]:	-2.28, -1.88, -0.86, -1.47, -2.66, -0.98, -2.19, -2.69, 
[128]:	2.05, 2.25, 2.39, 2.09, 2.58, 2.19, 2.02, 3.00, 
[129]:	-1.82, 1.23, -3.45, 4.72, -4.38, -3.48, 3.72, -5.97, 
[130]:	-3.30, 0.01, 0.37, -1.71, -0.92, -1.05, -2.02, -2.19, 
[131]:	-1.05, -0.54, -0.60, -0.26, -0.08, -0.50, -0.52, -0.25, 
[132]:	-0.82, 0.03, 0.39, 0.78, -0.43, 0.10, 0.32, -0.30, 
[133]:	0.80, -1.12, 0.53, 1.12, 2.44, 0.84, 0.59, 1.70, 
[134]:	0.31, 0.23, -1.38, 0.76, -2.73, -0.33, -0.64, -1.11, 
[135]:	-0.56, -1.76, -0.04, -0.15, -0.94, -0.76, -1.02, -0.70, 
[136]:	2.31, 2.45, 1.83, 1.31, 1.99, 2.02, 0.94, 1.68, 
[137]:	0.40, 0.62, 0.28, 0.00, 0.09, 0.09, 0.55, 1.12, 
[138]:	1.45, 0.54, 0.05, -1.74, -0.75, -1.45, 0.98, 1.54, 
[139]:	-1.55, -0.91, -1.05, -1.91, -1.11, -0.76, -0.79, -0.40, 
[140]:	-3.11, 0.93, 3.69, -1.41, -3.52, 0.28, -2.83, -1.62, 
[141]:	-0.18, 0.59, 0.04, -0.28, 0.48, 0.47, -0.02, 0.61, 
[142]:	-0.77, -1.92, -0.46, -0.88, -1.41, -1.29, -0.94, -0.26, 
[143]:	-2.12, -1.26, -0.72, -0.80, -2.16, -0.46, -1.00, -1.73, 
[144]:	0.74, 1.02, 1.29, 0.86, 0.88, 1.01, 1.03, 0.75, 
[145]:	2.36, 0.62, 1.50, -3.14, -2.77, 1.19, 1.17, 0.23, 
[146]:	0.26, 2.38, 2.08, 1.49, 1.62, 2.22, -0.27, 1.26, 
[147]:	-3.08, 2.17, 5.16, -3.05, 2.39, -2.28, -3.55, 2.42, 
[148]:	1.79, 1.78, 1.45, 1.34, 1.95, 1.92, 1.72, 2.25, 
[149]:	-0.29, -0.08, -0.02, -0.31, -0.20, -0.08, -0.32, -0.33, 
[150]:	0.15, -1.51, -1.10, 0.18, -1.30, 0.19, 1.46, -0.96, 
[151]:	0.22, -0.70, -1.12, 1.78, 3.50, 0.42, -0.52, -0.87, 
[152]:	1.65, -0.52, -0.90, 0.26, 1.71, -2.42, 0.64, 1.53, 
[153]:	-2.70, -0.20, -3.72, -2.69, -1.43, -3.59, -3.78, -2.03, 
[154]:	0.61, 3.28, 2.44, 0.97, 1.98, 1.27, 3.97, 2.23, 
[155]:	-1.41, -1.83, -1.01, -1.85, 0.06, -0.69, -2.14, -1.50, 
[156]:	1.03, -0.47, 3.59, 1.96, 1.38, 5.78, 0.23, -1.33, 
[157]:	-1.06, -1.60, 1.22, 1.26, 2.81, -1.52, 0.22, 1.99, 
[158]:	2.12, 2.36, -1.75, 1.58, -1.44, 2.31, 0.89, -0.91, 
[159]:	0.59, -0.35, 0.24, 0.44, -0.33, 0.02, 0.74, -0.41, 
[160]:	1.19, 0.98, 1.39, -0.38, 2.34, 2.02, 1.43, -1.20, 
[161]:	-0.72, -0.10, 1.05, 0.05, -1.19, -0.00, -0.68, -1.94, 
[162]:	1.46, 1.72, 0.19, 1.60, 0.95, 1.15, 1.20, 1.24, 
[163]:	-1.48, -2.06, -0.98, -2.27, -1.92, -2.08, -2.28, -1.63, 
[164]:	-2.70, 0.30, 1.05, 1.34, -0.10, 2.45, -0.52, 0.05, 
[165]:	-3.00, -2.95, -2.84, -2.84, -2.56, -2.75, -2.86, -2.67, 
[166]:	-1.95, -4.84, -0.54, 0.39, 1.20, 3.61, 2.97, 0.47, 
[167]:	-0.18, 0.21, 0.30, 0.30, 0.41, 0.20, 0.41, 0.18, 
[168]:	0.96, 0.70, 0.65, 0.86, 0.52, 0.67, 1.89, 1.27, 
[169]:	-0.15, -0.16, -0.16, -0.16, -0.16, -0.16, -0.16, -0.16, 
[170]:	2.08, -1.34, 1.00, -0.32, -0.08, 0.32, 0.44, 0.68, 
[171]:	1.03, 0.00, 0.59, 0.16, 1.12, 0.62, 1.17, 1.27, 
[172]:	3.34, 3.03, 1.76, 3.03, 1.38, 0.42, 1.17, 1.49, 
[173]:	-0.18, 0.18, -1.05, -0.59, 0.37, 0.00, -0.46, -0.50, 
[174]:	1.52, 1.55, 1.22, 1.78, 1.29, 1.05, 1.39, 1.22, 
[175]:	0.56, -4.34, -1.45, -3.78, -0.59, -1.71, -1.36, -4.03, 
[176]:	2.55, -1.43, -0.90, -0.20, 1.89, 0.33, -0.26, -2.59, 
[177]:	0.16, -0.05, 1.43, 0.89, -0.65, 0.46, 1.29, 0.32, 
[178]:	-2.36, 2.06, -3.77, -2.72, 0.69, -4.25, -0.34, 1.02, 
[179]:	-3.02, -1.31, 1.52, -3.17, 1.17, 2.16, 0.50, 1.66, 
[180]:	-0.21, -0.23, 0.40, -0.13, 1.59, -0.46, -0.90, 0.52, 
[181]:	-0.68, -1.61, -1.10, -0.78, -1.05, -0.60, -0.72, -0.60, 
[182]:	-1.14, 0.40, 1.02, -0.39, -1.17, -0.71, 0.65, 1.46, 
[183]:	-0.11, -0.33, -0.15, -0.25, -0.05, -0.20, -0.38, 0.18, 
[184]:	-0.24, -0.26, -0.19, -0.21, -0.31, -0.49, 0.22, 0.28, 
[185]:	1.51, 1.24, 1.48, 2.50, 0.46, 1.43, 1.70, 1.68, 
[186]:	0.75, 2.17, 2.17, -0.37, -0.44, 2.36, 0.60, 0.18, 
[187]:	-0.28, 1.22, 3.00, -0.57, 2.73, 2.30, -0.19, -2.81, 
[188]:	-2.05, -0.77, 0.50, -0.76, -3.25, -2.41, -2.56, 1.01, 
[189]:	1.96, 0.15, 3.14, -0.95, -3.00, -0.81, -0.22, -0.39, 
[190]:	-2.03, 0.52, -1.83, -0.56, -0.59, -1.23, -0.80, -1.77, 
[191]:	-0.54, -0.37, -0.68, 0.03, -0.05, -0.51, -0.00, 0.18, 
[192]:	0.93, 1.93, 0.85, 0.77, 1.37, -0.54, 1.19, -0.18, 
[193]:	-4.97, -1.44, -2.08, -0.73, 2.97, -2.20, 2.69, 4.16, 
[194]:	0.84, 0.33, 1.80, -0.39, 0.52, 0.44, 1.36, 1.64, 
[195]:	-1.58, -1.17, -1.56, -1.66, -1.04, -1.52, -1.28, -1.44, 
[196]:	-0.89, -0.01, -1.67, -0.01, -1.70, -1.22, -0.99, -2.27, 
[197]:	2.88, 1.27, -0.39, 3.23, 0.89, 4.06, -2.22, 0.14, 
[198]:	0.40, 0.27, 0.11, -0.25, 0.25, 0.01, 0.07, 0.35, 
[199]:	-0.68, -0.38, -0.47, 0.36, -0.44, 0.31, 0.91, 0.95, 
[200]:	1.47, -0.08, 2.45, 2.36, 1.82, 1.12, -0.72, 1.26, 
[201]:	-0.82, -1.84, 0.36, 0.42, -0.71, -1.15, -1.59, -0.21, 
[202]:	1.54, -0.91, -3.03, 0.88, 0.01, -1.20, 0.70, -3.25, 
[203]:	0.55, 0.46, 0.57, 0.45, 0.63, 0.68, 0.61, 0.64, 
[204]:	-1.77, -3.44, -4.28, -0.76, 0.73, -0.32, 0.48, -4.06, 
[205]:	-1.18, -1.62, -1.70, -1.54, -1.49, -1.18, -1.84, -1.79, 
[206]:	0.14, 1.44, 0.51, 1.95, -0.18, -1.26, -0.40, 1.19, 
[207]:	-1.09, -1.09, -1.12, -0.97, -0.99, -1.23, -1.11, -1.09, 
[208]:	-1.56, -1.46, -1.36, -1.57, -1.41, -2.97, -2.09, -1.69, 
[209]:	-0.90, -0.50, -0.66, -0.44, -0.96, -0.62, -0.45, -0.52, 
[210]:	-0.25, -0.84, -0.31, -0.74, -0.40, -0.49, -0.73, -1.55, 
[211]:	2.44, 0.57, 3.09, 0.61, 0.64, -3.78, -0.55, -3.12, 
[212]:	3.14, 0.21, 4.06, 1.34, 0.90, -1.45, -1.95, -1.59, 
[213]:	0.36, 0.64, 0.03, -0.18, 0.63, 0.63, 0.15, 0.42, 
[214]:	-0.53, -1.02, 0.21, -1.01, 0.59, -0.61, -1.58, -1.25, 
[215]:	-0.77, -2.20, -4.91, -0.43, -4.44, -5.16, -1.76, -1.55, 
[216]:	2.70, 3.75, 2.61, 1.08, 2.27, 0.93, 0.78, 1.85, 
[217]:	-1.42, -1.42, -1.42, -1.42, -1.43, -1.42, -1.42, -1.42, 
[218]:	-1.26, -0.46, 0.32, 1.12, 1.19, 0.33, -0.06, 0.29, 
[219]:	4.03, -0.91, -0.80, 1.36, 0.05, -0.61, 1.45, 1.09, 
[220]:	-1.12, -1.27, 1.34, 1.20, -1.30, -0.42, -0.46, -0.19, 
[221]:	0.01, -1.31, -2.62, -0.29, -1.35, -1.54, -1.87, -0.85, 
[222]:	-0.48, 2.77, 1.47, -1.91, -0.18, 0.65, -0.12, 1.77, 
[223]:	3.53, 3.55, 3.77, 2.97, 3.52, 3.38, 3.36, 2.56, 
[224]:	2.83, 2.95, 1.09, 0.84, 1.09, -1.15, 1.45, 3.25, 
[225]:	-2.94, -2.09, 0.30, -0.17, -0.54, -3.23, 2.72, -0.29, 
[226]:	1.41, 1.34, 1.52, 2.20, 1.71, 1.62, 1.72, 1.33, 
[227]:	-2.05, -0.98, -0.48, -4.19, -1.76, -3.97, -1.77, -2.52, 
[228]:	-4.03, 1.72, -2.17, -0.85, -2.53, 2.02, 1.95, -2.31, 
[229]:	1.20, -1.06, 0.40, 0.20, -0.31, -0.14, 0.06, 0.83, 
[230]:	1.28, 1.69, -2.55, -2.17, -0.09, 2.47, 0.98, -0.25, 
[231]:	-1.07, -0.13, 0.37, -0.51, 0.06, -0.70, -0.81, -0.61, 
[232]:	-0.95, -0.47, -2.03, -0.64, -2.50, -2.16, -0.47, -3.73, 
[233]:	-0.98, -1.48, -0.95, -1.39, -0.86, -1.38, -1.39, -1.27, 
[234]:	0.57, -1.44, 0.20, 1.77, 1.66, -1.07, 0.70, 1.61, 
[235]:	3.88, 1.87, 2.80, 2.03, 2.55, 2.59, 2.38, 2.69, 
[236]:	-2.94, -2.97, -2.84, -2.84, -3.00, -3.09, -2.86, -3.17, 
[237]:	-1.55, 0.35, -1.79, -1.70, -1.19, -2.08, 0.36, -1.01, 
[238]:	-0.08, 0.35, -0.54, 1.39, -0.37, -0.50, 0.53, -0.61, 
[239]:	4.19, 4.03, 1.52, 1.22, 2.33, 1.26, 2.64, 1.90, 
[240]:	-2.34, -2.34, 3.67, 1.16, -0.45, 0.20, -4.56, -2.00, 
[241]:	-1.20, -1.84, 0.70, -1.22, 0.77, -2.41, -0.72, -0.35, 
[242]:	-1.44, 0.20, -0.45, -1.56, -0.48, -0.42, -1.29, 0.27, 
[243]:	-0.17, -0.21, -0.22, -0.22, -0.40, -0.38, -0.37, -0.22, 
[244]:	1.46, 0.36, 1.62, -0.11, 1.21, 1.62, 0.05, -0.24, 
[245]:	-0.55, 0.03, -0.78, 0.70, -1.42, 0.80, -1.23, 0.36, 
[246]:	-0.66, -0.62, -0.66, -0.59, -0.63, -0.65, -0.60, -0.61, 
[247]:	-1.80, 0.88, 1.88, 0.05, 0.65, -1.55, -0.08, -1.23, 
[248]:	1.97, -1.38, 0.29, 1.58, -1.16, -2.42, 0.23, -1.19, 
[249]:	-1.23, -1.29, -1.02, -1.40, -1.23, -1.19, -1.34, -1.09, 
[250]:	-0.80, -0.14, 0.08, -1.25, -1.41, -0.43, -2.11, 1.55, 
[251]:	0.82, -0.86, -0.33, -0.84, 0.22, -0.88, 2.42, 6.59, 
[252]:	-1.32, -0.67, 0.08, 2.19, 3.19, 0.80, 1.71, 0.21, 
[253]:	0.33, -0.41, -0.77, -0.15, -0.01, -0.33, -0.33, -0.65, 
[254]:	-0.35, 0.12, 0.94, 0.80, 1.31, 1.38, 1.07, 1.08, 
[255]:	2.23, -1.18, 0.73, 2.22, 2.97, -1.91, 0.75, -4.16, 
[256]:	1.27, 6.91, -2.28, 4.91, 0.25, 0.04, -1.27, -2.06, 
[257]:	-1.66, -1.03, -1.50, -1.38, -1.34, -1.56, -1.37, -1.84, 
[258]:	0.12, -1.24, -3.09, -0.02, 0.55, -3.22, 0.14, -1.40, 
[259]:	-1.27, -1.27, -1.34, -1.50, -1.41, -1.41, -1.41, -1.40, 
[260]:	1.16, 1.22, -0.38, 0.73, 0.92, -0.74, -0.84, -0.97, 
[261]:	-0.68, -1.38, -1.41, -1.29, -1.50, -0.48, -0.68, -1.22, 
[262]:	0.56, -0.13, 0.05, -1.34, 0.33, -0.66, -3.31, -0.70, 
[263]:	-0.98, 0.32, -2.59, -0.62, -2.75, -0.53, 1.35, -0.33, 
[264]:	-1.92, -1.82, -2.16, -2.42, -3.30, -2.19, -2.22, -1.98, 
[265]:	0.67, 1.55, 1.77, -0.44, 1.02, 4.38, 3.00, 2.86, 
[266]:	0.45, 0.87, 1.55, 1.41, 1.27, 0.91, 1.08, 1.17, 
[267]:	-1.45, 0.52, -1.05, -1.65, -0.08, -1.27, -0.96, -0.86, 
[268]:	0.86, 2.31, 1.60, 2.66, -0.16, 1.82, 2.34, -0.84, 
[269]:	0.38, 0.17, 0.19, -0.01, 1.41, 0.82, -0.27, 1.10, 
[270]:	2.38, -0.41, -0.95, 0.57, -1.55, -2.16, 2.70, -1.88, 
[271]:	0.23, -1.13, -0.22, -0.82, 0.31, 0.52, 0.81, 0.87, 
[272]:	0.37, -0.84, -1.16, 0.85, 1.63, 1.03, 1.96, 2.05, 
[273]:	-2.12, -0.57, 0.06, 1.26, 0.97, 1.81, 0.75, 0.64, 
[274]:	0.03, 0.55, 0.46, 1.09, 0.27, 1.81, 0.25, 1.51, 
[275]:	4.72, 2.42, 2.05, -0.67, -0.34, 2.42, 2.02, -1.22, 
[276]:	-2.47, -0.91, -2.73, 1.17, 0.15, -1.08, 0.28, -0.86, 
[277]:	1.20, 1.28, 1.32, 1.32, 1.24, 1.23, 1.16, 1.32, 
[278]:	-0.55, -0.93, -0.77, -0.31, -0.52, 0.71, -0.62, 0.14, 
[279]:	-2.92, -1.69, -0.01, -1.01, 0.02, -0.68, -0.41, -1.28, 
[280]:	-0.42, -0.62, -0.47, 1.23, -0.51, 0.93, 0.33, -0.48, 
[281]:	-1.24, -1.41, -1.98, -1.59, -1.69, -1.35, -1.48, -1.07, 
[282]:	-1.37, -0.53, -1.81, -1.73, -0.31, -1.15, 0.71, -1.25, 
[283]:	-0.31, -1.18, -1.28, -2.20, -0.98, -1.73, -1.55, -0.80, 
[284]:	0.59, 0.47, 0.39, 0.37, 0.29, 0.62, 0.26, 0.68, 
[285]:	0.39, -0.25, -0.31, -0.91, -0.04, -1.95, 0.54, 1.41, 
[286]:	-0.98, -0.57, -0.66, -0.46, -1.22, -0.67, -0.64, -0.14, 
[287]:	-1.24, -0.12, 1.58, -3.22, 0.49, -2.75, -2.05, -1.31, 
[288]:	-4.03, 3.19, -2.00, -1.68, 0.05, 0.62, -1.22, -2.34, 
[289]:	-0.64, -1.46, -2.31, 1.33, -1.95, -0.19, 1.27, -2.98, 
[290]:	0.01, 0.65, 0.63, 0.46, 0.18, 0.06, 0.28, 0.32, 
[291]:	-2.53, -1.35, -2.33, -1.64, -2.41, -2.03, -1.87, -1.77, 
[292]:	-1.34, -0.15, -1.05, -0.86, -0.93, -0.83, -0.74, -0.55, 
[293]:	0.44, 8.62, 1.89, 5.66, 0.75, 4.19, 6.84, -0.29, 
[294]:	1.17, 1.07, 1.12, 1.06, 1.04, 1.12, 1.08, 0.83, 
[295]:	1.19, 1.11, 0.98, 2.16, 1.32, 1.87, 1.72, 2.62, 
[296]:	-0.33, 0.46, 0.26, -0.26, 0.96, 0.67, 0.28, 0.06, 
[297]:	-0.92, -1.13, -0.34, -0.42, -0.82, -0.89, -0.86, -0.94, 
[298]:	1.53, 0.18, 1.80, 0.69, 1.04, 0.96, 0.37, 0.85, 
[299]:	-0.21, -1.48, 1.28, 1.66, 1.31, -4.16, 2.48, 1.18, 
[300]:	-3.08, -0.21, -1.04, 3.88, -2.34, 1.02, 1.14, -3.14, 
[301]:	3.22, -0.74, 0.79, -0.94, 0.40, -3.23, -3.91, 3.42, 
[302]:	-0.74, -0.91, -0.93, -0.73, -0.82, -0.99, -0.88, -0.96, 
[303]:	0.51, 2.16, 0.67, 2.14, 1.75, 1.95, 1.30, 1.55, 
[304]:	1.70, 1.04, -2.73, 0.94, -1.37, -1.62, 3.02, -3.59, 
[305]:	0.17, -0.69, -1.34, 0.21, -1.07, -1.52, -0.87, 0.52, 
[306]:	-1.07, -1.88, 0.01, -1.80, 1.09, 0.33, 0.55, -0.55, 
[307]:	2.31, 1.48, 3.00, 1.09, 2.91, -0.01, 1.23, 1.94, 
[308]:	-0.26, -1.76, -0.55, -0.01, -0.49, -1.20, -0.42, -0.95, 
[309]:	-0.18, 0.48, 0.22, -0.09, 0.09, 0.18, 0.27, 0.21, 
[310]:	0.29, 0.61, 0.07, -3.33, 1.91, -3.16, -0.54, 0.99, 
[311]:	-0.35, -0.36, -0.07, -0.30, -0.13, -0.41, -0.01, 0.12, 
[312]:	3.67, 0.50, 5.19, 0.05, 0.74, -0.66, -0.48, 4.66, 
[313]:	-0.62, -1.07, -2.23, -2.36, 0.08, 0.25, -2.02, -0.53, 
[314]:	0.52, 1.01, -1.67, 1.04, 2.06, 0.65, 1.78, -0.70, 
[315]:	-1.66, 0.40, -0.01, 1.38, -2.27, -0.18, -1.38, -0.24, 
[316]:	-0.65, -0.47, -0.17, -0.70, -0.49, -0.20, -0.53, -0.86, 
[317]:	0.79, 0.08, -0.59, -0.37, 0.11, -0.37, -0.15, -0.80, 
[318]:	-0.32, -0.32, -0.32, -0.32, -0.33, -0.32, -0.32, -0.31, 
[319]:	-2.44, -2.19, -2.06, -1.26, -2.31, -1.41, -2.31, -1.48, 
[320]:	-0.45, 0.22, -0.47, -0.80, -0.04, 5.50, 0.58, 1.38, 
[321]:	0.15, 0.04, 0.10, 0.24, 0.07, -0.02, -0.03, 0.16, 
[322]:	-12.75, -6.19, -4.12, 0.16, 6.00, 4.19, -2.31, -0.63, 
[323]:	-0.57, -0.60, -0.59, -0.62, -0.59, -0.62, -0.54, -0.60, 
[324]:	-1.98, -2.67, -0.05, -1.64, -0.84, -0.39, -0.52, -1.41, 
[325]:	-0.54, 0.52, 0.04, 0.39, 0.74, -0.03, 0.03, 0.42, 
[326]:	-1.20, -0.35, -0.71, -0.37, -0.04, -0.34, -0.32, -0.22, 
[327]:	-0.81, 0.62, -0.69, 1.60, 0.64, -4.28, -5.47, -2.95, 
[328]:	1.93, -1.50, 2.28, -2.16, -0.31, 3.83, 0.10, -0.73, 
[329]:	0.77, -0.02, 2.33, 1.10, 1.60, 1.01, 0.99, 1.96, 
[330]:	0.13, 1.01, -1.27, 2.75, 0.97, 1.66, 0.08, -1.31, 
[331]:	0.18, -1.98, -0.76, -1.44, -1.31, 1.88, 0.52, 1.15, 
[332]:	-0.09, 0.04, -0.79, -0.11, 0.09, -0.52, 0.37, -0.04, 
[333]:	-0.03, 0.54, 0.29, 0.29, -0.42, 0.86, -0.10, 0.24, 
[334]:	-0.57, -0.04, -0.30, -0.75, -0.59, -0.45, -0.93, -0.48, 
[335]:	1.41, -3.56, -0.46, -1.98, 1.60, -3.20, 0.86, -1.52, 
[336]:	-0.66, -0.13, 0.74, 0.34, 0.60, 0.49, 0.29, -0.07, 
[337]:	0.67, 0.73, 0.47, 0.79, 0.64, 0.60, 0.85, 0.90, 
[338]:	-0.08, 0.31, 0.21, 0.55, -0.04, 0.75, 0.88, 0.35, 
[339]:	-1.13, -1.04, -1.20, -0.31, -1.04, -1.29, -1.25, -0.84, 
[340]:	0.93, -2.23, -1.34, -0.13, -0.81, -2.41, 0.52, -2.08, 
[341]:	0.80, 0.78, 0.71, 0.75, 0.81, 0.78, 0.82, 0.79, 
[342]:	-1.70, -3.30, -0.83, -1.91, -1.94, -1.22, -1.92, -1.59, 
[343]:	-1.79, 2.20, 0.33, -1.27, -0.58, -2.83, 1.07, 4.97, 
[344]:	-0.09, -0.44, -0.48, 0.00, -0.48, -0.08, -0.31, -0.51, 
[345]:	1.23, 1.60, 1.43, 1.50, 1.16, 1.41, 1.39, 1.30, 
[346]:	2.36, -2.23, -1.16, -1.20, -0.04, -1.79, 2.73, 0.26, 
[347]:	0.67, 0.39, 0.57, 0.45, 0.50, 0.43, 0.43, 0.36, 
[348]:	-0.65, -4.50, -3.47, -2.30, -0.88, -1.29, 0.57, -1.00, 
[349]:	0.73, 2.09, -0.26, 3.28, 1.54, 3.86, 2.53, 2.19, 
[350]:	-1.34, -3.16, 2.19, -0.47, 0.68, -2.16, 0.89, -3.80, 
[351]:	-3.06, -1.11, 2.52, 1.48, 0.28, 2.75, -0.49, 1.72, 
[352]:	-2.28, -2.77, -1.06, 0.58, -0.50, -1.74, 1.11, -0.75, 
[353]:	-0.49, -0.48, 0.75, 0.46, 0.25, -0.21, 0.64, -0.71, 
[354]:	-1.06, -0.69, -1.43, -1.66, -1.26, -1.16, -1.51, -0.72, 
[355]:	-1.59, -1.26, -1.61, -2.05, -2.11, -0.84, -2.72, -1.69, 
[356]:	1.22, 1.70, 2.34, 1.00, -1.35, -2.47, -0.67, -0.13, 
[357]:	-4.97, 0.93, 3.00, -3.67, -0.88, -3.89, -1.87, -0.86, 
[358]:	-1.22, -1.16, -0.39, -1.09, -1.60, -1.38, -0.81, -1.23, 
[359]:	-0.80, -0.17, -0.27, -0.05, -0.72, 0.03, 0.12, -0.11, 
[360]:	1.19, 0.72, 0.96, 0.88, 0.75, 0.79, 0.83, 1.25, 
[361]:	-1.05, -0.93, -1.17, -1.52, -1.13, -1.47, -1.30, -1.23, 
[362]:	1.59, 2.09, 1.77, 0.27, 1.45, 0.59, 1.22, 1.87, 
[363]:	-1.70, -0.40, 1.43, 0.73, -3.56, -4.34, 2.33, -1.59, 
[364]:	-1.58, -1.55, -1.59, -1.65, -1.60, -1.66, -1.62, -1.55, 
[365]:	-1.84, 2.08, -3.02, 1.06, 0.93, 2.33, -0.39, 1.65, 
[366]:	0.31, 2.05, -0.31, 2.27, -1.28, -2.67, 0.34, -4.16, 
[367]:	0.92, 1.07, 1.05, 0.98, 1.20, 0.88, 1.11, 1.09, 
[368]:	-0.13, 0.41, 1.28, 1.95, 0.88, 0.67, -0.73, 0.00, 
[369]:	0.31, 0.33, 0.37, 0.29, 0.24, 0.28, 0.40, 0.30, 
[370]:	1.44, 1.11, 1.12, 0.04, 1.85, 1.07, 1.22, 0.43, 
[371]:	-0.62, -0.54, -0.71, -0.56, -0.64, -0.57, -0.79, -0.50, 
[372]:	-2.31, 4.38, 5.56, -2.64, 4.69, 1.93, -4.22, -6.56, 
[373]:	-1.77, -2.30, -1.71, -1.56, -3.44, -2.20, -0.62, -2.27, 
[374]:	-3.59, 1.34, 1.00, -2.59, 1.45, -1.15, 0.86, -2.09, 
[375]:	1.19, 1.34, 1.10, 1.08, 0.66, 1.15, 1.27, 1.12, 
[376]:	1.68, 1.67, 1.59, 1.86, 1.44, 1.55, 1.35, 1.85, 
[377]:	5.09, 1.43, 4.28, 4.53, 1.49, 1.98, 1.76, 2.08, 
[378]:	-0.31, -1.37, -0.57, -1.26, -0.38, -1.15, -0.81, -2.34, 
[379]:	0.38, 0.40, 0.28, 0.52, 0.45, 0.41, 0.43, 0.43, 
[380]:	-0.17, 0.82, -0.91, 0.35, -0.65, -0.10, 1.53, -0.84, 
[381]:	0.83, -1.18, -2.09, -2.30, -4.31, -3.80, -0.38, 0.41, 
[382]:	0.06, -2.33, 0.69, -0.11, 4.41, -0.78, 1.77, 0.06, 
[383]:	1.52, -0.44, -5.31, -2.39, 3.36, -4.72, 1.09, 3.44, 
[384]:	-4.06, -2.91, -2.11, -3.80, -1.03, -3.28, -4.28, 1.47, 
[385]:	1.62, 1.70, 1.59, 1.77, 1.57, 1.59, 1.75, 1.53, 
[386]:	-2.28, -0.69, -0.52, -1.52, -1.14, -1.20, -1.66, -1.75, 
[387]:	-2.25, -1.83, -1.88, -1.60, -1.45, -1.80, -1.81, -1.59, 
[388]:	-1.63, -1.16, -0.96, -0.74, -1.41, -1.12, -1.00, -1.34, 
[389]:	-0.19, -1.65, -0.39, 0.05, 1.06, -0.16, -0.35, 0.50, 
[390]:	-1.38, -1.27, 1.23, -2.09, 3.36, -0.39, 0.10, 0.82, 
[391]:	0.34, -1.64, 1.19, 1.01, -0.29, 0.00, -0.43, 0.11, 
[392]:	-0.46, -0.54, -0.22, 0.05, -0.30, -0.31, 0.24, -0.14, 
[393]:	-0.06, 0.66, -0.46, -1.39, -1.09, -1.11, 0.45, 2.38, 
[394]:	-1.22, -0.17, 0.39, 2.45, 1.31, 2.12, -0.68, -1.33, 
[395]:	-0.38, 0.36, 0.20, -0.81, 0.13, 0.54, 0.50, 0.96, 
[396]:	-3.67, 0.67, 3.64, -1.85, -4.12, -0.02, -3.38, -2.08, 
[397]:	-0.16, -1.59, -0.57, 0.01, -1.38, -1.36, -0.45, -1.62, 
[398]:	0.27, -1.27, 0.69, 0.11, -0.59, -0.43, 0.03, 0.94, 
[399]:	-0.14, 0.49, 0.88, 0.82, -0.17, 1.06, 0.67, 0.14, 
[400]:	-0.09, -0.26, -0.41, -0.16, -0.17, -0.25, -0.26, -0.10, 
[401]:	1.54, -0.38, 0.59, -4.56, -4.16, 0.24, 0.23, -0.82, 
[402]:	2.22, 0.17, 0.46, 1.03, 0.91, 0.32, 2.75, 1.26, 
[403]:	1.81, 0.75, 0.15, 1.80, 0.70, 1.65, 1.91, 0.70, 
[404]:	-2.08, -2.08, -2.53, -2.70, -1.85, -1.89, -2.17, -1.44, 
[405]:	0.18, 0.19, 0.19, 0.18, 0.18, 0.19, 0.18, 0.18, 
[406]:	1.25, -1.96, -1.16, 1.30, -1.56, 1.32, 3.78, -0.89, 
[407]:	-0.59, -0.08, 0.15, -1.45, -2.41, -0.70, -0.18, 0.01, 
[408]:	-0.77, -0.84, -0.85, -0.81, -0.77, -0.90, -0.80, -0.77, 
[409]:	0.22, -1.43, 0.89, 0.21, -0.62, 0.80, 0.94, -0.22, 
[410]:	2.81, -3.81, -1.74, 1.92, -0.59, 1.17, -5.53, -1.24, 
[411]:	0.40, 0.26, 0.53, 0.25, 0.89, 0.64, 0.16, 0.37, 
[412]:	2.62, 0.88, 5.62, 3.70, 3.03, 8.19, 1.70, -0.12, 
[413]:	-1.91, -2.30, -0.30, -0.28, 0.82, -2.23, -1.01, 0.24, 
[414]:	0.89, 1.09, -2.11, 0.48, -1.88, 1.05, -0.06, -1.46, 
[415]:	1.25, -2.72, -0.24, 0.62, -2.61, -1.16, 1.89, -2.95, 
[416]:	1.95, 1.62, 2.25, -0.39, 3.66, 3.17, 2.30, -1.61, 
[417]:	0.43, 1.04, 2.16, 1.19, -0.03, 1.13, 0.47, -0.76, 
[418]:	-0.41, -0.65, 0.73, -0.54, 0.05, -0.13, -0.17, -0.21, 
[419]:	-0.79, 0.37, -1.79, 0.79, 0.10, 0.42, 0.80, -0.48, 
[420]:	-2.47, -0.43, 0.07, 0.27, -0.71, 1.03, -0.99, -0.61, 
[421]:	-2.31, -1.90, -0.99, -1.04, 1.46, -0.13, -1.16, 0.48, 
[422]:	0.71, 0.20, 0.96, 1.12, 1.27, 1.70, 1.59, 1.14, 
[423]:	2.16, 0.37, -0.07, -0.08, -0.59, 0.40, -0.57, 0.50, 
[424]:	2.55, 1.48, 1.27, 2.11, 0.77, 1.38, 6.28, 3.80, 
[425]:	4.75, -0.33, 0.52, 1.75, -1.07, 2.11, 0.56, 0.05, 
[426]:	0.60, -2.33, -0.33, -1.45, -1.24, -0.90, -0.80, -0.59, 
[427]:	2.78, -0.19, 1.51, 0.28, 3.03, 1.59, 3.17, 3.48, 
[428]:	-3.11, -2.59, -0.58, -2.59, 0.02, 1.55, 0.35, -0.15, 
[429]:	0.03, 0.21, -0.41, -0.17, 0.30, 0.12, -0.11, -0.13, 
[430]:	0.49, 0.82, -2.66, 3.22, -1.91, -4.47, -0.86, -2.69, 
[431]:	0.64, 0.39, 0.54, 0.42, 0.59, 0.53, 0.55, 0.41, 
[432]:	-0.14, 1.93, 1.66, 1.30, 0.21, 1.02, 1.33, 2.55, 
[433]:	0.37, 0.34, 0.59, 0.50, 0.23, 0.43, 0.57, 0.40, 
[434]:	0.24, -1.30, 0.73, 0.36, -0.82, 0.90, -0.46, -0.94, 
[435]:	-3.92, -1.30, 3.03, -4.16, 2.48, 4.00, 1.46, 3.23, 
[436]:	-2.23, -2.28, -1.48, -2.14, 0.02, -2.56, -3.11, -1.33, 
[437]:	-0.47, -0.79, -0.62, -0.50, -0.60, -0.44, -0.48, -0.44, 
[438]:	0.78, 0.19, -0.05, 0.49, 0.79, 0.62, 0.10, -0.21, 
[439]:	-0.42, -1.80, -0.68, -1.32, -0.07, -1.02, -2.16, 1.35, 
[440]:	-0.68, -0.73, -0.56, -0.61, -0.84, -1.28, 0.43, 0.57, 
[441]:	-1.65, -1.61, -1.64, -1.80, -1.48, -1.63, -1.67, -1.67, 
[442]:	-0.48, 1.68, 1.68, -2.17, -2.30, 1.98, -0.71, -1.35, 
[443]:	-1.38, 0.81, 3.41, -1.80, 3.03, 2.38, -1.25, -5.09, 
[444]:	1.61, 0.86, 0.10, 0.85, 2.33, 1.83, 1.92, -0.20, 
[445]:	-0.99, 1.00, -2.28, 2.22, 4.47, 2.06, 1.41, 1.59, 
[446]:	4.22, -0.45, 3.84, 1.53, 1.59, 2.75, 1.98, 3.73, 
[447]:	0.03, -0.15, 0.18, -0.58, -0.49, 0.00, -0.54, -0.73, 
[448]:	-0.98, -0.74, -1.01, -1.02, -0.88, -1.34, -0.92, -1.26, 
[449]:	1.51, 1.10, 1.17, 1.02, 0.60, 1.19, 0.63, 0.46, 
[450]:	0.45, 0.26, 0.82, -0.02, 0.33, 0.29, 0.64, 0.75, 
[451]:	-0.52, 0.56, -0.47, -0.72, 0.91, -0.37, 0.27, -0.14, 
[452]:	-0.34, 0.32, -0.92, 0.32, -0.94, -0.58, -0.41, -1.37, 
[453]:	3.67, 1.22, -1.29, 4.22, 0.65, 5.47, -4.06, -0.48, 
[454]:	0.60, -0.52, -1.80, -4.81, -0.66, -2.66, -2.14, 0.18, 
[455]:	4.16, 2.53, 3.03, -1.45, 2.88, -1.19, -4.41, -4.66, 
[456]:	0.34, 0.11, 0.48, 0.46, 0.38, 0.28, 0.02, 0.30, 
[457]:	1.73, 1.79, 1.67, 1.66, 1.73, 1.75, 1.77, 1.70, 
[458]:	-0.10, -0.55, -0.95, -0.23, -0.38, -0.61, -0.26, -0.98, 
[459]:	0.62, -1.15, 1.03, -1.16, 2.11, 3.17, 1.80, 2.41, 
[460]:	-1.12, -3.48, -4.69, 0.31, 2.42, 0.93, 2.06, -4.38, 
[461]:	1.52, -0.92, -1.34, -0.50, -0.22, 1.53, -2.19, -1.88, 
[462]:	-0.97, 0.63, -0.52, 1.27, -1.37, -2.70, -1.64, 0.32, 
[463]:	0.22, 0.25, 0.18, 0.49, 0.45, -0.07, 0.20, 0.24, 
[464]:	1.16, 1.23, 1.30, 1.16, 1.26, 0.25, 0.81, 1.08, 
[465]:	-1.06, -0.53, -0.74, -0.45, -1.16, -0.70, -0.46, -0.56, 
[466]:	-1.13, -0.30, -1.05, -0.44, -0.91, -0.79, -0.46, 0.68, 
[467]:	-1.62, -1.35, -1.73, -1.35, -1.36, -0.69, -1.18, -0.79, 
[468]:	0.32, 1.62, -0.08, 1.12, 1.31, 2.36, 2.58, 2.41, 
[469]:	0.08, 0.17, -0.03, -0.10, 0.17, 0.17, 0.01, 0.10, 
[470]:	1.48, 0.42, 3.11, 0.43, 3.97, 1.32, -0.84, -0.10, 
[471]:	1.66, 0.51, -1.66, 1.95, -1.30, -1.88, 0.87, 1.04, 
[472]:	-2.62, -5.22, -2.41, 1.39, -1.55, 1.77, 2.16, -0.51, 
[473]:	-0.48, 0.69, 0.75, 0.75, -1.34, 0.13, -0.70, -0.38, 
[474]:	1.91, 1.34, 0.80, 0.24, 0.20, 0.79, 1.07, 0.82, 
[475]:	5.47, -2.12, -1.95, 1.37, -0.64, -1.65, 1.50, 0.95, 
[476]:	0.97, 1.16, -2.38, -2.19, 1.20, 0.01, 0.07, -0.30, 
[477]:	-1.23, -0.04, 1.15, -0.96, -0.01, 0.16, 0.46, -0.46, 
[478]:	1.32, 1.87, 1.65, 1.08, 1.38, 1.51, 1.38, 1.70, 
[479]:	-0.93, -0.98, -1.75, 1.11, -0.87, -0.37, -0.29, 2.62, 
[480]:	-0.59, -0.55, -1.17, -1.26, -1.18, -1.92, -1.05, -0.45, 
[481]:	2.38, 1.96, 0.75, 0.99, 1.17, 2.53, -0.48, 1.05, 
[482]:	0.52, 0.57, 0.42, -0.16, 0.26, 0.33, 0.25, 0.58, 
[483]:	1.68, 1.66, 1.66, 1.72, 1.68, 1.71, 1.68, 1.69, 
[484]:	0.68, -0.61, 0.27, -0.03, 0.35, -0.67, -0.66, 0.30, 
[485]:	-1.17, 1.80, -0.12, 0.14, 0.82, 0.59, 0.33, -0.68, 
[486]:	-0.58, -0.54, -0.95, -0.91, -0.71, -0.47, -0.61, -0.73, 
[487]:	1.38, 2.23, 2.69, 1.89, 2.42, 1.72, 1.62, 1.80, 
[488]:	1.17, 0.70, 2.20, 0.87, 2.66, 2.33, 0.70, 3.86, 
[489]:	-0.28, -0.18, -0.29, -0.20, -0.31, -0.20, -0.20, -0.22, 
[490]:	1.11, -1.78, 0.58, 2.83, 2.67, -1.26, 1.30, 2.61, 
[491]:	8.25, -2.03, 2.77, -1.16, 1.43, 1.65, 0.60, 2.17, 
[492]:	0.33, 0.48, -0.05, -0.07, 0.59, 0.95, -0.01, 1.26, 
[493]:	-0.51, 0.67, -0.65, -0.60, -0.28, -0.83, 0.68, -0.17, 
[494]:	0.96, 2.27, -0.40, 5.38, 0.09, -0.30, 2.78, -0.64, 
[495]:	-4.16, -3.77, 2.14, 2.84, 0.21, 2.73, -0.53, 1.23, 
[496]:	-1.56, -1.56, -2.16, -1.91, -1.75, -1.81, -1.34, -1.59, 
[497]:	-0.83, -0.62, -1.43, -0.82, -1.45, -0.45, -0.98, -1.09, 
[498]:	-0.22, -2.11, -1.36, -0.07, -1.31, -1.38, -0.38, -2.17, 
[499]:	-0.90, -0.56, -0.44, -0.41, 1.23, 1.11, 0.95, -0.40, 
[500]:	0.58, -0.63, 0.75, -1.15, 0.31, 0.76, -0.97, -1.28, 
[501]:	0.05, -0.74, 0.36, -1.65, 1.23, -1.77, 0.96, -1.19, 
[502]:	-0.93, -1.44, -0.90, -1.87, -1.32, -1.02, -1.73, -1.51, 
[503]:	2.34, -1.57, -3.03, -0.36, -1.24, 1.97, -0.17, 1.52, 
[504]:	-2.16, -1.21, -1.68, -2.05, -1.27, -0.92, -1.66, -1.27, 
[505]:	-1.14, -1.10, -1.31, -1.01, -1.14, -1.17, -1.05, -1.25, 
[506]:	-0.41, 0.28, 0.51, -0.89, -1.05, -0.02, -1.80, 2.08, 
[507]:	-1.46, 0.23, -0.30, 0.22, -0.85, 0.25, -3.08, -7.31, 
[508]:	-0.81, -0.62, -0.41, 0.20, 0.49, -0.20, 0.06, -0.37, 
[509]:	4.41, 2.45, 1.50, 3.14, 3.50, 2.67, 2.66, 1.82, 
[510]:	-0.20, 0.38, 1.35, 1.20, 1.80, 1.88, 1.51, 1.52, 
[511]:	0.19, 0.29, 0.23, 0.19, 0.17, 0.31, 0.23, 0.37, 
[512]:	

[0]	
step =1024
8.69, 4.03, 2.58, -0.47, -4.59, -3.31, 1.29, 0.10, 
[0]	8.69, 4.03, 2.58, -0.47, -4.59, -3.31, 1.29, 0.10, 

[1]	-0.37, -3.41, -2.91, -6.00, -2.91, -5.66, 2.16, -3.11, 
[1]	-0.37, -3.41, -2.91, -6.00, -2.91, -5.66, 2.16, -3.11, 

[0]:	0.00, 0.00, 0.00, 0.00, 0.00, 0.00, 0.00, 0.00, 
[1]:	0.00, 0.00, 0.00, 0.00, 0.00, 0.00, 0.00, 0.00, 
[2]:	0.00, 0.00, 0.00, 0.00, 0.00, 0.00, 0.00, 0.00, 
[3]:	0.00, 0.00, 0.00, 0.00, 0.00, 0.00, 0.00, 0.00, 
[4]:	0.00, 0.00, 0.00, 0.00, 0.00, 0.00, 0.00, 0.00, 
[5]:	0.00, 0.00, 0.00, 0.00, 0.00, 0.00, 0.00, 0.00, 
[6]:	0.00, 0.00, 0.00, 0.00, 0.00, 0.00, 0.00, 0.00, 
[7]:	0.00, 0.00, 0.00, 0.00, 0.00, 0.00, 0.00, 0.00, 
[8]:	0.00, 0.00, 0.00, 0.00, 0.00, 0.00, 0.00, 0.00, 
[9]:	0.00, 0.00, 0.00, 0.00, 0.00, 0.00, 0.00, 0.00, 
[10]:	0.00, 0.00, 0.00, 0.00, 0.00, 0.00, 0.00, 0.00, 
[11]:	0.00, 0.00, 0.00, 0.00, 0.00, 0.00, 0.00, 0.00, 
[12]:	0.00, 0.00, 0.00, 0.00, 0.00, 0.00, 0.00, 0.00, 
[13]:	0.00, 0.00, 0.00, 0.00, 0.00, 0.00, 0.00, 0.00, 
[14]:	0.00, 0.00, 0.00, 0.00, 0.00, 0.00, 0.00, 0.00, 
[15]:	0.00, 0.00, 0.00, 0.00, 0.00, 0.00, 0.00, 0.00, 
[16]:	0.00, 0.00, 0.00, 0.00, 0.00, 0.00, 0.00, 0.00, 
[17]:	0.00, 0.00, 0.00, 0.00, 0.00, 0.00, 0.00, 0.00, 
[18]:	0.00, 0.00, 0.00, 0.00, 0.00, 0.00, 0.00, 0.00, 
[19]:	0.00, 0.00, 0.00, 0.00, 0.00, 0.00, 0.00, 0.00, 
[20]:	0.00, 0.00, 0.00, 0.00, 0.00, 0.00, 0.00, 0.00, 
[21]:	0.00, 0.00, 0.00, 0.00, 0.00, 0.00, 0.00, 0.00, 
[22]:	0.00, 0.00, 0.00, 0.00, 0.00, 0.00, 0.00, 0.00, 
[23]:	0.00, 0.00, 0.00, 0.00, 0.00, 0.00, 0.00, 0.00, 
[24]:	0.00, 0.00, 0.00, 0.00, 0.00, 0.00, 0.00, 0.00, 
[25]:	0.00, 0.00, 0.00, 0.00, 0.00, 0.00, 0.00, 0.00, 
[26]:	0.00, 0.00, 0.00, 0.00, 0.00, 0.00, 0.00, 0.00, 
[27]:	0.00, 0.00, 0.00, 0.00, 0.00, 0.00, 0.00, 0.00, 
[28]:	0.00, 0.00, 0.00, 0.00, 0.00, 0.00, 0.00, 0.00, 
[29]:	0.00, 0.00, 0.00, 0.00, 0.00, 0.00, 0.00, 0.00, 
[30]:	0.00, 0.00, 0.00, 0.00, 0.00, 0.00, 0.00, 0.00, 
[31]:	0.00, 0.00, 0.00, 0.00, 0.00, 0.00, 0.00, 0.00, 
[32]:	0.00, 0.00, 0.00, 0.00, 0.00, 0.00, 0.00, 0.00, 
[33]:	0.00, 0.00, 0.00, 0.00, 0.00, 0.00, 0.00, 0.00, 
[34]:	0.00, 0.00, 0.00, 0.00, 0.00, 0.00, 0.00, 0.00, 
[35]:	0.00, 0.00, 0.00, 0.00, 0.00, 0.00, 0.00, 0.00, 
[36]:	0.00, 0.00, 0.00, 0.00, 0.00, 0.00, 0.00, 0.00, 
[37]:	0.00, 0.00, 0.00, 0.00, 0.00, 0.00, 0.00, 0.00, 
[38]:	0.00, 0.00, 0.00, 0.00, 0.00, 0.00, 0.00, 0.00, 
[39]:	0.00, 0.00, 0.00, 0.00, 0.00, 0.00, 0.00, 0.00, 
[40]:	0.00, 0.00, 0.00, 0.00, 0.00, 0.00, 0.00, 0.00, 
[41]:	0.00, 0.00, 0.00, 0.00, 0.00, 0.00, 0.00, 0.00, 
[42]:	0.00, 0.00, 0.00, 0.00, 0.00, 0.00, 0.00, 0.00, 
[43]:	0.00, 0.00, 0.00, 0.00, 0.00, 0.00, 0.00, 0.00, 
[44]:	0.00, 0.00, 0.00, 0.00, 0.00, 0.00, 0.00, 0.00, 
[45]:	0.00, 0.00, 0.00, 0.00, 0.00, 0.00, 0.00, 0.00, 
[46]:	0.00, 0.00, 0.00, 0.00, 0.00, 0.00, 0.00, 0.00, 
[47]:	0.00, 0.00, 0.00, 0.00, 0.00, 0.00, 0.00, 0.00, 
[48]:	0.00, 0.00, 0.00, 0.00, 0.00, 0.00, 0.00, 0.00, 
[49]:	0.00, 0.00, 0.00, 0.00, 0.00, 0.00, 0.00, 0.00, 
[50]:	0.00, 0.00, 0.00, 0.00, 0.00, 0.00, 0.00, 0.00, 
[51]:	0.00, 0.00, 0.00, 0.00, 0.00, 0.00, 0.00, 0.00, 
[52]:	0.00, 0.00, 0.00, 0.00, 0.00, 0.00, 0.00, 0.00, 
[53]:	0.00, 0.00, 0.00, 0.00, 0.00, 0.00, 0.00, 0.00, 
[54]:	0.00, 0.00, 0.00, 0.00, 0.00, 0.00, 0.00, 0.00, 
[55]:	0.00, 0.00, 0.00, 0.00, 0.00, 0.00, 0.00, 0.00, 
[56]:	0.00, 0.00, 0.00, 0.00, 0.00, 0.00, 0.00, 0.00, 
[57]:	0.00, 0.00, 0.00, 0.00, 0.00, 0.00, 0.00, 0.00, 
[58]:	0.00, 0.00, 0.00, 0.00, 0.00, 0.00, 0.00, 0.00, 
[59]:	0.00, 0.00, 0.00, 0.00, 0.00, 0.00, 0.00, 0.00, 
[60]:	0.00, 0.00, 0.00, 0.00, 0.00, 0.00, 0.00, 0.00, 
[61]:	0.00, 0.00, 0.00, 0.00, 0.00, 0.00, 0.00, 0.00, 
[62]:	0.00, 0.00, 0.00, 0.00, 0.00, 0.00, 0.00, 0.00, 
[63]:	0.00, 0.00, 0.00, 0.00, 0.00, 0.00, 0.00, 0.00, 
[64]:	-1.92, -1.16, -1.95, -2.34, -1.45, 4.94, -0.73, 0.18, 
[65]:	-0.48, -1.34, -0.81, 0.29, -1.12, -1.80, -1.88, -0.38, 
[66]:	8.69, 4.03, 2.58, -0.47, -4.59, -3.31, 1.29, 0.10, 
[67]:	-0.37, -3.41, -2.91, -6.00, -2.91, -5.66, 2.16, -3.11, 
[68]:	-0.16, -1.03, 2.33, 0.29, 1.32, 1.88, 1.73, 0.59, 
[69]:	-1.57, -0.84, -1.16, -0.93, -0.68, -1.22, -1.18, -0.91, 
[70]:	1.52, -0.83, 0.18, -0.79, -1.70, -0.86, -0.92, -1.20, 
[71]:	-1.07, 0.86, -0.91, 2.19, 0.89, -5.78, -7.34, -3.97, 
[72]:	1.34, -0.57, 1.53, -0.94, 0.09, 2.39, 0.32, -0.14, 
[73]:	0.45, 2.08, -2.78, -0.24, -1.27, -0.05, -0.01, -2.02, 
[74]:	-0.41, 0.16, -1.31, 1.27, 0.13, 0.57, -0.44, -1.34, 
[75]:	-0.67, 2.28, 0.61, 1.52, 1.37, -2.98, -1.13, -1.98, 
[76]:	-0.26, -0.29, -0.13, -0.26, -0.29, -0.18, -0.35, -0.27, 
[77]:	-1.77, -0.35, -0.98, -0.95, -2.75, 0.46, -1.95, -1.10, 
[78]:	0.96, -1.23, -0.14, 1.72, 1.05, 0.48, 2.45, 0.61, 
[79]:	0.48, 1.45, 0.84, 1.14, 0.45, 1.38, 0.59, 1.05, 
[80]:	-2.59, -1.36, 0.68, -0.28, 0.35, 0.08, -0.38, -1.23, 
[81]:	-2.14, -1.54, -3.94, -1.10, -2.38, -2.77, -0.52, -0.07, 
[82]:	0.23, -1.04, -0.70, -1.83, 0.08, -2.47, -2.86, -1.16, 
[83]:	-0.26, 0.17, -0.59, 3.64, 0.17, -1.02, -0.81, 1.12, 
[84]:	-0.47, 4.81, 3.34, 1.30, 2.45, 5.12, 0.21, 4.56, 
[85]:	-0.53, 0.02, 1.57, 0.75, -0.84, 0.04, -0.94, -0.17, 
[86]:	-0.10, -5.09, 2.59, -0.75, -0.86, 1.40, -0.82, 0.24, 
[87]:	-1.92, 0.82, -0.47, -1.56, -1.09, -2.64, 0.04, 2.72, 
[88]:	-4.41, -0.01, 0.44, -5.53, 0.51, -4.44, -1.59, 0.86, 
[89]:	2.58, -0.01, 1.20, 0.68, 3.05, 1.32, 1.48, 2.03, 
[90]:	1.85, 1.79, 1.80, 1.80, 1.82, 1.80, 1.86, 1.83, 
[91]:	-1.53, 1.14, -0.56, 0.53, 0.10, 0.72, 0.77, 1.44, 
[92]:	0.10, -1.58, -1.13, -0.62, 0.00, -0.18, 0.63, -0.05, 
[93]:	-0.41, -0.26, -0.53, -0.12, -0.32, -0.06, -0.21, -0.25, 
[94]:	2.81, 5.47, -2.33, 1.55, -0.12, 4.03, -0.43, 6.41, 
[95]:	-2.31, -1.35, 0.44, -0.07, -0.66, 0.56, -1.05, 0.05, 
[96]:	1.11, 1.66, -0.25, -2.09, -0.89, 0.51, -2.69, -0.61, 
[97]:	-0.16, -0.17, -1.73, -1.36, -1.09, -0.51, -1.59, 0.12, 
[98]:	0.23, 1.50, -1.04, -1.81, -0.44, -0.12, -1.31, 1.41, 
[99]:	1.59, 2.36, 1.54, 0.53, 0.37, 3.34, -1.05, 1.36, 
[100]:	2.61, 3.33, 4.31, 2.27, -1.30, -3.00, -0.27, 0.55, 
[101]:	2.19, 1.02, 0.60, 1.93, 1.38, 1.98, 1.57, 1.37, 
[102]:	1.11, 1.09, 0.72, 1.05, 1.29, 1.18, 0.92, 1.12, 
[103]:	2.02, -2.03, -1.36, -2.78, 1.52, -3.28, -3.84, -2.41, 
[104]:	1.04, 1.12, 1.08, 1.09, 1.11, 1.10, 1.09, 1.03, 
[105]:	-3.64, -4.34, -2.91, -0.81, -3.12, -1.13, -2.19, -2.56, 
[106]:	-0.21, -0.95, -0.49, 1.72, -0.02, 1.26, 0.33, -0.62, 
[107]:	0.23, 0.26, 0.30, 0.28, 0.19, 0.18, 0.32, 0.24, 
[108]:	1.23, 2.52, 0.16, -3.22, -0.39, -3.84, -1.59, 2.86, 
[109]:	-1.14, -2.55, -0.72, -2.17, -2.12, -2.62, -1.66, -2.39, 
[110]:	0.75, 2.55, 0.11, 2.78, -0.90, -2.33, 0.78, -3.88, 
[111]:	-0.84, 1.38, 1.11, -0.00, 3.20, -1.45, 1.90, 1.52, 
[112]:	0.98, -0.20, -2.11, -3.58, -1.23, -0.78, 2.28, 0.69, 
[113]:	0.56, 0.67, 0.84, 0.41, 0.17, 0.38, 1.03, 0.48, 
[114]:	0.38, 1.07, 1.04, 3.36, -0.51, 1.16, 0.85, 2.52, 
[115]:	-0.84, 1.01, -2.94, 0.59, -1.30, 0.37, -4.97, 1.88, 
[116]:	-0.74, -2.91, -3.28, -0.63, -3.00, -2.11, -0.12, 0.64, 
[117]:	-1.02, 0.17, -1.12, -1.47, 2.75, -0.03, -3.58, 0.12, 
[118]:	-1.19, 0.48, 0.37, -0.85, 0.52, -0.36, 0.32, -0.68, 
[119]:	0.04, -0.16, 0.16, 0.18, 0.71, 0.09, -0.06, 0.13, 
[120]:	-1.33, -1.40, -2.12, 0.29, -3.52, -2.52, -4.31, 0.19, 
[121]:	4.66, -1.39, 3.33, 3.73, -1.30, -0.48, -0.85, -0.31, 
[122]:	-0.41, 0.49, -0.19, 0.40, -0.35, 0.30, 0.02, 1.33, 
[123]:	-0.35, 0.27, -2.92, 3.25, 1.41, 0.50, 1.00, 0.85, 
[124]:	0.15, 4.34, -3.02, 2.34, -1.92, 0.42, 7.38, -2.69, 
[125]:	1.26, -0.50, -1.30, -1.48, -3.23, -2.80, 0.20, 0.89, 
[126]:	1.05, 0.47, 1.20, 1.01, 2.11, 0.84, 1.46, 1.05, 
[127]:	0.08, 0.78, 2.52, 1.47, -0.58, 2.30, 0.23, -0.61, 
[128]:	2.02, 0.01, -1.38, 1.58, -3.25, 0.67, 2.41, -7.62, 
[129]:	1.09, -0.24, 1.80, -1.76, 2.20, 1.81, -1.33, 2.89, 
[130]:	-1.23, -0.14, -0.02, -0.70, -0.44, -0.48, -0.80, -0.86, 
[131]:	-3.59, -1.79, -2.02, -0.81, -0.17, -1.65, -1.73, -0.76, 
[132]:	-0.48, 0.27, 0.59, 0.94, -0.14, 0.34, 0.54, -0.02, 
[133]:	1.64, -0.40, 1.35, 1.97, 3.38, 1.68, 1.41, 2.59, 
[134]:	1.05, 1.08, 1.76, 0.86, 2.33, 1.32, 1.45, 1.65, 
[135]:	0.70, 2.47, -0.07, 0.10, 1.26, 1.00, 1.38, 0.90, 
[136]:	1.10, 0.71, 2.39, 3.78, 1.94, 1.88, 4.78, 2.80, 
[137]:	-2.02, -2.19, -1.91, -1.70, -1.77, -1.77, -2.14, -2.59, 
[138]:	-2.20, -0.95, -0.28, 2.19, 0.82, 1.79, -1.56, -2.33, 
[139]:	-0.03, 0.23, 0.18, -0.18, 0.15, 0.30, 0.29, 0.45, 
[140]:	1.15, 1.23, 1.28, 1.18, 1.14, 1.21, 1.16, 1.18, 
[141]:	-0.67, 1.92, 0.07, -0.98, 1.55, 1.51, -0.14, 1.97, 
[142]:	1.33, -1.56, 2.11, 1.04, -0.29, 0.02, 0.89, 2.59, 
[143]:	-0.43, -0.32, -0.25, -0.26, -0.43, -0.22, -0.29, -0.38, 
[144]:	-1.21, -0.04, 1.09, -0.73, -0.63, -0.08, 0.02, -1.14, 
[145]:	-1.14, -1.09, -1.11, -0.96, -0.97, -1.10, -1.10, -1.07, 
[146]:	-9.06, 0.80, -0.61, -3.33, -2.75, 0.06, -11.50, -4.41, 
[147]:	1.43, 1.10, 0.92, 1.43, 1.09, 1.38, 1.46, 1.09, 
[148]:	-0.93, -0.95, -2.75, -3.41, -0.03, -0.19, -1.30, 1.61, 
[149]:	0.53, -0.11, -0.28, 0.57, 0.26, -0.10, 0.61, 0.63, 
[150]:	-0.39, 0.46, 0.25, -0.40, 0.35, -0.40, -1.05, 0.18, 
[151]:	1.98, 2.86, 3.27, 0.46, -1.20, 1.78, 2.69, 3.03, 
[152]:	-1.29, -0.57, -0.44, -0.83, -1.31, 0.06, -0.96, -1.25, 
[153]:	-0.48, -1.00, -0.27, -0.48, -0.74, -0.29, -0.25, -0.62, 
[154]:	-0.87, 2.58, 1.49, -0.41, 0.90, -0.02, 3.47, 1.23, 
[155]:	-0.84, -1.30, -0.41, -1.33, 0.76, -0.06, -1.65, -0.94, 
[156]:	-0.14, -0.32, 0.15, -0.04, -0.10, 0.41, -0.24, -0.42, 
[157]:	-2.38, -2.55, -1.66, -1.65, -1.17, -2.52, -1.98, -1.42, 
[158]:	2.64, 2.95, -2.38, 1.94, -1.97, 2.88, 1.05, -1.29, 
[159]:	3.77, -2.27, 1.49, 2.80, -2.12, 0.09, 4.72, -2.64, 
[160]:	0.59, 0.44, 0.74, -0.55, 1.44, 1.20, 0.77, -1.15, 
[161]:	-2.17, -0.83, 1.65, -0.49, -3.17, -0.61, -2.06, -4.78, 
[162]:	1.16, 0.28, 5.50, 0.69, 2.92, 2.23, 2.08, 1.92, 
[163]:	0.01, 0.46, -0.39, 0.63, 0.36, 0.49, 0.64, 0.13, 
[164]:	-1.50, -1.60, -1.62, -1.64, -1.59, -1.68, -1.58, -1.59, 
[165]:	5.12, 4.09, 1.82, 1.94, -4.28, -0.32, 2.27, -1.84, 
[166]:	-1.35, -1.59, -1.23, -1.16, -1.09, -0.89, -0.94, -1.15, 
[167]:	-0.82, 1.10, 1.58, 1.59, 2.14, 1.07, 2.12, 0.96, 
[168]:	0.93, -0.55, -0.84, 0.32, -1.55, -0.70, 6.16, 2.66, 
[169]:	-1.01, -0.39, -0.49, -0.64, -0.29, -0.68, -0.49, -0.43, 
[170]:	-1.20, 3.38, 0.24, 2.00, 1.68, 1.14, 0.99, 0.66, 
[171]:	2.23, 1.50, 1.91, 1.62, 2.30, 1.94, 2.33, 2.41, 
[172]:	-1.02, -1.12, -1.50, -1.12, -1.62, -1.91, -1.68, -1.58, 
[173]:	-1.20, -2.50, 1.98, 0.29, -3.20, -1.87, -0.15, -0.02, 
[174]:	-0.54, -0.36, -2.23, 0.93, -1.84, -3.22, -1.27, -2.25, 
[175]:	1.41, -3.22, -0.47, -2.67, 0.33, -0.72, -0.39, -2.91, 
[176]:	0.09, -2.86, -2.47, -1.95, -0.41, -1.56, -2.00, -3.73, 
[177]:	-0.58, -0.66, -0.08, -0.29, -0.90, -0.46, -0.13, -0.52, 
[178]:	0.96, -1.78, 1.83, 1.18, -0.93, 2.12, -0.29, -1.13, 
[179]:	-0.90, -0.40, 0.43, -0.95, 0.33, 0.62, 0.13, 0.47, 
[180]:	-1.48, -1.47, -1.80, -1.52, -2.44, -1.34, -1.12, -1.87, 
[181]:	-0.46, -4.16, -2.12, -0.87, -1.91, -0.14, -0.63, -0.17, 
[182]:	-1.01, -1.21, -1.30, -1.10, -1.00, -1.06, -1.24, -1.35, 
[183]:	0.91, 4.47, 1.57, 3.22, 0.01, 2.44, 5.34, -3.64, 
[184]:	-0.23, -0.23, -0.24, -0.23, -0.22, -0.18, -0.31, -0.33, 
[185]:	1.75, 0.79, 1.66, 5.38, -2.02, 1.48, 2.45, 2.38, 
[186]:	0.00, -1.65, -1.65, 1.30, 1.40, -1.88, 0.18, 0.67, 
[187]:	-0.36, -0.30, -0.23, -0.37, -0.24, -0.26, -0.35, -0.45, 
[188]:	-2.23, -0.95, 0.34, -0.93, -3.45, -2.61, -2.77, 0.86, 
[189]:	-0.13, 2.67, -1.96, 4.38, 7.56, 4.16, 3.23, 3.52, 
[190]:	2.81, -2.77, 2.38, -0.41, -0.34, 1.05, 0.13, 2.23, 
[191]:	0.09, 0.22, -0.01, 0.52, 0.46, 0.11, 0.49, 0.62, 
[192]:	-2.05, -4.12, -1.88, -1.71, -2.95, 1.00, -2.59, 0.25, 
[193]:	1.26, 0.41, 0.56, 0.24, -0.65, 0.59, -0.58, -0.93, 
[194]:	-0.44, -0.30, -0.69, -0.11, -0.35, -0.33, -0.57, -0.65, 
[195]:	2.11, -0.95, 1.98, 2.69, -1.95, 1.70, -0.14, 1.03, 
[196]:	-1.10, -1.09, -1.11, -1.09, -1.11, -1.10, -1.10, -1.12, 
[197]:	-1.60, 0.09, 1.83, -1.98, 0.49, -2.84, 3.77, 1.27, 
[198]:	-0.98, -0.51, 0.03, 1.29, -0.45, 0.39, 0.18, -0.80, 
[199]:	-5.25, -3.31, -3.89, 1.44, -3.72, 1.12, 4.97, 5.28, 
[200]:	-0.01, 0.83, -0.54, -0.48, -0.19, 0.19, 1.17, 0.11, 
[201]:	0.30, -1.12, 1.98, 2.05, 0.46, -0.15, -0.77, 1.16, 
[202]:	4.94, 1.54, -1.39, 4.03, 2.81, 1.14, 3.78, -1.70, 
[203]:	-0.88, 0.78, -1.27, 0.80, -2.27, -3.27, -1.98, -2.56, 
[204]:	1.18, 2.12, 2.59, 0.62, -0.22, 0.37, -0.08, 2.47, 
[205]:	2.44, 1.00, 0.75, 1.25, 1.41, 2.45, 0.24, 0.43, 
[206]:	0.91, -0.58, 0.49, -1.17, 1.28, 2.52, 1.54, -0.29, 
[207]:	0.35, 0.12, 0.69, -1.80, -1.44, 2.70, 0.54, 0.17, 
[208]:	0.47, -0.02, -0.52, 0.52, -0.23, 7.25, 3.06, 1.08, 
[209]:	-0.04, -1.27, -0.78, -1.46, 0.17, -0.89, -1.43, -1.20, 
[210]:	-2.41, -0.54, -2.22, -0.86, -1.92, -1.64, -0.90, 1.66, 
[211]:	1.63, 1.12, 1.81, 1.13, 1.14, -0.06, 0.82, 0.11, 
[212]:	-0.42, 1.61, -1.04, 0.82, 1.13, 2.75, 3.09, 2.84, 
[213]:	-0.33, 1.80, -2.83, -4.44, 1.79, 1.77, -1.88, 0.18, 
[214]:	1.96, 0.03, 4.94, 0.06, 6.47, 1.66, -2.25, -0.91, 
[215]:	1.89, 1.08, -0.44, 2.08, -0.19, -0.59, 1.34, 1.45, 
[216]:	3.42, 5.22, 3.28, 0.68, 2.69, 0.42, 0.16, 1.98, 
[217]:	0.30, 1.60, 1.67, 1.67, -0.68, 0.98, 0.06, 0.41, 
[218]:	-2.59, -1.42, -0.28, 0.89, 0.99, -0.27, -0.84, -0.32, 
[219]:	-0.80, 2.02, 1.95, 0.72, 1.47, 1.84, 0.67, 0.88, 
[220]:	-1.80, -1.84, -1.13, -1.17, -1.85, -1.61, -1.62, -1.55, 
[221]:	0.61, 0.56, 0.52, 0.60, 0.56, 0.55, 0.54, 0.58, 
[222]:	-0.27, 2.28, 1.26, -1.40, -0.03, 0.62, 0.01, 1.50, 
[223]:	-1.39, -1.47, -2.50, 1.30, -1.32, -0.66, -0.55, 3.33, 
[224]:	0.04, 0.01, 0.42, 0.48, 0.42, 0.91, 0.35, -0.05, 
[225]:	-1.38, -0.77, 0.97, 0.62, 0.36, -1.59, 2.73, 0.54, 
[226]:	-1.21, -1.33, -1.02, 0.24, -0.66, -0.81, -0.64, -1.35, 
[227]:	-0.74, -0.56, -0.48, -1.08, -0.69, -1.05, -0.69, -0.81, 
[228]:	0.55, 0.52, 0.54, 0.53, 0.54, 0.51, 0.51, 0.54, 
[229]:	0.88, -1.66, -0.02, -0.24, -0.82, -0.63, -0.40, 0.46, 
[230]:	2.11, 2.83, -4.69, -4.00, -0.32, 4.22, 1.57, -0.60, 
[231]:	-2.72, 2.03, 4.53, 0.10, 3.00, -0.85, -1.41, -0.43, 
[232]:	-3.56, -3.97, -2.69, -3.83, -2.30, -2.58, -3.97, -1.27, 
[233]:	-2.11, -0.55, -2.22, -0.83, -2.50, -0.89, -0.84, -1.19, 
[234]:	0.29, -1.52, -0.05, 1.36, 1.27, -1.19, 0.40, 1.22, 
[235]:	3.05, -0.40, 1.21, -0.10, 0.77, 0.84, 0.49, 1.02, 
[236]:	1.21, 1.20, 1.24, 1.25, 1.19, 1.16, 1.24, 1.13, 
[237]:	-0.12, 3.16, -0.53, -0.37, 0.51, -1.02, 3.19, 0.82, 
[238]:	1.30, -0.10, 2.77, -3.44, 2.23, 2.66, -0.66, 3.02, 
[239]:	6.31, 5.78, -2.42, -3.41, 0.24, -3.27, 1.27, -1.16, 
[240]:	-0.09, -0.09, 0.17, 0.06, -0.01, 0.02, -0.18, -0.07, 
[241]:	1.95, 3.78, -3.44, 2.02, -3.61, 5.38, 0.59, -0.45, 
[242]:	-1.00, 3.17, 1.52, -1.34, 1.43, 1.59, -0.63, 3.34, 
[243]:	0.22, 0.36, 0.41, 0.42, 1.09, 1.05, 0.98, 0.42, 
[244]:	-1.73, 0.08, -1.98, 0.86, -1.32, -2.00, 0.59, 1.06, 
[245]:	0.88, 0.70, 0.96, 0.48, 1.16, 0.45, 1.10, 0.59, 
[246]:	0.57, 1.65, 0.50, 2.56, 1.40, 0.77, 2.28, 1.80, 
[247]:	0.45, -0.79, -1.25, -0.40, -0.68, 0.34, -0.34, 0.19, 
[248]:	-1.67, 1.53, -0.07, -1.30, 1.32, 2.53, -0.01, 1.34, 
[249]:	-0.19, -0.77, 1.93, -1.90, -0.19, 0.22, -1.34, 1.17, 
[250]:	0.32, 0.61, 0.71, 0.11, 0.05, 0.48, -0.27, 1.37, 
[251]:	-1.48, 0.01, -0.46, 0.00, -0.94, 0.03, -2.89, -6.59, 
[252]:	-1.12, -1.00, -0.88, -0.51, -0.34, -0.75, -0.59, -0.85, 
[253]:	1.91, 0.24, -0.57, 0.81, 1.13, 0.42, 0.41, -0.30, 
[254]:	1.14, 0.81, 0.26, 0.35, 0.00, -0.04, 0.17, 0.16, 
[255]:	0.82, 1.45, 1.09, 0.82, 0.68, 1.58, 1.09, 1.99, 
[256]:	-0.78, 0.32, -1.47, -0.07, -0.97, -1.02, -1.27, -1.42, 
[257]:	0.22, -5.56, -1.27, -2.42, -2.80, -0.69, -2.52, 1.88, 
[258]:	-1.82, -0.06, 2.31, -1.64, -2.38, 2.48, -1.84, 0.14, 
[259]:	1.28, 1.33, 0.25, -2.50, -1.12, -0.93, -0.89, -0.80, 
[260]:	0.07, 0.06, 0.52, 0.20, 0.14, 0.62, 0.65, 0.69, 
[261]:	0.61, 2.47, 2.58, 2.23, 2.80, 0.06, 0.61, 2.06, 
[262]:	2.00, 1.34, 1.52, 0.17, 1.78, 0.83, -1.73, 0.79, 
[263]:	1.38, 0.38, 2.59, 1.09, 2.72, 1.02, -0.41, 0.88, 
[264]:	1.59, 2.11, 0.43, -0.88, -5.19, 0.33, 0.18, 1.30, 
[265]:	-1.29, 0.17, 0.53, -3.14, -0.71, 4.88, 2.56, 2.34, 
[266]:	4.25, 1.35, -3.27, -2.36, -1.42, 1.12, -0.08, -0.70, 
[267]:	0.56, -2.81, -0.12, 0.91, -1.79, 0.24, -0.27, -0.44, 
[268]:	-1.01, 0.62, -0.17, 1.02, -2.17, 0.07, 0.66, -2.94, 
[269]:	-1.45, -1.79, -1.76, -2.08, 0.19, -0.75, -2.48, -0.31, 
[270]:	1.02, -0.79, -1.14, -0.15, -1.52, -1.91, 1.23, -1.73, 
[271]:	0.36, 1.53, 0.75, 1.27, 0.29, 0.11, -0.14, -0.19, 
[272]:	1.55, 3.23, 3.69, 0.87, -0.23, 0.62, -0.69, -0.82, 
[273]:	-2.16, -1.10, -0.66, 0.16, -0.04, 0.54, -0.19, -0.26, 
[274]:	-0.32, 0.40, 0.28, 1.16, 0.01, 2.16, -0.01, 1.73, 
[275]:	-3.53, -2.75, -2.64, -1.73, -1.84, -2.75, -2.62, -1.54, 
[276]:	1.23, 1.19, 1.24, 1.12, 1.16, 1.20, 1.15, 1.19, 
[277]:	-2.16, -0.44, 0.27, 0.21, -1.28, -1.42, -2.78, 0.30, 
[278]:	-0.24, 0.30, 0.07, -0.59, -0.29, -2.09, -0.13, -1.25, 
[279]:	2.02, 0.78, -0.91, 0.09, -0.95, -0.24, -0.51, 0.37, 
[280]:	0.83, 0.89, 0.85, 0.36, 0.86, 0.45, 0.62, 0.85, 
[281]:	-1.91, -0.68, 3.55, 0.62, 1.32, -1.10, -0.16, -3.20, 
[282]:	-1.64, -0.80, -2.08, -2.00, -0.58, -1.42, 0.44, -1.52, 
[283]:	-2.16, -0.90, -0.75, 0.57, -1.20, -0.10, -0.37, -1.45, 
[284]:	0.10, 0.35, 0.53, 0.57, 0.73, 0.03, 0.80, -0.10, 
[285]:	-0.33, -0.23, -0.22, -0.13, -0.26, 0.03, -0.35, -0.49, 
[286]:	1.06, 0.03, 0.26, -0.24, 1.67, 0.27, 0.20, -1.07, 
[287]:	1.58, 0.99, 0.10, 2.61, 0.67, 2.38, 2.00, 1.62, 
[288]:	-0.59, -0.20, -0.48, -0.46, -0.37, -0.34, -0.44, -0.50, 
[289]:	0.50, 0.70, 0.92, 0.00, 0.82, 0.38, 0.02, 1.09, 
[290]:	1.51, 2.19, 2.17, 1.98, 1.69, 1.55, 1.79, 1.84, 
[291]:	-2.81, 2.70, -1.91, 1.34, -2.30, -0.52, 0.29, 0.77, 
[292]:	2.70, -0.13, 2.05, 1.58, 1.73, 1.49, 1.28, 0.84, 
[293]:	-0.37, -6.19, -1.41, -4.09, -0.59, -3.03, -4.94, 0.16, 
[294]:	-0.71, 0.91, 0.14, 1.00, 1.36, 0.04, 0.76, 4.72, 
[295]:	-0.01, -0.08, -0.19, 0.84, 0.11, 0.59, 0.46, 1.25, 
[296]:	0.16, 0.63, 0.51, 0.20, 0.93, 0.76, 0.52, 0.39, 
[297]:	0.41, -0.02, 1.59, 1.42, 0.60, 0.47, 0.52, 0.38, 
[298]:	-1.20, 4.28, -2.30, 2.23, 0.82, 1.12, 3.53, 1.56, 
[299]:	-1.11, -1.30, -0.89, -0.83, -0.88, -1.70, -0.71, -0.91, 
[300]:	2.33, 1.31, 1.60, -0.13, 2.06, 0.88, 0.84, 2.34, 
[301]:	0.21, 0.64, 0.47, 0.66, 0.51, 0.91, 0.98, 0.19, 
[302]:	0.84, -1.45, -1.71, 0.96, -0.24, -2.52, -1.04, -2.12, 
[303]:	-2.91, 1.66, -2.47, 1.65, 0.55, 1.09, -0.70, 0.01, 
[304]:	-0.17, -0.01, 0.91, 0.02, 0.58, 0.64, -0.49, 1.12, 
[305]:	-0.86, -0.26, 0.19, -0.88, 0.00, 0.31, -0.14, -1.09, 
[306]:	-0.82, -0.96, -0.63, -0.94, -0.44, -0.57, -0.54, -0.73, 
[307]:	-1.67, -3.41, -0.24, -4.22, -0.41, -6.50, -3.94, -2.44, 
[308]:	-1.77, 1.45, -1.16, -2.31, -1.28, 0.24, -1.43, -0.29, 
[309]:	0.86, -0.27, 0.18, 0.71, 0.41, 0.26, 0.09, 0.20, 
[310]:	-0.51, -0.66, -0.41, 1.12, -1.24, 1.05, -0.14, -0.83, 
[311]:	-1.16, -1.16, -1.32, -1.19, -1.29, -1.12, -1.36, -1.44, 
[312]:	-1.30, -0.80, -1.55, -0.73, -0.84, -0.61, -0.64, -1.46, 
[313]:	-0.43, 0.38, 2.47, 2.69, -1.67, -1.98, 2.08, -0.59, 
[314]:	-0.16, 0.13, -1.47, 0.15, 0.76, -0.08, 0.59, -0.89, 
[315]:	-0.78, -0.21, -0.32, 0.06, -0.95, -0.37, -0.70, -0.38, 
[316]:	0.25, 0.70, 1.47, 0.12, 0.66, 1.38, 0.55, -0.30, 
[317]:	0.34, 0.36, 0.39, 0.38, 0.36, 0.38, 0.37, 0.40, 
[318]:	-1.55, -1.14, -1.11, -0.67, -1.65, -1.30, -1.24, -0.40, 
[319]:	2.69, 1.16, 0.45, -4.50, 1.96, -3.58, 1.90, -3.16, 
[320]:	-0.23, 0.16, -0.25, -0.45, 0.01, 3.27, 0.37, 0.84, 
[321]:	-1.05, -1.23, -1.12, -0.88, -1.19, -1.34, -1.36, -1.02, 
[322]:	-3.17, -0.82, -0.08, 1.46, 3.55, 2.91, 0.57, 1.18, 
[323]:	1.71, 2.80, 2.62, 3.72, 2.61, 3.59, 0.81, 2.69, 
[324]:	-1.02, -2.09, 2.02, -0.47, 0.78, 1.48, 1.28, -0.11, 
[325]:	0.60, 0.76, 0.69, 0.74, 0.79, 0.68, 0.69, 0.74, 
[326]:	1.95, 0.26, 0.98, 0.29, -0.36, 0.23, 0.19, -0.01, 
[327]:	0.12, 1.26, 0.22, 2.05, 1.28, -2.64, -3.58, -1.59, 
[328]:	-0.40, -0.19, -0.43, -0.15, -0.26, -0.52, -0.29, -0.24, 
[329]:	-1.00, -2.59, 2.17, -0.33, 0.68, -0.52, -0.55, 1.41, 
[330]:	-1.09, -2.05, 0.43, -3.95, -2.00, -2.75, -1.04, 0.48, 
[331]:	-0.83, -1.66, -1.19, -1.45, -1.40, -0.18, -0.70, -0.46, 
[332]:	-0.00, 0.07, -0.40, -0.01, 0.10, -0.25, 0.27, 0.03, 
[333]:	-0.81, -1.05, -0.94, -0.95, -0.65, -1.18, -0.79, -0.92, 
[334]:	1.09, 0.15, 0.62, 1.41, 1.13, 0.89, 1.73, 0.94, 
[335]:	-1.12, 3.89, 0.76, 2.30, -1.31, 3.52, -0.57, 1.83, 
[336]:	2.64, 2.14, 1.34, 1.71, 1.47, 1.58, 1.76, 2.09, 
[337]:	1.53, 1.04, 3.00, 0.68, 1.72, 2.05, 0.21, -0.16, 
[338]:	-0.11, 0.35, 0.23, 0.64, -0.06, 0.87, 1.02, 0.39, 
[339]:	1.07, 0.71, 1.36, -2.22, 0.71, 1.71, 1.54, -0.09, 
[340]:	0.03, 0.42, 0.31, 0.16, 0.25, 0.45, 0.08, 0.40, 
[341]:	-0.73, -0.09, 1.72, 0.76, -1.09, -0.07, -1.21, -0.31, 
[342]:	-2.19, 5.06, -6.09, -1.24, -1.08, -4.34, -1.15, -2.67, 
[343]:	-0.16, 1.85, 0.91, 0.10, 0.45, -0.68, 1.28, 3.23, 
[344]:	-0.66, 0.08, 0.15, -0.85, 0.16, -0.67, -0.19, 0.22, 
[345]:	1.51, -2.20, -0.48, -1.22, 2.17, -0.31, -0.08, 0.72, 
[346]:	-0.62, -0.22, -0.31, -0.31, -0.41, -0.26, -0.65, -0.44, 
[347]:	-2.28, -0.34, -1.58, -0.78, -1.10, -0.64, -0.61, -0.12, 
[348]:	2.94, -1.89, -0.60, 0.87, 2.66, 2.14, 4.47, 2.50, 
[349]:	0.95, -1.02, 2.39, -2.75, -0.22, -3.58, -1.65, -1.16, 
[350]:	2.48, 4.31, -1.09, 1.61, 0.45, 3.31, 0.23, 4.97, 
[351]:	-0.65, -0.31, 0.32, 0.14, -0.07, 0.37, -0.20, 0.18, 
[352]:	-0.91, -1.36, 0.17, 1.63, 0.67, -0.44, 2.11, 0.45, 
[353]:	-0.07, -0.08, -0.46, -0.37, -0.31, -0.16, -0.43, -0.00, 
[354]:	-0.14, -1.30, 1.02, 1.73, 0.48, 0.18, 1.27, -1.22, 
[355]:	1.59, 3.78, 1.42, -1.45, -1.89, 6.56, -5.94, 0.92, 
[356]:	-0.01, -0.12, -0.27, 0.04, 0.57, 0.82, 0.41, 0.29, 
[357]:	4.06, -2.70, -5.09, 2.58, -0.63, 2.83, 0.50, -0.66, 
[358]:	0.31, 0.06, -3.66, -0.28, 2.17, 1.07, -1.62, 0.42, 
[359]:	2.38, 3.08, 2.95, 3.20, 2.45, 3.30, 3.39, 3.14, 
[360]:	0.95, -1.86, -0.44, -0.91, -1.68, -1.44, -1.22, 1.33, 
[361]:	-1.74, -2.66, -0.78, 1.97, -1.08, 1.54, 0.17, -0.33, 
[362]:	-1.38, -0.46, -1.03, -3.80, -1.62, -3.20, -2.05, -0.87, 
[363]:	1.47, 1.70, 2.03, 1.91, 1.13, 0.99, 2.20, 1.49, 
[364]:	-0.42, 0.75, -1.39, -4.47, -1.90, -5.03, -3.00, 1.07, 
[365]:	0.77, -0.74, 1.22, -0.35, -0.30, -0.84, 0.21, -0.57, 
[366]:	-1.30, -2.53, -0.86, -2.70, -0.16, 0.83, -1.32, 1.90, 
[367]:	-1.60, -2.98, -2.81, -2.12, -4.12, -1.23, -3.31, -3.08, 
[368]:	1.50, 1.09, 0.41, -0.11, 0.71, 0.88, 1.96, 1.40, 
[369]:	-0.61, -0.73, -0.91, -0.45, -0.20, -0.41, -1.12, -0.52, 
[370]:	1.82, 1.14, 1.18, -1.09, 2.69, 1.06, 1.37, -0.27, 
[371]:	-0.59, 0.18, -1.48, 0.01, -0.79, -0.09, -2.33, 0.55, 
[372]:	-0.68, -0.91, -0.95, -0.67, -0.92, -0.83, -0.62, -0.54, 
[373]:	-0.16, 0.83, -0.25, -0.55, 2.97, 0.66, -2.31, 0.79, 
[374]:	-1.12, 1.23, 1.06, -0.65, 1.28, 0.04, 1.00, -0.41, 
[375]:	0.10, 1.12, -0.50, -0.65, -3.42, -0.15, 0.61, -0.38, 
[376]:	0.77, 0.66, -0.44, 3.25, -2.56, -1.04, -3.81, 3.09, 
[377]:	6.47, -3.59, 4.25, 4.94, -3.44, -2.09, -2.70, -1.80, 
[378]:	1.12, -1.80, 0.40, -1.48, 0.93, -1.19, -0.26, -4.50, 
[379]:	-0.06, -0.24, 0.68, -1.09, -0.56, -0.30, -0.45, -0.40, 
[380]:	1.37, 1.43, 1.32, 1.40, 1.34, 1.37, 1.48, 1.32, 
[381]:	3.23, 0.12, -1.30, -1.62, -4.72, -3.95, 1.35, 2.58, 
[382]:	-1.66, -1.59, -1.68, -1.66, -1.79, -1.63, -1.71, -1.66, 
[383]:	1.14, 1.27, 1.59, 1.40, 1.02, 1.55, 1.17, 1.02, 
[384]:	-1.94, -0.03, 1.28, -1.52, 3.05, -0.66, -2.30, 7.19, 
[385]:	-1.06, -2.94, -0.06, -5.06, 0.50, -0.05, -4.47, 1.48, 
[386]:	-2.97, 1.17, 1.62, -0.98, 0.01, -0.14, -1.36, -1.57, 
[387]:	-6.00, -3.17, -3.53, -1.66, -0.65, -2.97, -3.08, -1.57, 
[388]:	3.48, 0.29, -1.07, -2.55, 2.05, 0.00, -0.82, 1.52, 
[389]:	-0.50, -1.01, -0.57, -0.42, -0.07, -0.49, -0.55, -0.26, 
[390]:	0.11, 0.21, 2.22, -0.45, 3.91, 0.91, 1.30, 1.88, 
[391]:	-0.25, -0.83, 0.00, -0.05, -0.43, -0.35, -0.47, -0.31, 
[392]:	0.15, 0.25, -0.16, -0.49, -0.05, -0.03, -0.73, -0.25, 
[393]:	2.86, 3.27, 2.62, 2.09, 2.27, 2.25, 3.14, 4.25, 
[394]:	-0.74, -1.16, -1.38, -2.20, -1.75, -2.08, -0.95, -0.69, 
[395]:	0.38, -0.36, -0.21, 0.80, -0.13, -0.54, -0.51, -0.96, 
[396]:	-1.17, 0.06, 0.89, -0.66, -1.30, -0.14, -1.09, -0.72, 
[397]:	-1.66, 1.09, -0.88, -1.98, 0.69, 0.66, -1.09, 1.14, 
[398]:	-2.06, -2.25, -2.02, -2.09, -2.17, -2.16, -2.09, -1.99, 
[399]:	-0.34, -0.99, -1.39, -1.33, -0.31, -1.59, -1.18, -0.62, 
[400]:	2.73, 2.41, 2.09, 2.61, 2.58, 2.42, 2.39, 2.72, 
[401]:	-1.66, -0.88, -1.27, 0.85, 0.68, -1.13, -1.12, -0.70, 
[402]:	-1.81, 0.60, 0.25, -0.42, -0.27, 0.42, -2.42, -0.68, 
[403]:	3.33, -1.45, -4.16, 3.31, -1.65, 2.61, 3.77, -1.67, 
[404]:	2.22, 2.25, 4.34, 5.09, 1.18, 1.37, 2.64, -0.72, 
[405]:	2.05, 1.87, 1.82, 2.06, 1.97, 1.87, 2.08, 2.08, 
[406]:	-2.33, -0.31, -0.81, -2.36, -0.56, -2.38, -3.92, -0.98, 
[407]:	0.14, 0.93, 1.29, -1.19, -2.66, -0.02, 0.78, 1.07, 
[408]:	-0.73, 0.79, 1.05, 0.24, -0.77, 2.11, -0.03, -0.65, 
[409]:	1.40, 1.27, 1.45, 1.40, 1.33, 1.44, 1.45, 1.36, 
[410]:	-0.88, -1.60, -1.38, -0.98, -1.25, -1.06, -1.79, -1.32, 
[411]:	0.22, -0.15, 0.57, -0.17, 1.51, 0.85, -0.43, 0.14, 
[412]:	-1.02, -0.12, -2.56, -1.58, -1.23, -3.86, -0.54, 0.40, 
[413]:	-0.66, -1.03, 0.89, 0.92, 1.98, -0.97, 0.22, 1.42, 
[414]:	1.13, 1.26, -0.85, 0.86, -0.69, 1.23, 0.50, -0.42, 
[415]:	1.99, -1.45, 0.70, 1.45, -1.38, -0.11, 2.55, -1.67, 
[416]:	1.67, 1.47, 1.86, 0.18, 2.77, 2.45, 1.90, -0.60, 
[417]:	-0.07, 0.75, 2.27, 0.96, -0.68, 0.89, -0.00, -1.67, 
[418]:	1.55, 1.70, 0.82, 1.63, 1.26, 1.38, 1.41, 1.43, 
[419]:	0.15, 0.09, 0.21, 0.07, 0.11, 0.09, 0.07, 0.14, 
[420]:	1.12, 0.29, 0.09, 0.01, 0.40, -0.30, 0.52, 0.36, 
[421]:	-0.49, -0.37, -0.11, -0.13, 0.59, 0.13, -0.17, 0.31, 
[422]:	-1.50, -3.38, -0.58, 0.02, 0.55, 2.12, 1.70, 0.08, 
[423]:	0.43, 1.09, 1.25, 1.25, 1.44, 1.08, 1.43, 1.04, 
[424]:	-1.45, -0.65, -0.49, -1.12, -0.11, -0.57, -4.28, -2.39, 
[425]:	-1.34, -0.07, -0.28, -0.59, 0.11, -0.68, -0.29, -0.17, 
[426]:	-0.50, 1.02, -0.02, 0.57, 0.46, 0.28, 0.23, 0.12, 
[427]:	1.08, -0.92, 0.22, -0.61, 1.25, 0.28, 1.34, 1.55, 
[428]:	1.21, 1.03, 0.36, 1.03, 0.16, -0.35, 0.05, 0.22, 
[429]:	-0.23, -0.23, -0.21, -0.22, -0.24, -0.23, -0.22, -0.22, 
[430]:	-1.73, -1.77, -1.38, -2.02, -1.47, -1.19, -1.58, -1.38, 
[431]:	2.59, 0.16, 1.61, 0.45, 2.03, 1.48, 1.65, 0.32, 
[432]:	-2.48, 1.05, 0.59, -0.03, -1.89, -0.51, 0.02, 2.09, 
[433]:	-0.14, -0.01, -0.99, -0.63, 0.40, -0.34, -0.90, -0.25, 
[434]:	0.60, 0.44, 0.65, 0.61, 0.49, 0.66, 0.53, 0.48, 
[435]:	-2.72, -1.41, 0.76, -2.83, 0.49, 1.24, -0.03, 0.86, 
[436]:	0.96, 1.02, -0.35, 0.80, -2.94, 1.52, 2.45, -0.61, 
[437]:	0.20, -2.08, -0.83, -0.05, -0.70, 0.40, 0.09, 0.38, 
[438]:	-0.38, -0.94, -1.16, -0.65, -0.36, -0.53, -1.02, -1.32, 
[439]:	1.85, 0.26, 1.55, 0.82, 2.25, 1.17, -0.13, 3.89, 
[440]:	0.60, 0.63, 0.54, 0.57, 0.70, 0.94, -0.01, -0.09, 
[441]:	-0.99, -0.30, -0.93, -3.59, 1.71, -0.80, -1.49, -1.45, 
[442]:	0.71, 0.08, 0.08, 1.22, 1.25, -0.00, 0.78, 0.97, 
[443]:	-2.97, -2.42, -1.78, -3.08, -1.87, -2.03, -2.94, -3.91, 
[444]:	-0.05, 0.81, 1.67, 0.82, -0.87, -0.30, -0.40, 2.02, 
[445]:	0.30, 0.42, 0.23, 0.49, 0.62, 0.48, 0.45, 0.46, 
[446]:	5.84, -3.98, 5.06, 0.18, 0.30, 2.73, 1.12, 4.81, 
[447]:	1.25, 1.39, 1.13, 1.73, 1.66, 1.27, 1.70, 1.84, 
[448]:	-0.40, 1.49, -0.56, -0.71, 0.42, -3.19, 0.09, -2.50, 
[449]:	1.33, -0.63, -0.29, -1.03, -3.08, -0.21, -2.91, -3.73, 
[450]:	0.58, 0.96, -0.13, 1.49, 0.82, 0.88, 0.20, -0.01, 
[451]:	-0.73, -1.14, -0.75, -0.66, -1.27, -0.79, -1.03, -0.88, 
[452]:	-1.73, -1.02, -2.36, -1.02, -2.38, -1.99, -1.80, -2.84, 
[453]:	-1.30, 0.39, 2.11, -1.67, 0.78, -2.53, 4.03, 1.56, 
[454]:	-1.59, -0.36, 1.05, 4.34, -0.20, 1.98, 1.43, -1.13, 
[455]:	2.58, 1.82, 2.05, -0.04, 1.98, 0.08, -1.43, -1.55, 
[456]:	0.61, 1.16, 0.27, 0.30, 0.49, 0.74, 1.38, 0.69, 
[457]:	-1.45, 3.19, -6.88, -7.12, -1.97, 0.05, 2.05, -4.25, 
[458]:	2.72, 0.86, -0.73, 2.22, 1.56, 0.64, 2.08, -0.90, 
[459]:	0.55, 0.55, 0.55, 0.55, 0.54, 0.54, 0.54, 0.54, 
[460]:	0.72, -1.16, -2.12, 1.87, 3.55, 2.36, 3.27, -1.87, 
[461]:	0.94, 0.48, 0.40, 0.56, 0.61, 0.94, 0.24, 0.30, 
[462]:	-0.46, -1.31, -0.70, -1.65, -0.24, 0.46, -0.10, -1.14, 
[463]:	-1.23, -1.21, -1.27, -1.02, -1.05, -1.47, -1.25, -1.21, 
[464]:	-0.25, -0.58, -0.91, -0.22, -0.71, 4.22, 1.45, 0.14, 
[465]:	2.62, 0.96, 1.62, 0.70, 2.91, 1.48, 0.74, 1.05, 
[466]:	-0.84, -0.03, -0.76, -0.17, -0.63, -0.51, -0.19, 0.92, 
[467]:	2.00, 0.59, 2.50, 0.61, 0.64, -2.73, -0.27, -2.23, 
[468]:	-3.72, -1.56, -4.38, -2.41, -2.08, -0.35, 0.02, -0.25, 
[469]:	0.94, 0.94, 0.95, 0.95, 0.94, 0.94, 0.95, 0.94, 
[470]:	2.38, 1.20, 4.16, 1.23, 5.09, 2.19, -0.17, 0.64, 
[471]:	-0.19, 0.82, 2.73, -0.43, 2.42, 2.92, 0.51, 0.36, 
[472]:	-0.62, -1.02, -0.59, -0.01, -0.46, 0.05, 0.10, -0.30, 
[473]:	0.68, 0.33, 0.32, 0.32, 0.93, 0.50, 0.74, 0.65, 
[474]:	-0.96, -0.05, 0.83, 1.73, 1.80, 0.84, 0.40, 0.80, 
[475]:	-4.34, 3.19, 3.02, -0.26, 1.73, 2.73, -0.40, 0.15, 
[476]:	-1.17, -1.23, -0.10, -0.16, -1.25, -0.87, -0.88, -0.77, 
[477]:	-1.58, -0.88, -0.17, -1.41, -0.86, -0.75, -0.58, -1.12, 
[478]:	2.52, -2.25, -0.34, 4.59, 2.08, 0.86, 1.98, -0.79, 
[479]:	-0.62, -0.61, -0.41, -1.15, -0.64, -0.77, -0.79, -1.54, 
[480]:	-1.63, -1.71, -0.53, -0.36, -0.52, 0.90, -0.75, -1.91, 
[481]:	-3.03, -2.52, -1.05, -1.34, -1.56, -3.22, 0.44, -1.41, 
[482]:	0.81, 0.69, 1.01, 2.25, 1.36, 1.21, 1.38, 0.67, 
[483]:	-0.35, -2.42, -3.38, 3.75, -0.92, 3.33, -0.90, 0.54, 
[484]:	-0.37, 0.94, 0.05, 0.36, -0.03, 1.01, 1.00, 0.02, 
[485]:	-0.49, 0.66, -0.09, 0.02, 0.28, 0.19, 0.09, -0.30, 
[486]:	0.61, 0.98, -2.83, -2.48, -0.62, 1.68, 0.34, -0.76, 
[487]:	-4.72, 1.16, 4.25, -1.23, 2.36, -2.41, -3.09, -1.88, 
[488]:	0.18, -0.28, 1.20, -0.12, 1.65, 1.32, -0.28, 2.83, 
[489]:	-2.28, -1.47, -2.34, -1.62, -2.48, -1.65, -1.62, -1.80, 
[490]:	1.17, 0.53, 1.05, 1.55, 1.52, 0.65, 1.21, 1.51, 
[491]:	3.42, -0.57, 1.29, -0.23, 0.77, 0.86, 0.45, 1.06, 
[492]:	-1.64, -1.80, -1.27, -1.25, -1.91, -2.27, -1.30, -2.58, 
[493]:	-1.81, -2.11, -1.77, -1.79, -1.87, -1.73, -2.11, -1.90, 
[494]:	1.77, 0.27, 3.34, -3.33, 2.78, 3.23, -0.33, 3.62, 
[495]:	0.43, 0.42, 0.31, 0.30, 0.35, 0.30, 0.36, 0.33, 
[496]:	2.78, 2.78, -3.81, -1.06, 0.71, -0.01, 5.22, 2.41, 
[497]:	-2.20, -3.23, 0.89, -2.23, 0.99, -4.16, -1.42, -0.82, 
[498]:	1.70, -0.88, 0.14, 1.91, 0.20, 0.10, 1.48, -0.98, 
[499]:	-1.07, -1.05, -1.05, -1.05, -1.00, -1.01, -1.01, -1.05, 
[500]:	-0.01, 0.34, -0.05, 0.49, 0.07, -0.06, 0.44, 0.53, 
[501]:	0.35, 0.21, 0.40, 0.05, 0.56, 0.02, 0.51, 0.13, 
[502]:	0.94, 3.20, 0.80, 5.12, 2.69, 1.36, 4.53, 3.52, 
[503]:	1.44, 0.50, 0.16, 0.79, 0.58, 1.34, 0.84, 1.24, 
[504]:	-1.78, 3.89, 1.05, -1.12, 3.53, 5.69, 1.16, 3.58, 
[505]:	-1.41, -1.93, 0.47, -2.94, -1.41, -1.05, -2.44, -0.21, 
[506]:	-0.39, -0.37, -0.36, -0.40, -0.40, -0.38, -0.42, -0.32, 
[507]:	1.09, 0.61, 0.76, 0.61, 0.91, 0.60, 1.55, 2.77, 
[508]:	-0.07, 0.20, 0.51, 1.39, 1.81, 0.81, 1.20, 0.56, 
[509]:	-4.75, 0.62, 3.23, -1.23, -2.25, 0.03, 0.07, 2.38, 
[510]:	-0.59, 0.44, 2.22, 1.93, 3.03, 3.17, 2.52, 2.52, 
[511]:	1.48, 1.00, 1.27, 1.48, 1.59, 0.90, 1.27, 0.58, 
[512]:	

[0]	
step =1536
-10.62, -5.03, -3.28, 0.38, 5.34, 3.78, -1.73, -0.30, 
[0]	-10.62, -5.03, -3.28, 0.38, 5.34, 3.78, -1.73, -0.30, 

[1]	-0.15, 0.20, 0.14, 0.50, 0.14, 0.46, -0.44, 0.16, 
[1]	-0.15, 0.20, 0.14, 0.50, 0.14, 0.46, -0.44, 0.16, 

[0]:	0.00, 0.00, 0.00, 0.00, 0.00, 0.00, 0.00, 0.00, 
[1]:	0.00, 0.00, 0.00, 0.00, 0.00, 0.00, 0.00, 0.00, 
[2]:	0.00, 0.00, 0.00, 0.00, 0.00, 0.00, 0.00, 0.00, 
[3]:	0.00, 0.00, 0.00, 0.00, 0.00, 0.00, 0.00, 0.00, 
[4]:	0.00, 0.00, 0.00, 0.00, 0.00, 0.00, 0.00, 0.00, 
[5]:	0.00, 0.00, 0.00, 0.00, 0.00, 0.00, 0.00, 0.00, 
[6]:	0.00, 0.00, 0.00, 0.00, 0.00, 0.00, 0.00, 0.00, 
[7]:	0.00, 0.00, 0.00, 0.00, 0.00, 0.00, 0.00, 0.00, 
[8]:	0.00, 0.00, 0.00, 0.00, 0.00, 0.00, 0.00, 0.00, 
[9]:	0.00, 0.00, 0.00, 0.00, 0.00, 0.00, 0.00, 0.00, 
[10]:	0.00, 0.00, 0.00, 0.00, 0.00, 0.00, 0.00, 0.00, 
[11]:	0.00, 0.00, 0.00, 0.00, 0.00, 0.00, 0.00, 0.00, 
[12]:	0.00, 0.00, 0.00, 0.00, 0.00, 0.00, 0.00, 0.00, 
[13]:	0.00, 0.00, 0.00, 0.00, 0.00, 0.00, 0.00, 0.00, 
[14]:	0.00, 0.00, 0.00, 0.00, 0.00, 0.00, 0.00, 0.00, 
[15]:	0.00, 0.00, 0.00, 0.00, 0.00, 0.00, 0.00, 0.00, 
[16]:	0.00, 0.00, 0.00, 0.00, 0.00, 0.00, 0.00, 0.00, 
[17]:	0.00, 0.00, 0.00, 0.00, 0.00, 0.00, 0.00, 0.00, 
[18]:	0.00, 0.00, 0.00, 0.00, 0.00, 0.00, 0.00, 0.00, 
[19]:	0.00, 0.00, 0.00, 0.00, 0.00, 0.00, 0.00, 0.00, 
[20]:	0.00, 0.00, 0.00, 0.00, 0.00, 0.00, 0.00, 0.00, 
[21]:	0.00, 0.00, 0.00, 0.00, 0.00, 0.00, 0.00, 0.00, 
[22]:	0.00, 0.00, 0.00, 0.00, 0.00, 0.00, 0.00, 0.00, 
[23]:	0.00, 0.00, 0.00, 0.00, 0.00, 0.00, 0.00, 0.00, 
[24]:	0.00, 0.00, 0.00, 0.00, 0.00, 0.00, 0.00, 0.00, 
[25]:	0.00, 0.00, 0.00, 0.00, 0.00, 0.00, 0.00, 0.00, 
[26]:	0.00, 0.00, 0.00, 0.00, 0.00, 0.00, 0.00, 0.00, 
[27]:	0.00, 0.00, 0.00, 0.00, 0.00, 0.00, 0.00, 0.00, 
[28]:	0.00, 0.00, 0.00, 0.00, 0.00, 0.00, 0.00, 0.00, 
[29]:	0.00, 0.00, 0.00, 0.00, 0.00, 0.00, 0.00, 0.00, 
[30]:	0.00, 0.00, 0.00, 0.00, 0.00, 0.00, 0.00, 0.00, 
[31]:	0.00, 0.00, 0.00, 0.00, 0.00, 0.00, 0.00, 0.00, 
[32]:	0.00, 0.00, 0.00, 0.00, 0.00, 0.00, 0.00, 0.00, 
[33]:	0.00, 0.00, 0.00, 0.00, 0.00, 0.00, 0.00, 0.00, 
[34]:	0.00, 0.00, 0.00, 0.00, 0.00, 0.00, 0.00, 0.00, 
[35]:	0.00, 0.00, 0.00, 0.00, 0.00, 0.00, 0.00, 0.00, 
[36]:	0.00, 0.00, 0.00, 0.00, 0.00, 0.00, 0.00, 0.00, 
[37]:	0.00, 0.00, 0.00, 0.00, 0.00, 0.00, 0.00, 0.00, 
[38]:	0.00, 0.00, 0.00, 0.00, 0.00, 0.00, 0.00, 0.00, 
[39]:	0.00, 0.00, 0.00, 0.00, 0.00, 0.00, 0.00, 0.00, 
[40]:	0.00, 0.00, 0.00, 0.00, 0.00, 0.00, 0.00, 0.00, 
[41]:	0.00, 0.00, 0.00, 0.00, 0.00, 0.00, 0.00, 0.00, 
[42]:	0.00, 0.00, 0.00, 0.00, 0.00, 0.00, 0.00, 0.00, 
[43]:	0.00, 0.00, 0.00, 0.00, 0.00, 0.00, 0.00, 0.00, 
[44]:	0.00, 0.00, 0.00, 0.00, 0.00, 0.00, 0.00, 0.00, 
[45]:	0.00, 0.00, 0.00, 0.00, 0.00, 0.00, 0.00, 0.00, 
[46]:	0.00, 0.00, 0.00, 0.00, 0.00, 0.00, 0.00, 0.00, 
[47]:	0.00, 0.00, 0.00, 0.00, 0.00, 0.00, 0.00, 0.00, 
[48]:	0.00, 0.00, 0.00, 0.00, 0.00, 0.00, 0.00, 0.00, 
[49]:	0.00, 0.00, 0.00, 0.00, 0.00, 0.00, 0.00, 0.00, 
[50]:	0.00, 0.00, 0.00, 0.00, 0.00, 0.00, 0.00, 0.00, 
[51]:	0.00, 0.00, 0.00, 0.00, 0.00, 0.00, 0.00, 0.00, 
[52]:	0.00, 0.00, 0.00, 0.00, 0.00, 0.00, 0.00, 0.00, 
[53]:	0.00, 0.00, 0.00, 0.00, 0.00, 0.00, 0.00, 0.00, 
[54]:	0.00, 0.00, 0.00, 0.00, 0.00, 0.00, 0.00, 0.00, 
[55]:	0.00, 0.00, 0.00, 0.00, 0.00, 0.00, 0.00, 0.00, 
[56]:	0.00, 0.00, 0.00, 0.00, 0.00, 0.00, 0.00, 0.00, 
[57]:	0.00, 0.00, 0.00, 0.00, 0.00, 0.00, 0.00, 0.00, 
[58]:	0.00, 0.00, 0.00, 0.00, 0.00, 0.00, 0.00, 0.00, 
[59]:	0.00, 0.00, 0.00, 0.00, 0.00, 0.00, 0.00, 0.00, 
[60]:	0.00, 0.00, 0.00, 0.00, 0.00, 0.00, 0.00, 0.00, 
[61]:	0.00, 0.00, 0.00, 0.00, 0.00, 0.00, 0.00, 0.00, 
[62]:	0.00, 0.00, 0.00, 0.00, 0.00, 0.00, 0.00, 0.00, 
[63]:	0.00, 0.00, 0.00, 0.00, 0.00, 0.00, 0.00, 0.00, 
[64]:	-0.65, -0.55, -0.65, -0.71, -0.59, 0.26, -0.49, -0.37, 
[65]:	1.59, -0.48, 0.80, 3.47, 0.05, -1.59, -1.78, 1.85, 
[66]:	-10.62, -5.03, -3.28, 0.38, 5.34, 3.78, -1.73, -0.30, 
[67]:	-0.15, 0.20, 0.14, 0.50, 0.14, 0.46, -0.44, 0.16, 
[68]:	-2.53, -3.17, -0.70, -2.20, -1.44, -1.02, -1.14, -1.98, 
[69]:	1.73, 1.18, 1.42, 1.25, 1.06, 1.47, 1.44, 1.23, 
[70]:	4.47, -0.36, 1.72, -0.28, -2.14, -0.43, -0.54, -1.12, 
[71]:	0.34, 1.81, 0.46, 2.83, 1.84, -3.25, -4.44, -1.88, 
[72]:	0.62, -0.91, 0.78, -1.20, -0.38, 1.48, -0.19, -0.57, 
[73]:	-0.14, -0.50, 0.58, 0.01, 0.24, -0.03, -0.04, 0.41, 
[74]:	-0.73, -2.55, 2.16, -6.16, -2.47, -3.89, -0.63, 2.25, 
[75]:	-0.61, 1.19, 0.17, 0.73, 0.63, -2.02, -0.89, -1.41, 
[76]:	-1.06, -0.54, -3.86, -1.16, -0.34, -2.81, 0.79, -0.85, 
[77]:	0.71, -1.60, -0.58, -0.62, 2.31, -2.92, 1.00, -0.38, 
[78]:	-0.50, -2.38, -1.45, 0.14, -0.43, -0.92, 0.77, -0.81, 
[79]:	-0.87, 2.83, 0.52, 1.65, -1.01, 2.56, -0.46, 1.31, 
[80]:	-1.20, -1.27, -1.39, -1.34, -1.37, -1.35, -1.33, -1.28, 
[81]:	0.07, 1.34, -3.73, 2.27, -0.43, -1.27, 3.50, 4.44, 
[82]:	0.21, 0.03, 0.08, -0.08, 0.19, -0.18, -0.23, 0.01, 
[83]:	0.83, 0.99, 0.70, 2.30, 0.99, 0.55, 0.62, 1.35, 
[84]:	-0.83, -1.44, -1.27, -1.03, -1.16, -1.48, -0.91, -1.41, 
[85]:	-0.16, -0.50, -1.46, -0.95, 0.03, -0.51, 0.09, -0.38, 
[86]:	1.52, 3.11, 0.67, 1.73, 1.77, 1.05, 1.75, 1.41, 
[87]:	-0.07, -1.63, -0.90, -0.27, -0.54, 0.34, -1.19, -2.72, 
[88]:	-3.77, -1.54, -1.31, -4.34, -1.27, -3.80, -2.34, -1.09, 
[89]:	-1.38, 1.12, -0.03, 0.46, -1.82, -0.15, -0.31, -0.84, 
[90]:	0.18, -1.03, -0.75, -0.76, -0.45, -0.91, 0.28, -0.37, 
[91]:	2.11, 1.66, 1.95, 1.76, 1.84, 1.73, 1.72, 1.60, 
[92]:	0.50, -3.50, -2.44, -1.22, 0.27, -0.16, 1.77, 0.14, 
[93]:	-1.01, 1.09, -2.53, 2.91, 0.23, 3.80, 1.75, 1.23, 
[94]:	0.33, 1.03, -1.05, -0.01, -0.46, 0.65, -0.54, 1.28, 
[95]:	-1.02, -0.11, 1.58, 1.09, 0.54, 1.69, 0.18, 1.20, 
[96]:	1.38, 2.03, -0.21, -2.36, -0.95, 0.68, -3.05, -0.62, 
[97]:	0.70, 0.69, -1.02, -0.61, -0.32, 0.32, -0.87, 1.01, 
[98]:	-2.03, -0.19, -3.88, -5.00, -3.00, -2.55, -4.28, -0.32, 
[99]:	-1.08, -1.41, -1.05, -0.62, -0.55, -1.82, 0.05, -0.98, 
[100]:	-2.20, -2.77, -3.55, -1.93, 0.91, 2.25, 0.09, -0.56, 
[101]:	-1.30, 1.23, 2.11, -0.74, 0.45, -0.84, 0.03, 0.46, 
[102]:	2.00, 1.59, -4.47, 1.03, 5.03, 3.23, -1.16, 2.19, 
[103]:	1.61, -0.80, -0.40, -1.24, 1.31, -1.55, -1.88, -1.02, 
[104]:	0.67, -2.03, -0.66, -1.12, -1.86, -1.62, -1.41, 1.03, 
[105]:	0.97, 1.46, 0.45, -1.02, 0.62, -0.79, -0.05, 0.21, 
[106]:	-1.20, -2.47, -1.68, 2.14, -0.86, 1.34, -0.27, -1.91, 
[107]:	0.11, 0.56, 1.19, 0.95, -0.54, -0.81, 1.51, 0.14, 
[108]:	0.46, 0.69, 0.27, -0.34, 0.17, -0.45, -0.05, 0.75, 
[109]:	-1.39, -1.70, -1.30, -1.62, -1.61, -1.73, -1.51, -1.67, 
[110]:	-0.22, 0.68, -0.54, 0.80, -1.05, -1.77, -0.21, -2.55, 
[111]:	-0.30, -2.23, -2.00, -1.03, -3.83, 0.23, -2.69, -2.36, 
[112]:	0.21, -0.28, -1.06, -1.67, -0.70, -0.52, 0.75, 0.09, 
[113]:	-2.59, -2.55, -2.47, -2.67, -2.78, -2.69, -2.39, -2.64, 
[114]:	-0.39, -0.70, -0.68, -1.70, 0.01, -0.73, -0.59, -1.34, 
[115]:	-0.78, 0.79, -2.58, 0.44, -1.17, 0.24, -4.31, 1.53, 
[116]:	0.27, 1.07, 1.22, 0.23, 1.11, 0.78, 0.03, -0.25, 
[117]:	-0.54, -0.08, -0.57, -0.71, 0.90, -0.16, -1.51, -0.10, 
[118]:	0.94, -0.51, -0.41, 0.65, -0.54, 0.22, -0.37, 0.50, 
[119]:	0.91, -0.03, 1.45, 1.59, 4.09, 1.12, 0.44, 1.34, 
[120]:	0.87, 0.89, 1.13, 0.34, 1.59, 1.27, 1.86, 0.37, 
[121]:	-0.11, -0.31, -0.15, -0.14, -0.30, -0.28, -0.29, -0.27, 
[122]:	-1.12, 0.14, -0.81, 0.01, -1.04, -0.12, -0.52, 1.31, 
[123]:	1.55, 1.16, 3.16, -0.70, 0.45, 1.02, 0.71, 0.80, 
[124]:	-2.53, -0.99, -3.70, -1.73, -3.30, -2.44, 0.12, -3.58, 
[125]:	-4.84, -0.71, 1.16, 1.59, 5.72, 4.69, -2.34, -3.97, 
[126]:	-0.92, 0.13, -1.20, -0.85, -2.84, -0.55, -1.67, -0.92, 
[127]:	-0.15, -0.08, 0.11, -0.00, -0.22, 0.09, -0.14, -0.23, 
[128]:	1.60, 0.49, -0.27, 1.36, -1.30, 0.86, 1.81, -3.70, 
[129]:	-0.13, -1.47, 0.59, -3.00, 1.00, 0.60, -2.56, 1.69, 
[130]:	-1.44, -0.31, -0.19, -0.90, -0.63, -0.67, -1.00, -1.05, 
[131]:	0.51, 1.25, 1.16, 1.66, 1.91, 1.31, 1.28, 1.67, 
[132]:	1.60, 0.60, 0.17, -0.29, 1.15, 0.51, 0.25, 0.98, 
[133]:	-0.25, -0.61, -0.30, -0.19, 0.05, -0.25, -0.29, -0.08, 
[134]:	0.28, 0.30, 0.70, 0.17, 1.04, 0.44, 0.52, 0.63, 
[135]:	-0.71, 1.91, -1.84, -1.60, 0.12, -0.27, 0.30, -0.41, 
[136]:	0.31, 0.26, 0.50, 0.71, 0.44, 0.43, 0.86, 0.56, 
[137]:	1.58, 2.64, 1.00, -0.36, 0.07, 0.05, 2.31, 5.12, 
[138]:	-0.35, -0.06, 0.10, 0.67, 0.35, 0.58, -0.20, -0.38, 
[139]:	1.20, 0.59, 0.71, 1.55, 0.78, 0.44, 0.47, 0.09, 
[140]:	-0.27, -0.91, -1.34, -0.54, -0.20, -0.80, -0.31, -0.50, 
[141]:	-0.28, -0.30, -0.28, -0.28, -0.29, -0.29, -0.28, -0.30, 
[142]:	-0.45, 0.34, -0.66, -0.37, -0.01, -0.09, -0.33, -0.79, 
[143]:	-4.38, -2.30, -1.00, -1.20, -4.47, -0.38, -1.69, -3.45, 
[144]:	-3.52, -0.98, 1.48, -2.47, -2.27, -1.07, -0.85, -3.38, 
[145]:	3.78, 0.95, 2.39, -5.22, -4.59, 1.88, 1.86, 0.32, 
[146]:	-3.11, 0.16, -0.31, -1.22, -1.02, -0.09, -3.92, -1.57, 
[147]:	-1.86, -1.63, -1.50, -1.86, -1.62, -1.82, -1.88, -1.62, 
[148]:	1.02, 1.01, 0.56, 0.39, 1.24, 1.20, 0.93, 1.66, 
[149]:	0.61, -0.56, -0.88, 0.69, 0.11, -0.54, 0.76, 0.81, 
[150]:	-3.05, -1.21, -1.66, -3.08, -1.44, -3.08, -4.47, -1.82, 
[151]:	0.62, 2.25, 3.00, -2.14, -5.19, 0.27, 1.94, 2.55, 
[152]:	-0.24, 2.06, 2.47, 1.23, -0.30, 4.06, 0.83, -0.11, 
[153]:	1.55, -4.16, 3.84, 1.52, -1.34, 3.56, 4.03, 0.02, 
[154]:	-1.43, 1.44, 0.54, -1.04, 0.04, -0.72, 2.19, 0.33, 
[155]:	0.77, 1.54, 0.03, 1.59, -1.93, -0.55, 2.12, 0.94, 
[156]:	-2.19, -1.07, -4.09, -2.88, -2.44, -5.69, -1.59, -0.44, 
[157]:	2.98, 3.70, -0.02, -0.07, -2.12, 3.59, 1.30, -1.03, 
[158]:	0.76, 0.95, -2.20, 0.35, -1.96, 0.90, -0.18, -1.56, 
[159]:	-4.66, 2.22, -2.06, -3.55, 2.05, -0.47, -5.75, 2.64, 
[160]:	0.32, 0.40, 0.24, 0.93, -0.14, -0.01, 0.22, 1.25, 
[161]:	0.93, 1.10, 1.41, 1.14, 0.80, 1.12, 0.95, 0.60, 
[162]:	0.62, 0.91, -0.85, 0.78, 0.02, 0.26, 0.31, 0.36, 
[163]:	0.79, 0.71, 0.86, 0.68, 0.73, 0.71, 0.68, 0.77, 
[164]:	8.31, 0.98, -0.82, -1.54, 1.96, -4.28, 2.98, 1.60, 
[165]:	3.62, 2.95, 1.49, 1.57, -2.45, 0.11, 1.78, -0.88, 
[166]:	-3.17, -6.03, -1.79, -0.88, -0.07, 2.30, 1.66, -0.79, 
[167]:	-2.44, -1.42, -1.16, -1.16, -0.88, -1.44, -0.88, -1.49, 
[168]:	-0.45, -0.71, -0.76, -0.55, -0.88, -0.73, 0.47, -0.14, 
[169]:	-5.94, -1.19, -1.98, -3.12, -0.49, -3.47, -2.02, -1.54, 
[170]:	1.45, 1.85, 1.58, 1.73, 1.70, 1.66, 1.64, 1.62, 
[171]:	-1.15, -1.13, -1.14, -1.14, -1.15, -1.14, -1.16, -1.16, 
[172]:	-0.17, -0.17, -0.14, -0.17, -0.14, -0.12, -0.13, -0.14, 
[173]:	-0.43, 0.13, -1.82, -1.08, 0.44, -0.14, -0.89, -0.95, 
[174]:	1.52, 1.66, 0.33, 2.56, 0.61, -0.36, 1.02, 0.32, 
[175]:	4.31, -3.14, 1.27, -2.25, 2.58, 0.88, 1.40, -2.64, 
[176]:	-2.25, 2.80, 2.12, 1.24, -1.41, 0.56, 1.31, 4.28, 
[177]:	-1.59, -0.82, -6.34, -4.31, 1.45, -2.70, -5.81, -2.20, 
[178]:	0.04, -4.00, 1.34, 0.37, -2.73, 1.77, -1.80, -3.05, 
[179]:	0.15, 0.68, 1.56, 0.10, 1.45, 1.77, 1.24, 1.61, 
[180]:	0.66, 0.65, 0.83, 0.68, 1.17, 0.59, 0.46, 0.87, 
[181]:	0.16, 1.71, 0.86, 0.33, 0.77, 0.03, 0.23, 0.04, 
[182]:	-2.72, -2.33, -2.16, -2.53, -2.72, -2.61, -2.25, -2.05, 
[183]:	1.47, -0.18, 1.16, 0.40, 1.88, 0.76, -0.59, 3.58, 
[184]:	-1.09, -1.21, -0.86, -0.96, -1.42, -2.33, 1.14, 1.42, 
[185]:	1.45, 1.21, 1.43, 2.31, 0.54, 1.38, 1.62, 1.60, 
[186]:	-1.11, 0.69, 0.69, -2.52, -2.61, 0.93, -1.30, -1.83, 
[187]:	0.14, -0.89, -2.11, 0.34, -1.93, -1.62, 0.08, 1.88, 
[188]:	-0.38, -0.10, 0.19, -0.09, -0.65, -0.46, -0.50, 0.30, 
[189]:	0.73, 0.79, 0.69, 0.82, 0.89, 0.82, 0.80, 0.80, 
[190]:	4.59, -3.25, 3.97, 0.07, 0.17, 2.11, 0.82, 3.78, 
[191]:	-0.86, -1.04, -0.72, -1.46, -1.38, -0.89, -1.43, -1.62, 
[192]:	-1.76, -1.77, -1.76, -1.76, -1.77, -1.73, -1.77, -1.73, 
[193]:	-2.55, -0.88, -1.18, -0.55, 1.19, -1.24, 1.05, 1.74, 
[194]:	-0.10, 0.06, -0.41, 0.29, -0.00, 0.03, -0.27, -0.36, 
[195]:	-0.53, 0.19, -0.50, -0.66, 0.43, -0.43, -0.00, -0.28, 
[196]:	-1.81, -2.78, -0.95, -2.78, -0.93, -1.45, -1.70, -0.30, 
[197]:	0.91, 0.30, -0.34, 1.05, 0.15, 1.37, -1.04, -0.13, 
[198]:	1.73, 0.55, -0.79, -3.92, 0.41, -1.67, -1.14, 1.29, 
[199]:	-6.78, -4.25, -5.03, 1.91, -4.81, 1.51, 6.50, 6.91, 
[200]:	0.85, 1.20, 0.63, 0.65, 0.77, 0.93, 1.34, 0.89, 
[201]:	-0.11, -4.56, 5.12, 5.34, 0.39, -1.54, -3.45, 2.58, 
[202]:	-0.52, 0.71, 1.77, -0.19, 0.25, 0.85, -0.10, 1.88, 
[203]:	-0.37, 0.16, -0.50, 0.17, -0.82, -1.14, -0.73, -0.91, 
[204]:	-0.63, 2.88, 4.66, -2.75, -5.88, -3.67, -5.38, 4.19, 
[205]:	-1.95, -1.38, -1.27, -1.48, -1.54, -1.95, -1.07, -1.15, 
[206]:	-1.01, 0.23, -0.66, 0.72, -1.31, -2.33, -1.52, -0.01, 
[207]:	0.14, 0.04, 0.29, -0.81, -0.65, 1.17, 0.22, 0.06, 
[208]:	1.61, 1.66, 1.70, 1.60, 1.67, 0.96, 1.36, 1.55, 
[209]:	2.91, 0.09, 1.20, -0.35, 3.38, 0.96, -0.28, 0.24, 
[210]:	0.42, 0.40, 0.42, 0.40, 0.42, 0.41, 0.40, 0.37, 
[211]:	-0.93, 0.32, -1.37, 0.29, 0.27, 3.23, 1.07, 2.78, 
[212]:	-2.34, -0.39, -2.95, -1.15, -0.85, 0.72, 1.05, 0.81, 
[213]:	0.90, 1.52, 0.18, -0.29, 1.52, 1.52, 0.45, 1.05, 
[214]:	0.27, 0.61, -0.27, 0.61, -0.54, 0.32, 1.02, 0.78, 
[215]:	-2.00, -0.41, 2.56, -2.38, 2.08, 2.86, -0.91, -1.14, 
[216]:	-1.21, -2.72, -1.09, 1.12, -0.59, 1.34, 1.55, 0.02, 
[217]:	-0.82, 0.68, 0.76, 0.76, -1.94, -0.04, -1.09, -0.69, 
[218]:	1.23, 0.87, 0.52, 0.15, 0.12, 0.52, 0.69, 0.53, 
[219]:	-0.08, 3.05, 2.97, 1.61, 2.44, 2.86, 1.55, 1.78, 
[220]:	1.34, 1.20, 3.92, 3.77, 1.16, 2.08, 2.03, 2.31, 
[221]:	0.95, 0.65, 0.35, 0.88, 0.64, 0.60, 0.52, 0.75, 
[222]:	-0.41, 4.34, 2.44, -2.52, 0.03, 1.23, 0.11, 2.89, 
[223]:	0.13, 0.15, 0.45, -0.66, 0.11, -0.09, -0.12, -1.24, 
[224]:	0.45, 0.50, -0.30, -0.42, -0.31, -1.27, -0.15, 0.63, 
[225]:	1.02, 0.55, -0.80, -0.53, -0.33, 1.19, -2.16, -0.47, 
[226]:	-0.68, -0.59, -0.81, -1.66, -1.05, -0.95, -1.06, -0.58, 
[227]:	-0.16, 0.52, 0.83, -1.49, 0.03, -1.36, 0.02, -0.45, 
[228]:	-1.54, -1.52, -1.53, -1.53, -1.53, -1.52, -1.52, -1.53, 
[229]:	3.48, -2.81, 1.26, 0.70, -0.73, -0.25, 0.30, 2.45, 
[230]:	2.41, 2.95, -2.75, -2.23, 0.56, 4.00, 2.00, 0.35, 
[231]:	-3.34, 1.73, 4.41, -0.33, 2.78, -1.35, -1.95, -0.89, 
[232]:	-0.03, -1.09, 2.30, -0.71, 3.33, 2.58, -1.09, 6.03, 
[233]:	-1.05, -1.33, -1.04, -1.27, -0.99, -1.27, -1.27, -1.21, 
[234]:	-0.40, 2.41, 0.12, -2.08, -1.92, 1.89, -0.58, -1.85, 
[235]:	1.38, -2.31, -0.59, -1.99, -1.06, -0.98, -1.36, -0.79, 
[236]:	0.12, -0.09, 0.62, 0.64, -0.24, -0.72, 0.57, -1.13, 
[237]:	-3.45, 1.34, -4.03, -3.80, -2.53, -4.75, 1.38, -2.06, 
[238]:	1.65, 0.68, 2.67, -1.63, 2.30, 2.59, 0.30, 2.84, 
[239]:	-1.95, -1.88, -0.76, -0.62, -1.12, -0.64, -1.27, -0.93, 
[240]:	-0.88, -0.88, -0.49, -0.65, -0.76, -0.71, -1.03, -0.86, 
[241]:	3.58, 5.94, -3.42, 3.66, -3.66, 8.00, 1.80, 0.45, 
[242]:	-0.14, 2.17, 1.26, -0.32, 1.20, 1.30, 0.07, 2.27, 
[243]:	-5.28, -4.09, -3.69, -3.59, 2.09, 1.71, 1.15, -3.56, 
[244]:	0.16, 0.88, 0.06, 1.19, 0.32, 0.05, 1.09, 1.27, 
[245]:	-1.55, -0.70, -1.89, 0.29, -2.83, 0.43, -2.55, -0.21, 
[246]:	1.72, -0.26, 1.84, -1.93, 0.19, 1.35, -1.42, -0.53, 
[247]:	-3.41, 1.36, 3.14, -0.12, 0.96, -2.95, -0.35, -2.41, 
[248]:	-0.06, -4.25, -2.16, -0.55, -3.97, -5.56, -2.23, -4.00, 
[249]:	0.13, 0.32, -0.57, 0.70, 0.13, -0.00, 0.52, -0.32, 
[250]:	1.58, 2.22, 2.44, 1.12, 0.98, 1.94, 0.29, 3.88, 
[251]:	0.23, 1.79, 1.30, 1.78, 0.79, 1.81, -1.26, -5.16, 
[252]:	0.19, 0.48, 0.81, 1.75, 2.20, 1.13, 1.54, 0.87, 
[253]:	-2.11, -1.12, -0.63, -1.46, -1.65, -1.23, -1.22, -0.79, 
[254]:	-1.55, -0.30, 1.84, 1.49, 2.81, 2.98, 2.19, 2.20, 
[255]:	1.12, -0.53, 0.40, 1.12, 1.48, -0.88, 0.40, -1.98, 
[256]:	-1.47, -2.86, -0.59, -2.38, -1.22, -1.17, -0.84, -0.65, 
[257]:	-0.52, 0.11, -0.36, -0.23, -0.19, -0.42, -0.22, -0.70, 
[258]:	-1.75, -0.68, 0.76, -1.64, -2.08, 0.86, -1.76, -0.56, 
[259]:	-0.98, -0.99, -0.88, -0.58, -0.73, -0.75, -0.75, -0.76, 
[260]:	-1.06, -1.02, -2.27, -1.40, -1.25, -2.56, -2.64, -2.73, 
[261]:	-2.00, -1.45, -1.42, -1.52, -1.36, -2.16, -2.00, -1.57, 
[262]:	-2.95, -1.91, -2.17, -0.05, -2.59, -1.10, 2.95, -1.04, 
[263]:	0.85, 1.45, 0.11, 1.02, 0.04, 1.06, 1.92, 1.15, 
[264]:	-0.85, -0.78, -1.00, -1.16, -1.72, -1.01, -1.03, -0.88, 
[265]:	2.70, 1.46, 1.15, 4.28, 2.22, -2.55, -0.58, -0.40, 
[266]:	-1.97, -1.07, 0.34, 0.06, -0.22, -1.01, -0.63, -0.44, 
[267]:	-1.73, -1.14, -1.61, -1.79, -1.31, -1.67, -1.58, -1.55, 
[268]:	-0.06, 2.78, 1.40, 3.47, -2.06, 1.82, 2.84, -3.41, 
[269]:	-0.52, -0.23, -0.26, 0.02, -1.95, -1.13, 0.37, -1.51, 
[270]:	3.52, 2.34, 2.12, 2.77, 1.87, 1.62, 3.66, 1.73, 
[271]:	-0.75, -6.41, -2.61, -5.12, -0.40, 0.45, 1.68, 1.93, 
[272]:	0.40, 1.72, 2.08, -0.13, -0.98, -0.32, -1.34, -1.45, 
[273]:	2.52, 2.23, 2.12, 1.92, 1.97, 1.83, 2.02, 2.03, 
[274]:	-0.30, -0.71, -0.64, -1.14, -0.49, -1.71, -0.48, -1.47, 
[275]:	-0.84, 0.73, 0.99, 2.84, 2.62, 0.73, 1.02, 3.23, 
[276]:	1.97, 0.25, 2.25, -2.05, -0.92, 0.43, -1.06, 0.19, 
[277]:	-1.84, -0.93, -0.55, -0.58, -1.38, -1.45, -2.17, -0.54, 
[278]:	-0.28, -0.25, -0.26, -0.30, -0.28, -0.38, -0.27, -0.34, 
[279]:	2.22, 0.56, -1.72, -0.37, -1.76, -0.81, -1.17, 0.01, 
[280]:	0.72, 0.72, 0.72, 0.77, 0.72, 0.76, 0.75, 0.72, 
[281]:	-1.47, -0.41, 3.22, 0.71, 1.30, -0.77, 0.04, -2.56, 
[282]:	-0.62, -0.36, -0.77, -0.74, -0.29, -0.56, 0.03, -0.59, 
[283]:	0.28, -0.79, -0.91, -2.05, -0.54, -1.47, -1.24, -0.32, 
[284]:	2.45, 1.41, 0.68, 0.50, -0.13, 2.77, -0.43, 3.28, 
[285]:	0.32, -0.96, -1.06, -2.25, -0.54, -4.31, 0.60, 2.33, 
[286]:	-0.11, 0.67, 0.50, 0.87, -0.57, 0.48, 0.54, 1.49, 
[287]:	-0.79, -0.52, -0.10, -1.27, -0.37, -1.16, -0.99, -0.81, 
[288]:	-0.17, 0.36, -0.02, 0.00, 0.13, 0.17, 0.04, -0.04, 
[289]:	1.23, 1.64, 2.08, 0.21, 1.89, 0.99, 0.24, 2.42, 
[290]:	-0.46, 0.73, 0.70, 0.37, -0.15, -0.38, 0.04, 0.12, 
[291]:	-1.16, 1.40, -0.75, 0.77, -0.93, -0.10, 0.28, 0.50, 
[292]:	-3.06, 1.70, -1.95, -1.16, -1.44, -1.03, -0.66, 0.07, 
[293]:	-2.36, -2.03, -2.30, -2.14, -2.34, -2.20, -2.09, -2.39, 
[294]:	0.25, -1.61, -0.72, -1.71, -2.12, -0.61, -1.44, -6.00, 
[295]:	0.02, 0.06, 0.12, -0.48, -0.05, -0.34, -0.26, -0.72, 
[296]:	1.07, 0.69, 0.79, 1.04, 0.44, 0.59, 0.77, 0.88, 
[297]:	0.47, 0.60, 0.13, 0.18, 0.42, 0.46, 0.44, 0.48, 
[298]:	3.22, -5.59, 4.97, -2.30, -0.02, -0.50, -4.38, -1.22, 
[299]:	1.59, 1.27, 1.96, 2.06, 1.97, 0.61, 2.27, 1.94, 
[300]:	1.44, -0.17, 0.29, -2.45, 1.02, -0.86, -0.92, 1.46, 
[301]:	0.21, -1.73, -0.98, -1.83, -1.17, -2.97, -3.30, 0.31, 
[302]:	0.00, -0.20, -0.22, 0.01, -0.09, -0.29, -0.16, -0.26, 
[303]:	-2.44, -1.09, -2.31, -1.09, -1.42, -1.26, -1.79, -1.58, 
[304]:	-0.48, -0.96, -3.70, -1.03, -2.72, -2.89, 0.48, -4.31, 
[305]:	1.83, -0.40, -2.06, 1.92, -1.38, -2.55, -0.85, 2.73, 
[306]:	-0.12, 0.31, -0.71, 0.27, -1.30, -0.88, -1.00, -0.40, 
[307]:	-1.53, -1.95, -1.18, -2.16, -1.23, -2.70, -2.08, -1.72, 
[308]:	-0.66, 2.41, -0.08, -1.18, -0.20, 1.25, -0.35, 0.74, 
[309]:	-3.66, 1.88, -0.30, -2.92, -1.43, -0.68, 0.14, -0.39, 
[310]:	0.62, 0.74, 0.54, -0.72, 1.23, -0.66, 0.32, 0.88, 
[311]:	-0.27, -0.24, -1.55, -0.51, -1.28, 0.02, -1.86, -2.47, 
[312]:	0.63, 0.39, 0.74, 0.36, 0.41, 0.31, 0.32, 0.70, 
[313]:	-0.06, -1.45, -5.03, -5.41, 2.08, 2.59, -4.34, 0.22, 
[314]:	0.37, -0.43, 4.00, -0.48, -2.17, 0.16, -1.70, 2.39, 
[315]:	-3.55, 0.80, -0.06, 2.86, -4.84, -0.42, -2.95, -0.55, 
[316]:	-0.59, -0.65, -0.75, -0.57, -0.64, -0.74, -0.63, -0.52, 
[317]:	2.08, 0.94, -0.14, 0.20, 0.98, 0.21, 0.55, -0.49, 
[318]:	-0.58, 0.15, 0.20, 0.99, -0.77, -0.13, -0.05, 1.46, 
[319]:	-0.04, -0.22, -0.30, -0.86, -0.12, -0.75, -0.13, -0.70, 
[320]:	-0.18, -0.17, -0.18, -0.19, -0.18, -0.11, -0.17, -0.16, 
[321]:	-0.85, -2.45, -1.46, 0.60, -2.05, -3.30, -3.45, -0.66, 
[322]:	-0.50, -0.35, -0.30, -0.20, -0.06, -0.11, -0.26, -0.22, 
[323]:	-1.14, -0.19, -0.34, 0.63, -0.35, 0.52, -1.94, -0.28, 
[324]:	-2.33, -3.03, -0.36, -1.98, -1.16, -0.71, -0.84, -1.74, 
[325]:	0.18, 2.23, 1.32, 1.99, 2.69, 1.16, 1.28, 2.05, 
[326]:	0.57, -0.80, -0.21, -0.78, -1.30, -0.82, -0.86, -1.02, 
[327]:	1.59, 1.12, 1.55, 0.80, 1.11, 2.73, 3.11, 2.30, 
[328]:	-0.71, 0.11, -0.79, 0.26, -0.18, -1.16, -0.27, -0.07, 
[329]:	-0.54, 0.89, -3.39, -1.15, -2.05, -0.98, -0.94, -2.70, 
[330]:	-2.34, -1.83, -3.17, -0.80, -1.85, -1.45, -2.38, -3.20, 
[331]:	-0.95, -0.09, -0.58, -0.31, -0.36, -1.63, -1.09, -1.34, 
[332]:	0.31, 0.59, -1.16, 0.27, 0.70, -0.61, 1.29, 0.43, 
[333]:	-0.42, 1.37, 0.58, 0.61, -1.66, 2.39, -0.64, 0.42, 
[334]:	-1.27, 1.82, 0.29, -2.34, -1.40, -0.59, -3.38, -0.77, 
[335]:	3.66, -3.31, 1.02, -1.10, 3.92, -2.81, 2.88, -0.45, 
[336]:	1.38, 1.33, 1.23, 1.28, 1.25, 1.27, 1.28, 1.32, 
[337]:	2.56, 1.04, 7.09, -0.07, 3.16, 4.16, -1.54, -2.69, 
[338]:	4.31, 1.76, 2.44, 0.19, 4.00, -1.09, -1.88, 1.52, 
[339]:	0.26, -0.06, 0.52, -2.69, -0.06, 0.83, 0.68, -0.78, 
[340]:	1.63, -3.11, -1.78, 0.04, -0.98, -3.38, 1.02, -2.88, 
[341]:	-1.22, -0.98, -0.32, -0.67, -1.34, -0.97, -1.39, -1.06, 
[342]:	0.65, -0.51, 1.27, 0.50, 0.47, 1.00, 0.48, 0.73, 
[343]:	-0.21, 0.46, 0.15, -0.12, -0.00, -0.38, 0.27, 0.93, 
[344]:	1.11, 0.95, 0.94, 1.15, 0.93, 1.11, 1.01, 0.92, 
[345]:	-2.20, 0.80, -0.60, -0.00, -2.75, -0.74, -0.93, -1.57, 
[346]:	0.37, 0.55, 0.51, 0.51, 0.46, 0.54, 0.35, 0.45, 
[347]:	0.23, 0.23, 0.23, 0.23, 0.23, 0.23, 0.23, 0.23, 
[348]:	-0.55, 2.06, 1.37, 0.57, -0.40, -0.12, -1.38, -0.31, 
[349]:	-1.02, -1.45, -0.72, -1.81, -1.27, -1.99, -1.58, -1.48, 
[350]:	0.11, -2.03, 4.28, 1.13, 2.50, -0.86, 2.75, -2.80, 
[351]:	1.09, 0.25, -1.32, -0.88, -0.35, -1.43, -0.02, -0.98, 
[352]:	1.34, 1.44, 1.08, 0.73, 0.95, 1.22, 0.61, 1.01, 
[353]:	0.34, 0.35, 2.28, 1.82, 1.49, 0.77, 2.11, -0.01, 
[354]:	-0.11, -1.18, 0.96, 1.61, 0.46, 0.19, 1.19, -1.10, 
[355]:	1.17, 1.70, 1.13, 0.43, 0.32, 2.38, -0.66, 1.01, 
[356]:	1.84, 1.97, 2.16, 1.78, 1.12, 0.81, 1.31, 1.46, 
[357]:	2.19, -0.13, -0.95, 1.68, 0.58, 1.77, 0.97, 0.57, 
[358]:	-0.10, -0.01, 1.41, 0.12, -0.81, -0.39, 0.64, -0.15, 
[359]:	2.36, 0.65, 0.93, 0.34, 2.14, 0.13, -0.11, 0.50, 
[360]:	1.59, -0.54, 0.54, 0.18, -0.40, -0.21, -0.05, 1.88, 
[361]:	-5.41, -6.81, -3.94, 0.28, -4.41, -0.38, -2.48, -3.25, 
[362]:	-0.74, -0.74, -0.74, -0.74, -0.74, -0.74, -0.74, -0.74, 
[363]:	-0.42, -0.33, -0.22, -0.26, -0.54, -0.59, -0.16, -0.41, 
[364]:	1.35, 2.31, 0.55, -1.98, 0.14, -2.44, -0.76, 2.58, 
[365]:	1.38, -3.92, 2.95, -2.55, -2.38, -4.25, -0.59, -3.34, 
[366]:	-0.34, 0.08, -0.49, 0.14, -0.73, -1.07, -0.33, -1.43, 
[367]:	-0.40, 0.07, 0.01, -0.22, 0.47, -0.54, 0.19, 0.11, 
[368]:	-0.56, 0.01, 0.95, 1.66, 0.52, 0.30, -1.20, -0.42, 
[369]:	-0.59, -0.64, -0.72, -0.52, -0.42, -0.51, -0.81, -0.55, 
[370]:	1.17, 0.38, 0.42, -2.25, 2.19, 0.29, 0.64, -1.28, 
[371]:	-0.96, -0.82, -1.12, -0.85, -1.00, -0.87, -1.28, -0.75, 
[372]:	-0.20, -0.06, -0.03, -0.21, -0.05, -0.11, -0.24, -0.29, 
[373]:	0.36, 0.84, 0.31, 0.17, 1.88, 0.75, -0.68, 0.82, 
[374]:	-0.01, 0.70, 0.65, 0.13, 0.71, 0.34, 0.63, 0.21, 
[375]:	-2.27, -3.56, -1.52, -1.32, 2.16, -1.96, -2.91, -1.66, 
[376]:	-2.31, -2.22, -1.16, -4.66, 0.86, -0.59, 2.03, -4.53, 
[377]:	-0.77, 0.94, -0.39, -0.51, 0.91, 0.68, 0.79, 0.64, 
[378]:	1.79, -2.14, 0.83, -1.72, 1.54, -1.31, -0.06, -5.78, 
[379]:	-0.79, -0.62, -1.48, 0.17, -0.32, -0.56, -0.43, -0.47, 
[380]:	-0.32, 0.56, -0.99, 0.14, -0.76, -0.27, 1.20, -0.92, 
[381]:	1.56, -1.40, -2.75, -3.06, -6.00, -5.28, -0.22, 0.94, 
[382]:	-1.67, -0.15, -2.08, -1.56, -4.44, -1.14, -2.77, -1.67, 
[383]:	0.97, -1.32, -7.00, -3.59, 3.11, -6.31, 0.46, 3.20, 
[384]:	-1.73, -1.27, -0.95, -1.63, -0.53, -1.42, -1.82, 0.47, 
[385]:	-0.40, -2.44, 0.70, -4.75, 1.31, 0.71, -4.09, 2.38, 
[386]:	4.22, 0.52, 0.11, 2.45, 1.55, 1.70, 2.80, 2.98, 
[387]:	1.58, 0.60, 0.72, 0.07, -0.28, 0.53, 0.57, 0.04, 
[388]:	-2.33, -0.64, 0.08, 0.86, -1.56, -0.49, -0.06, -1.29, 
[389]:	1.23, -2.23, 0.73, 1.79, 4.16, 1.29, 0.84, 2.84, 
[390]:	-0.04, -0.04, -0.08, -0.03, -0.11, -0.05, -0.06, -0.07, 
[391]:	0.01, 4.31, -1.85, -1.45, 1.37, 0.73, 1.66, 0.50, 
[392]:	-0.46, -0.57, -0.10, 0.29, -0.22, -0.24, 0.58, 0.02, 
[393]:	0.24, 1.27, -0.33, -1.65, -1.23, -1.25, 0.96, 3.69, 
[394]:	0.29, -0.21, -0.47, -1.45, -0.91, -1.30, 0.04, 0.35, 
[395]:	1.03, 0.99, 1.00, 1.05, 1.00, 0.98, 0.98, 0.95, 
[396]:	-2.64, 0.52, 2.67, -1.32, -2.97, 0.01, -2.42, -1.48, 
[397]:	0.97, -0.45, 0.56, 1.14, -0.25, -0.23, 0.68, -0.48, 
[398]:	-0.96, -2.61, -0.52, -1.12, -1.88, -1.70, -1.21, -0.24, 
[399]:	3.69, 2.41, 1.62, 1.74, 3.73, 1.25, 2.05, 3.12, 
[400]:	0.12, -1.05, -2.20, -0.37, -0.46, -1.02, -1.12, 0.05, 
[401]:	-2.78, -0.04, -1.43, 5.91, 5.31, -0.93, -0.91, 0.57, 
[402]:	-5.41, 2.52, 1.38, -0.82, -0.34, 1.91, -7.38, -1.67, 
[403]:	-3.11, 0.03, 1.80, -3.09, 0.16, -2.64, -3.39, 0.17, 
[404]:	-0.24, -0.25, -0.61, -0.75, -0.06, -0.09, -0.32, 0.27, 
[405]:	0.24, -0.22, -0.35, 0.27, 0.04, -0.21, 0.30, 0.31, 
[406]:	-0.27, -0.24, -0.24, -0.27, -0.24, -0.27, -0.29, -0.25, 
[407]:	-0.14, 1.70, 2.55, -3.25, -6.69, -0.53, 1.34, 2.03, 
[408]:	1.24, 1.96, 2.09, 1.70, 1.22, 2.59, 1.58, 1.28, 
[409]:	-1.63, 2.03, -3.12, -1.62, 0.23, -2.94, -3.23, -0.65, 
[410]:	-0.52, 1.62, 0.95, -0.23, 0.58, 0.01, 2.17, 0.79, 
[411]:	-0.43, -1.76, 0.85, -1.84, 4.25, 1.86, -2.77, -0.71, 
[412]:	-0.13, -0.74, 0.91, 0.24, 0.01, 1.79, -0.46, -1.09, 
[413]:	-0.76, -1.00, 0.23, 0.25, 0.92, -0.96, -0.20, 0.56, 
[414]:	2.30, 2.44, -0.01, 1.98, 0.17, 2.41, 1.56, 0.49, 
[415]:	1.34, 1.44, 1.38, 1.36, 1.44, 1.40, 1.34, 1.45, 
[416]:	-0.63, -0.71, -0.55, -1.23, -0.19, -0.32, -0.54, -1.54, 
[417]:	0.47, 0.31, 0.01, 0.27, 0.59, 0.28, 0.46, 0.78, 
[418]:	1.26, 1.50, 0.04, 1.39, 0.77, 0.96, 1.00, 1.05, 
[419]:	0.82, -0.00, 1.54, -0.30, 0.18, -0.04, -0.32, 0.61, 
[420]:	0.47, 0.48, 0.48, 0.48, 0.48, 0.48, 0.48, 0.48, 
[421]:	2.84, 2.44, 1.59, 1.63, -0.72, 0.78, 1.76, 0.20, 
[422]:	-1.30, -2.17, -0.87, -0.59, -0.35, 0.38, 0.19, -0.57, 
[423]:	-1.61, 0.38, 0.88, 0.88, 1.45, 0.35, 1.44, 0.24, 
[424]:	-1.52, -0.59, -0.40, -1.13, 0.04, -0.50, -4.78, -2.59, 
[425]:	-2.08, 1.01, 0.50, -0.25, 1.46, -0.47, 0.47, 0.78, 
[426]:	-1.15, -2.69, -1.63, -2.22, -2.11, -1.94, -1.88, -1.77, 
[427]:	-1.20, -1.28, -1.23, -1.27, -1.19, -1.23, -1.19, -1.18, 
[428]:	-2.28, -1.84, -0.15, -1.84, 0.35, 1.63, 0.62, 0.20, 
[429]:	1.02, 1.01, 1.05, 1.04, 1.00, 1.02, 1.03, 1.03, 
[430]:	1.82, 1.84, 1.62, 1.99, 1.67, 1.51, 1.74, 1.62, 
[431]:	1.13, -0.14, 0.61, 0.01, 0.83, 0.54, 0.63, -0.06, 
[432]:	-0.19, 2.17, 1.86, 1.44, 0.20, 1.12, 1.48, 2.86, 
[433]:	-1.21, -1.21, -1.22, -1.22, -1.21, -1.21, -1.22, -1.21, 
[434]:	0.33, -2.48, 1.23, 0.56, -1.60, 1.54, -0.95, -1.82, 
[435]:	-0.80, 0.38, 2.31, -0.90, 2.08, 2.75, 1.62, 2.41, 
[436]:	0.27, 0.28, 0.23, 0.27, 0.14, 0.29, 0.32, 0.22, 
[437]:	-1.55, 3.08, 0.55, -1.03, 0.27, -1.95, -1.33, -1.91, 
[438]:	0.43, 1.12, 1.40, 0.76, 0.41, 0.62, 1.23, 1.59, 
[439]:	-0.54, 0.98, -0.25, 0.45, -0.92, 0.11, 1.36, -2.47, 
[440]:	-1.19, -1.40, -0.76, -0.94, -1.80, -3.47, 2.97, 3.48, 
[441]:	0.25, -0.17, 0.21, 1.83, -1.41, 0.13, 0.55, 0.52, 
[442]:	-0.93, -2.92, -2.92, 0.64, 0.75, -3.19, -0.71, -0.12, 
[443]:	-0.46, -2.20, -4.25, -0.12, -3.95, -3.44, -0.56, 2.47, 
[444]:	0.88, 2.00, 3.12, 2.02, -0.18, 0.56, 0.43, 3.58, 
[445]:	0.93, 1.03, 0.86, 1.09, 1.20, 1.08, 1.05, 1.05, 
[446]:	3.34, -1.66, 2.95, 0.46, 0.52, 1.77, 0.94, 2.83, 
[447]:	0.09, 0.07, 0.10, 0.02, 0.03, 0.08, 0.02, -0.00, 
[448]:	0.20, 1.72, 0.07, -0.05, 0.86, -2.03, 0.59, -1.48, 
[449]:	-2.05, -0.52, -0.79, -0.21, 1.38, -0.84, 1.26, 1.89, 
[450]:	-0.46, -1.62, 1.71, -3.27, -1.19, -1.38, 0.71, 1.34, 
[451]:	1.41, -1.70, 1.27, 1.99, -2.70, 0.99, -0.87, 0.31, 
[452]:	-0.50, -1.30, 0.21, -1.30, 0.22, -0.21, -0.42, 0.74, 
[453]:	0.13, -0.27, -0.69, 0.22, -0.37, 0.43, -1.15, -0.55, 
[454]:	2.45, 1.82, 1.08, -0.64, 1.73, 0.59, 0.88, 2.22, 
[455]:	-1.15, -1.27, -1.23, -1.55, -1.23, -1.52, -1.76, -1.77, 
[456]:	0.32, 0.79, 0.02, 0.05, 0.21, 0.43, 0.98, 0.38, 
[457]:	0.63, 3.84, -3.16, -3.33, 0.27, 1.66, 3.05, -1.32, 
[458]:	-2.20, 0.25, 2.38, -1.54, -0.67, 0.54, -1.36, 2.58, 
[459]:	0.19, 0.54, 0.10, 0.54, -0.11, -0.32, -0.05, -0.17, 
[460]:	1.52, -1.51, -3.05, 3.36, 6.06, 4.16, 5.59, -2.64, 
[461]:	0.52, 0.10, 0.03, 0.17, 0.22, 0.52, -0.12, -0.06, 
[462]:	0.40, -1.37, -0.10, -2.08, 0.84, 2.31, 1.15, -1.02, 
[463]:	-0.85, -0.64, -1.16, 1.12, 0.78, -3.00, -1.03, -0.68, 
[464]:	0.20, 0.17, 0.15, 0.20, 0.16, 0.52, 0.32, 0.23, 
[465]:	1.03, -0.35, 0.20, -0.56, 1.27, 0.08, -0.53, -0.27, 
[466]:	3.73, 0.25, 3.39, 0.84, 2.84, 2.30, 0.93, -3.86, 
[467]:	0.77, 1.56, 0.48, 1.55, 1.54, 3.44, 2.05, 3.16, 
[468]:	-1.48, 0.74, -2.17, -0.12, 0.21, 1.99, 2.38, 2.09, 
[469]:	-2.31, -3.66, -0.76, 0.25, -3.64, -3.64, -1.34, -2.64, 
[470]:	-1.27, -0.18, -2.94, -0.20, -3.81, -1.10, 1.10, 0.35, 
[471]:	-1.05, -0.05, 1.83, -1.28, 1.52, 2.02, -0.36, -0.50, 
[472]:	-1.24, -1.73, -1.20, -0.50, -1.05, -0.42, -0.35, -0.85, 
[473]:	1.44, -3.83, -4.12, -4.12, 5.38, -1.31, 2.41, 0.98, 
[474]:	-0.58, -0.51, -0.44, -0.36, -0.36, -0.44, -0.47, -0.44, 
[475]:	2.48, 0.74, 0.78, 1.54, 1.08, 0.85, 1.57, 1.45, 
[476]:	1.00, 0.92, 2.44, 2.34, 0.90, 1.41, 1.39, 1.54, 
[477]:	-0.41, 0.04, 0.48, -0.30, 0.05, 0.11, 0.22, -0.12, 
[478]:	-0.57, -0.49, -0.52, -0.61, -0.56, -0.54, -0.56, -0.52, 
[479]:	-2.80, -2.83, -3.28, -1.59, -2.75, -2.47, -2.42, -0.69, 
[480]:	-1.34, -1.36, -1.06, -1.02, -1.06, -0.70, -1.12, -1.41, 
[481]:	3.50, 2.69, 0.42, 0.87, 1.21, 3.78, -1.89, 0.98, 
[482]:	1.44, 1.39, 1.52, 2.06, 1.68, 1.61, 1.68, 1.38, 
[483]:	0.44, 2.42, 3.33, -3.47, 0.98, -3.08, 0.96, -0.41, 
[484]:	0.60, -2.27, -0.33, -0.99, -0.15, -2.41, -2.38, -0.26, 
[485]:	3.59, -1.28, 1.88, 1.45, 0.33, 0.70, 1.13, 2.80, 
[486]:	0.64, 0.76, -0.52, -0.41, 0.22, 1.00, 0.55, 0.18, 
[487]:	0.83, 3.47, 4.84, 2.39, 4.00, 1.87, 1.55, 2.11, 
[488]:	0.05, 0.06, 0.03, 0.05, 0.02, 0.02, 0.06, -0.01, 
[489]:	-3.19, 2.06, -3.53, 1.12, -4.50, 0.92, 1.10, -0.09, 
[490]:	-1.31, 3.12, -0.50, -3.97, -3.72, 2.33, -1.60, -3.61, 
[491]:	-9.25, 0.92, -3.84, 0.04, -2.53, -2.73, -1.70, -3.27, 
[492]:	0.07, -0.12, 0.52, 0.54, -0.25, -0.68, 0.47, -1.05, 
[493]:	-1.20, 2.72, -1.69, -1.50, -0.45, -2.28, 2.75, -0.07, 
[494]:	-1.63, -0.45, -2.88, 2.38, -2.42, -2.78, 0.03, -3.08, 
[495]:	-1.75, -1.76, -1.96, -1.98, -1.90, -1.98, -1.88, -1.93, 
[496]:	-0.69, -0.69, 2.72, 1.30, 0.38, 0.75, -1.95, -0.50, 
[497]:	-2.38, -4.53, 3.97, -2.45, 4.16, -6.41, -0.78, 0.46, 
[498]:	-1.17, 1.05, 0.17, -1.35, 0.12, 0.21, -0.98, 1.14, 
[499]:	0.71, 0.97, 1.05, 1.08, 2.30, 2.22, 2.09, 1.09, 
[500]:	-0.31, -0.79, -0.25, -0.99, -0.42, -0.25, -0.92, -1.05, 
[501]:	0.94, 1.61, 0.68, 2.38, -0.05, 2.48, 0.17, 1.98, 
[502]:	-0.68, -1.11, -0.65, -1.48, -1.02, -0.76, -1.37, -1.17, 
[503]:	-1.70, -1.19, -0.99, -1.34, -1.23, -1.66, -1.38, -1.59, 
[504]:	1.84, -3.72, -0.93, 1.20, -3.36, -5.44, -1.04, -3.39, 
[505]:	0.33, 0.10, 1.14, -0.33, 0.33, 0.48, -0.12, 0.85, 
[506]:	-0.53, -0.20, -0.09, -0.76, -0.84, -0.34, -1.20, 0.66, 
[507]:	-1.02, -1.08, -1.06, -1.08, -1.04, -1.08, -0.97, -0.83, 
[508]:	-1.23, -1.45, -1.70, -2.42, -2.77, -1.95, -2.27, -1.75, 
[509]:	-2.31, -0.61, 0.21, -1.20, -1.52, -0.80, -0.79, -0.06, 
[510]:	0.61, 0.15, -0.63, -0.50, -0.99, -1.05, -0.76, -0.77, 
[511]:	0.90, -2.14, -0.44, 0.89, 1.56, -2.80, -0.43, -4.81, 
[512]:	

[0]	
step =2048
-5.16, -2.00, -1.02, 1.05, 3.84, 2.97, -0.15, 0.66, 
[0]	-5.16, -2.00, -1.02, 1.05, 3.84, 2.97, -0.15, 0.66, 

[1]	-0.23, -1.25, -1.09, -2.11, -1.08, -2.00, 0.61, -1.15, 
[1]	-0.23, -1.25, -1.09, -2.11, -1.08, -2.00, 0.61, -1.15, 

[0]:	0.00, 0.00, 0.00, 0.00, 0.00, 0.00, 0.00, 0.00, 
[1]:	0.00, 0.00, 0.00, 0.00, 0.00, 0.00, 0.00, 0.00, 
[2]:	0.00, 0.00, 0.00, 0.00, 0.00, 0.00, 0.00, 0.00, 
[3]:	0.00, 0.00, 0.00, 0.00, 0.00, 0.00, 0.00, 0.00, 
[4]:	0.00, 0.00, 0.00, 0.00, 0.00, 0.00, 0.00, 0.00, 
[5]:	0.00, 0.00, 0.00, 0.00, 0.00, 0.00, 0.00, 0.00, 
[6]:	0.00, 0.00, 0.00, 0.00, 0.00, 0.00, 0.00, 0.00, 
[7]:	0.00, 0.00, 0.00, 0.00, 0.00, 0.00, 0.00, 0.00, 
[8]:	0.00, 0.00, 0.00, 0.00, 0.00, 0.00, 0.00, 0.00, 
[9]:	0.00, 0.00, 0.00, 0.00, 0.00, 0.00, 0.00, 0.00, 
[10]:	0.00, 0.00, 0.00, 0.00, 0.00, 0.00, 0.00, 0.00, 
[11]:	0.00, 0.00, 0.00, 0.00, 0.00, 0.00, 0.00, 0.00, 
[12]:	0.00, 0.00, 0.00, 0.00, 0.00, 0.00, 0.00, 0.00, 
[13]:	0.00, 0.00, 0.00, 0.00, 0.00, 0.00, 0.00, 0.00, 
[14]:	0.00, 0.00, 0.00, 0.00, 0.00, 0.00, 0.00, 0.00, 
[15]:	0.00, 0.00, 0.00, 0.00, 0.00, 0.00, 0.00, 0.00, 
[16]:	0.00, 0.00, 0.00, 0.00, 0.00, 0.00, 0.00, 0.00, 
[17]:	0.00, 0.00, 0.00, 0.00, 0.00, 0.00, 0.00, 0.00, 
[18]:	0.00, 0.00, 0.00, 0.00, 0.00, 0.00, 0.00, 0.00, 
[19]:	0.00, 0.00, 0.00, 0.00, 0.00, 0.00, 0.00, 0.00, 
[20]:	0.00, 0.00, 0.00, 0.00, 0.00, 0.00, 0.00, 0.00, 
[21]:	0.00, 0.00, 0.00, 0.00, 0.00, 0.00, 0.00, 0.00, 
[22]:	0.00, 0.00, 0.00, 0.00, 0.00, 0.00, 0.00, 0.00, 
[23]:	0.00, 0.00, 0.00, 0.00, 0.00, 0.00, 0.00, 0.00, 
[24]:	0.00, 0.00, 0.00, 0.00, 0.00, 0.00, 0.00, 0.00, 
[25]:	0.00, 0.00, 0.00, 0.00, 0.00, 0.00, 0.00, 0.00, 
[26]:	0.00, 0.00, 0.00, 0.00, 0.00, 0.00, 0.00, 0.00, 
[27]:	0.00, 0.00, 0.00, 0.00, 0.00, 0.00, 0.00, 0.00, 
[28]:	0.00, 0.00, 0.00, 0.00, 0.00, 0.00, 0.00, 0.00, 
[29]:	0.00, 0.00, 0.00, 0.00, 0.00, 0.00, 0.00, 0.00, 
[30]:	0.00, 0.00, 0.00, 0.00, 0.00, 0.00, 0.00, 0.00, 
[31]:	0.00, 0.00, 0.00, 0.00, 0.00, 0.00, 0.00, 0.00, 
[32]:	0.00, 0.00, 0.00, 0.00, 0.00, 0.00, 0.00, 0.00, 
[33]:	0.00, 0.00, 0.00, 0.00, 0.00, 0.00, 0.00, 0.00, 
[34]:	0.00, 0.00, 0.00, 0.00, 0.00, 0.00, 0.00, 0.00, 
[35]:	0.00, 0.00, 0.00, 0.00, 0.00, 0.00, 0.00, 0.00, 
[36]:	0.00, 0.00, 0.00, 0.00, 0.00, 0.00, 0.00, 0.00, 
[37]:	0.00, 0.00, 0.00, 0.00, 0.00, 0.00, 0.00, 0.00, 
[38]:	0.00, 0.00, 0.00, 0.00, 0.00, 0.00, 0.00, 0.00, 
[39]:	0.00, 0.00, 0.00, 0.00, 0.00, 0.00, 0.00, 0.00, 
[40]:	0.00, 0.00, 0.00, 0.00, 0.00, 0.00, 0.00, 0.00, 
[41]:	0.00, 0.00, 0.00, 0.00, 0.00, 0.00, 0.00, 0.00, 
[42]:	0.00, 0.00, 0.00, 0.00, 0.00, 0.00, 0.00, 0.00, 
[43]:	0.00, 0.00, 0.00, 0.00, 0.00, 0.00, 0.00, 0.00, 
[44]:	0.00, 0.00, 0.00, 0.00, 0.00, 0.00, 0.00, 0.00, 
[45]:	0.00, 0.00, 0.00, 0.00, 0.00, 0.00, 0.00, 0.00, 
[46]:	0.00, 0.00, 0.00, 0.00, 0.00, 0.00, 0.00, 0.00, 
[47]:	0.00, 0.00, 0.00, 0.00, 0.00, 0.00, 0.00, 0.00, 
[48]:	0.00, 0.00, 0.00, 0.00, 0.00, 0.00, 0.00, 0.00, 
[49]:	0.00, 0.00, 0.00, 0.00, 0.00, 0.00, 0.00, 0.00, 
[50]:	0.00, 0.00, 0.00, 0.00, 0.00, 0.00, 0.00, 0.00, 
[51]:	0.00, 0.00, 0.00, 0.00, 0.00, 0.00, 0.00, 0.00, 
[52]:	0.00, 0.00, 0.00, 0.00, 0.00, 0.00, 0.00, 0.00, 
[53]:	0.00, 0.00, 0.00, 0.00, 0.00, 0.00, 0.00, 0.00, 
[54]:	0.00, 0.00, 0.00, 0.00, 0.00, 0.00, 0.00, 0.00, 
[55]:	0.00, 0.00, 0.00, 0.00, 0.00, 0.00, 0.00, 0.00, 
[56]:	0.00, 0.00, 0.00, 0.00, 0.00, 0.00, 0.00, 0.00, 
[57]:	0.00, 0.00, 0.00, 0.00, 0.00, 0.00, 0.00, 0.00, 
[58]:	0.00, 0.00, 0.00, 0.00, 0.00, 0.00, 0.00, 0.00, 
[59]:	0.00, 0.00, 0.00, 0.00, 0.00, 0.00, 0.00, 0.00, 
[60]:	0.00, 0.00, 0.00, 0.00, 0.00, 0.00, 0.00, 0.00, 
[61]:	0.00, 0.00, 0.00, 0.00, 0.00, 0.00, 0.00, 0.00, 
[62]:	0.00, 0.00, 0.00, 0.00, 0.00, 0.00, 0.00, 0.00, 
[63]:	0.00, 0.00, 0.00, 0.00, 0.00, 0.00, 0.00, 0.00, 
[64]:	0.38, 0.22, 0.38, 0.47, 0.28, -1.07, 0.13, -0.07, 
[65]:	-0.98, 1.58, -0.00, -3.31, 0.93, 2.94, 3.17, -1.30, 
[66]:	-5.16, -2.00, -1.02, 1.05, 3.84, 2.97, -0.15, 0.66, 
[67]:	-0.23, -1.25, -1.09, -2.11, -1.08, -2.00, 0.61, -1.15, 
[68]:	1.39, 2.36, -1.32, 0.90, -0.22, -0.84, -0.66, 0.58, 
[69]:	1.05, 0.20, 0.58, 0.30, 0.01, 0.64, 0.59, 0.28, 
[70]:	-4.16, 0.91, -1.27, 0.83, 2.78, 0.98, 1.11, 1.71, 
[71]:	-0.59, 0.13, -0.53, 0.62, 0.14, -2.34, -2.92, -1.67, 
[72]:	-0.30, 0.44, -0.38, 0.58, 0.18, -0.71, 0.09, 0.27, 
[73]:	-1.12, -1.30, -0.75, -1.04, -0.93, -1.06, -1.07, -0.84, 
[74]:	1.48, 0.86, 2.47, -0.37, 0.89, 0.41, 1.52, 2.50, 
[75]:	0.23, 1.58, 0.81, 1.23, 1.16, -0.83, 0.02, -0.37, 
[76]:	-0.03, 0.50, -2.92, -0.13, 0.71, -1.84, 1.87, 0.19, 
[77]:	-0.12, 0.70, 0.34, 0.35, -0.70, 1.17, -0.23, 0.26, 
[78]:	0.79, 1.55, 1.17, 0.52, 0.75, 0.95, 0.27, 0.91, 
[79]:	-1.76, 2.64, -0.10, 1.24, -1.92, 2.33, -1.27, 0.84, 
[80]:	-0.55, -0.69, -0.91, -0.81, -0.88, -0.85, -0.80, -0.70, 
[81]:	1.35, 0.36, 4.28, -0.36, 1.73, 2.39, -1.31, -2.05, 
[82]:	0.22, -1.68, -1.18, -2.86, -0.00, -3.83, -4.41, -1.86, 
[83]:	-1.34, -1.27, -1.39, -0.70, -1.27, -1.46, -1.42, -1.11, 
[84]:	3.62, -0.75, 0.47, 2.16, 1.22, -1.00, 3.06, -0.54, 
[85]:	-0.07, -0.07, -0.08, -0.08, -0.06, -0.07, -0.06, -0.07, 
[86]:	0.61, -2.73, 2.41, 0.17, 0.09, 1.60, 0.12, 0.83, 
[87]:	1.90, -2.44, -0.40, 1.34, 0.59, 3.03, -1.20, -5.44, 
[88]:	3.42, -0.89, -1.33, 4.53, -1.40, 3.45, 0.66, -1.74, 
[89]:	-0.11, 1.02, 0.50, 0.72, -0.31, 0.44, 0.38, 0.13, 
[90]:	-5.72, 2.25, 0.39, 0.47, -1.55, 1.48, -6.38, -2.09, 
[91]:	-0.64, -1.42, -0.92, -1.24, -1.12, -1.30, -1.31, -1.51, 
[92]:	-1.73, 3.53, 2.12, 0.53, -1.42, -0.86, -3.41, -1.26, 
[93]:	1.65, -0.14, 2.94, -1.70, 0.59, -2.45, -0.71, -0.27, 
[94]:	-0.39, 0.60, -2.33, -0.87, -1.49, 0.06, -1.61, 0.95, 
[95]:	1.60, 0.95, -0.25, 0.10, 0.49, -0.33, 0.75, 0.02, 
[96]:	1.20, 1.74, -0.16, -1.98, -0.79, 0.60, -2.58, -0.51, 
[97]:	2.08, 2.08, 0.73, 1.05, 1.27, 1.78, 0.85, 2.33, 
[98]:	-1.11, -1.14, -1.07, -1.05, -1.09, -1.09, -1.06, -1.14, 
[99]:	0.24, 1.32, 0.16, -1.25, -1.47, 2.69, -3.47, -0.09, 
[100]:	0.97, 1.36, 1.90, 0.79, -1.15, -2.08, -0.59, -0.15, 
[101]:	-0.58, -0.79, -0.86, -0.63, -0.73, -0.62, -0.69, -0.73, 
[102]:	-1.88, -1.69, 1.09, -1.43, -3.27, -2.44, -0.43, -1.96, 
[103]:	-1.73, 0.25, -0.08, 0.62, -1.49, 0.87, 1.14, 0.44, 
[104]:	-2.14, 4.28, 1.04, 2.11, 3.88, 3.31, 2.81, -3.02, 
[105]:	-0.60, -0.76, -0.44, 0.03, -0.49, -0.04, -0.28, -0.36, 
[106]:	-0.91, -0.19, -0.64, -2.81, -1.10, -2.34, -1.44, -0.50, 
[107]:	0.73, 1.09, 1.61, 1.41, 0.21, -0.02, 1.87, 0.76, 
[108]:	2.66, 3.80, 1.72, -1.27, 1.23, -1.82, 0.17, 4.09, 
[109]:	-0.57, 2.23, -1.40, 1.51, 1.41, 2.42, 0.47, 1.93, 
[110]:	0.63, 1.23, 0.43, 1.30, 0.09, -0.38, 0.64, -0.89, 
[111]:	0.31, 1.56, 1.41, 0.78, 2.58, -0.04, 1.85, 1.64, 
[112]:	1.64, 1.23, 0.54, 0.02, 0.86, 1.02, 2.11, 1.54, 
[113]:	0.02, -0.05, -0.16, 0.12, 0.27, 0.14, -0.29, 0.07, 
[114]:	-1.10, -0.04, -0.09, 3.47, -2.47, 0.09, -0.38, 2.17, 
[115]:	0.46, 0.70, 0.19, 0.64, 0.40, 0.61, -0.07, 0.80, 
[116]:	3.11, -1.96, -2.86, 3.36, -2.20, -0.11, 4.56, 6.34, 
[117]:	1.12, 1.47, 1.09, 0.98, 2.23, 1.41, 0.36, 1.45, 
[118]:	0.02, 1.02, 0.95, 0.22, 1.05, 0.52, 0.93, 0.33, 
[119]:	-0.55, 0.37, -1.09, -1.22, -3.69, -0.77, -0.09, -0.98, 
[120]:	0.65, 0.66, 0.70, 0.55, 0.79, 0.73, 0.85, 0.55, 
[121]:	1.72, -2.11, 0.88, 1.13, -2.05, -1.54, -1.77, -1.43, 
[122]:	-3.61, -0.86, -2.94, -1.16, -3.42, -1.44, -2.31, 1.67, 
[123]:	2.52, 2.17, 3.92, 0.55, 1.55, 2.05, 1.78, 1.86, 
[124]:	0.08, -2.91, 2.33, -1.48, 1.55, -0.11, -5.06, 2.11, 
[125]:	-1.84, -0.98, -0.58, -0.49, 0.38, 0.16, -1.32, -1.66, 
[126]:	0.03, 0.73, -0.16, 0.08, -1.25, 0.28, -0.47, 0.03, 
[127]:	1.89, 1.67, 1.12, 1.45, 2.09, 1.20, 1.84, 2.09, 
[128]:	-1.35, -0.76, -0.36, -1.23, 0.19, -0.96, -1.46, 1.47, 
[129]:	-0.35, 2.06, -1.64, 4.81, -2.36, -1.66, 4.03, -3.62, 
[130]:	-0.62, 1.60, 1.84, 0.45, 0.98, 0.89, 0.24, 0.13, 
[131]:	-2.77, -1.22, -1.41, -0.38, 0.17, -1.09, -1.16, -0.33, 
[132]:	6.06, 0.80, -1.42, -3.86, 3.69, 0.34, -1.01, 2.83, 
[133]:	0.91, -0.07, 0.77, 1.06, 1.74, 0.93, 0.80, 1.37, 
[134]:	0.98, 1.04, 2.20, 0.65, 3.19, 1.45, 1.67, 2.00, 
[135]:	-1.35, 2.59, -3.06, -2.69, -0.10, -0.68, 0.17, -0.89, 
[136]:	1.27, 1.63, 0.10, -1.16, 0.52, 0.57, -2.08, -0.26, 
[137]:	0.01, -0.52, 0.29, 0.96, 0.75, 0.76, -0.36, -1.73, 
[138]:	-1.06, -0.46, -0.13, 1.07, 0.41, 0.88, -0.75, -1.13, 
[139]:	3.08, 1.72, 2.00, 3.86, 2.14, 1.38, 1.45, 0.60, 
[140]:	-0.23, -1.04, -1.59, -0.57, -0.14, -0.91, -0.28, -0.52, 
[141]:	-2.41, -1.38, -2.11, -2.53, -1.52, -1.54, -2.20, -1.35, 
[142]:	-0.27, 0.69, -0.52, -0.17, 0.27, 0.17, -0.12, -0.68, 
[143]:	-2.14, -2.89, -3.36, -3.28, -2.11, -3.58, -3.11, -2.47, 
[144]:	-0.83, -1.25, -1.66, -1.00, -1.04, -1.23, -1.27, -0.86, 
[145]:	2.31, 1.77, 2.05, 0.61, 0.72, 1.95, 1.95, 1.65, 
[146]:	6.41, -0.38, 0.59, 2.47, 2.06, 0.12, 8.12, 3.20, 
[147]:	3.95, -0.92, -3.67, 3.92, -1.12, 3.22, 4.38, -1.14, 
[148]:	0.45, 0.46, 1.05, 1.27, 0.16, 0.21, 0.57, -0.38, 
[149]:	1.47, 0.86, 0.70, 1.51, 1.21, 0.87, 1.55, 1.58, 
[150]:	-0.49, -1.22, -1.04, -0.48, -1.12, -0.48, 0.08, -0.98, 
[151]:	0.47, 0.41, 0.38, 0.57, 0.69, 0.48, 0.42, 0.40, 
[152]:	-2.09, 0.84, 1.34, -0.22, -2.19, 3.41, -0.74, -1.94, 
[153]:	-0.11, 0.56, -0.39, -0.11, 0.23, -0.36, -0.41, 0.07, 
[154]:	-0.59, -1.00, -0.87, -0.64, -0.80, -0.69, -1.10, -0.84, 
[155]:	-0.14, 0.99, -1.23, 1.05, -4.12, -2.09, 1.85, 0.10, 
[156]:	0.13, 1.41, -2.05, -0.66, -0.16, -3.91, 0.82, 2.14, 
[157]:	-1.55, -1.80, -0.53, -0.51, 0.19, -1.77, -0.98, -0.18, 
[158]:	1.34, 1.70, -4.50, 0.52, -4.03, 1.62, -0.52, -3.23, 
[159]:	-0.12, 1.95, 0.66, 0.21, 1.90, 1.14, -0.46, 2.08, 
[160]:	0.83, 0.83, 0.82, 0.86, 0.80, 0.81, 0.82, 0.88, 
[161]:	1.75, 1.51, 1.08, 1.45, 1.92, 1.47, 1.73, 2.20, 
[162]:	2.80, 3.17, 0.94, 3.00, 2.05, 2.34, 2.41, 2.47, 
[163]:	1.23, -1.73, 3.78, -2.80, -1.05, -1.87, -2.84, 0.45, 
[164]:	5.12, 0.62, -0.49, -0.93, 1.23, -2.61, 1.85, 1.00, 
[165]:	-0.55, -0.41, -0.11, -0.13, 0.69, 0.17, -0.17, 0.37, 
[166]:	1.14, 0.54, 1.44, 1.63, 1.80, 2.31, 2.17, 1.65, 
[167]:	1.46, -0.40, -0.86, -0.87, -1.40, -0.37, -1.39, -0.27, 
[168]:	0.10, -0.54, -0.66, -0.16, -0.96, -0.60, 2.34, 0.84, 
[169]:	11.06, 0.81, 2.53, 5.00, -0.69, 5.75, 2.61, 1.58, 
[170]:	0.76, -0.28, 0.43, 0.03, 0.11, 0.23, 0.26, 0.34, 
[171]:	-1.72, -1.11, -1.45, -1.20, -1.77, -1.48, -1.80, -1.86, 
[172]:	6.25, 5.25, 1.31, 5.25, 0.15, -2.86, -0.51, 0.48, 
[173]:	-1.61, -1.22, -2.56, -2.05, -1.01, -1.41, -1.92, -1.96, 
[174]:	0.21, 0.26, -0.25, 0.62, -0.14, -0.52, 0.02, -0.26, 
[175]:	-3.36, 3.58, -0.53, 2.77, -1.74, -0.16, -0.65, 3.11, 
[176]:	-2.41, 1.91, 1.34, 0.59, -1.69, 0.00, 0.65, 3.19, 
[177]:	-2.36, -1.42, -8.12, -5.66, 1.34, -3.72, -7.50, -3.09, 
[178]:	1.52, -4.00, 3.28, 1.97, -2.27, 3.88, -0.99, -2.69, 
[179]:	-2.72, -0.56, 3.03, -2.92, 2.58, 3.83, 1.73, 3.20, 
[180]:	1.92, 1.98, 0.70, 1.77, -1.73, 2.45, 3.33, 0.45, 
[181]:	0.37, -0.14, 0.14, 0.31, 0.17, 0.41, 0.35, 0.41, 
[182]:	1.24, 1.80, 2.02, 1.51, 1.23, 1.40, 1.88, 2.17, 
[183]:	0.44, -3.78, -0.35, -2.30, 1.51, -1.37, -4.84, 5.84, 
[184]:	-1.38, -1.45, -1.23, -1.30, -1.59, -2.17, 0.05, 0.23, 
[185]:	-0.86, -0.88, -0.86, -0.80, -0.93, -0.87, -0.85, -0.85, 
[186]:	-0.17, 0.62, 0.62, -0.79, -0.83, 0.73, -0.25, -0.49, 
[187]:	0.50, 0.94, 1.45, 0.41, 1.38, 1.25, 0.52, -0.24, 
[188]:	-1.17, -1.53, -1.90, -1.54, -0.82, -1.06, -1.02, -2.05, 
[189]:	-0.04, 0.68, -0.51, 1.12, 1.93, 1.06, 0.82, 0.89, 
[190]:	-5.81, 5.91, -4.91, 0.93, 0.78, -2.12, -0.19, -4.62, 
[191]:	1.29, 0.67, 1.77, -0.75, -0.46, 1.18, -0.63, -1.27, 
[192]:	0.62, -3.34, 0.96, 1.28, -1.09, 6.47, -0.41, 5.03, 
[193]:	3.91, 1.37, 1.81, 0.85, -1.80, 1.91, -1.59, -2.64, 
[194]:	-0.59, 0.11, -1.90, 1.11, -0.15, -0.03, -1.30, -1.68, 
[195]:	0.49, -0.28, 0.46, 0.63, -0.54, 0.38, -0.08, 0.22, 
[196]:	-0.35, -1.77, 0.91, -1.77, 0.95, 0.18, -0.19, 1.87, 
[197]:	-0.16, -0.19, -0.22, -0.15, -0.20, -0.13, -0.26, -0.21, 
[198]:	0.20, 0.15, 0.08, -0.06, 0.14, 0.04, 0.07, 0.18, 
[199]:	-5.56, -3.95, -4.44, -0.04, -4.31, -0.30, 2.88, 3.12, 
[200]:	-0.82, -1.04, -0.68, -0.69, -0.77, -0.87, -1.13, -0.85, 
[201]:	-1.16, 0.07, -2.62, -2.69, -1.30, -0.77, -0.24, -1.91, 
[202]:	1.47, 2.08, 2.61, 1.63, 1.85, 2.16, 1.68, 2.66, 
[203]:	0.55, 1.68, 0.29, 1.69, -0.39, -1.07, -0.20, -0.59, 
[204]:	-1.50, -3.66, -4.75, -0.19, 1.73, 0.38, 1.41, -4.47, 
[205]:	-0.10, -0.41, -0.46, -0.36, -0.32, -0.10, -0.57, -0.54, 
[206]:	0.25, -0.35, 0.08, -0.59, 0.40, 0.91, 0.51, -0.24, 
[207]:	-0.71, -0.76, -0.64, -1.16, -1.09, -0.22, -0.67, -0.75, 
[208]:	0.11, 0.17, 0.23, 0.11, 0.20, -0.71, -0.20, 0.04, 
[209]:	1.75, 0.37, 0.92, 0.15, 1.98, 0.80, 0.19, 0.44, 
[210]:	-1.92, -1.82, -1.91, -1.84, -1.90, -1.88, -1.84, -1.70, 
[211]:	-4.72, -0.70, -6.12, -0.77, -0.85, 8.69, 1.72, 7.28, 
[212]:	1.41, 0.34, 1.73, 0.75, 0.59, -0.27, -0.45, -0.31, 
[213]:	0.30, 1.59, -1.20, -2.16, 1.58, 1.56, -0.63, 0.61, 
[214]:	1.48, 0.44, 3.08, 0.46, 3.92, 1.32, -0.79, -0.07, 
[215]:	-1.51, 0.62, 4.62, -2.02, 3.95, 5.03, -0.05, -0.35, 
[216]:	3.95, 7.25, 3.69, -1.13, 2.59, -1.62, -2.09, 1.28, 
[217]:	-0.48, -0.67, -0.68, -0.68, -0.34, -0.58, -0.45, -0.50, 
[218]:	0.25, 0.13, 0.00, -0.12, -0.13, 0.00, 0.06, 0.01, 
[219]:	-1.23, 1.48, 1.41, 0.24, 0.95, 1.31, 0.19, 0.38, 
[220]:	-3.27, -3.55, 1.77, 1.48, -3.61, -1.81, -1.90, -1.35, 
[221]:	-1.09, -0.89, -0.68, -1.05, -0.88, -0.85, -0.80, -0.96, 
[222]:	-1.56, 2.50, 0.87, -3.36, -1.19, -0.15, -1.12, 1.26, 
[223]:	-0.27, -0.25, 0.05, -1.07, -0.29, -0.49, -0.52, -1.66, 
[224]:	1.09, 1.13, 0.51, 0.42, 0.50, -0.25, 0.62, 1.23, 
[225]:	0.29, 0.06, -0.59, -0.46, -0.37, 0.37, -1.26, -0.43, 
[226]:	1.21, 0.97, 1.62, 4.19, 2.34, 2.03, 2.38, 0.93, 
[227]:	0.15, 0.70, 0.95, -0.92, 0.30, -0.81, 0.30, -0.08, 
[228]:	-1.79, 0.72, -0.98, -0.40, -1.13, 0.85, 0.82, -1.04, 
[229]:	3.45, -4.50, 0.64, -0.07, -1.88, -1.27, -0.57, 2.14, 
[230]:	-2.53, -3.20, 3.84, 3.20, -0.25, -4.50, -2.03, 0.01, 
[231]:	-0.60, 0.67, 1.34, 0.15, 0.93, -0.10, -0.25, 0.01, 
[232]:	0.02, 0.37, -0.76, 0.25, -1.11, -0.86, 0.37, -2.02, 
[233]:	-0.86, 1.98, -1.05, 1.47, -1.57, 1.35, 1.45, 0.81, 
[234]:	0.42, 1.07, 0.54, 0.03, 0.06, 0.95, 0.38, 0.08, 
[235]:	-1.14, 0.06, -0.50, -0.05, -0.35, -0.37, -0.25, -0.43, 
[236]:	0.72, 0.83, 0.47, 0.46, 0.90, 1.14, 0.50, 1.34, 
[237]:	1.12, -1.05, 1.40, 1.29, 0.71, 1.73, -1.07, 0.50, 
[238]:	0.38, -1.83, 2.70, -7.12, 1.86, 2.53, -2.72, 3.09, 
[239]:	4.56, 4.16, -2.19, -2.95, -0.12, -2.84, 0.68, -1.22, 
[240]:	1.31, 1.31, -0.80, 0.08, 0.65, 0.42, 2.09, 1.20, 
[241]:	0.85, 1.04, 0.29, 0.86, 0.28, 1.20, 0.71, 0.60, 
[242]:	2.20, 1.52, 1.80, 2.27, 1.81, 1.78, 2.14, 1.49, 
[243]:	4.19, 3.36, 3.06, 3.00, -0.96, -0.69, -0.30, 2.98, 
[244]:	-1.51, 0.65, -1.80, 1.58, -1.02, -1.82, 1.27, 1.83, 
[245]:	0.03, 0.33, -0.08, 0.66, -0.40, 0.71, -0.31, 0.49, 
[246]:	0.39, -1.02, 0.48, -2.22, -0.70, 0.13, -1.86, -1.21, 
[247]:	2.95, -0.96, -2.42, 0.25, -0.62, 2.59, 0.45, 2.14, 
[248]:	1.37, -1.44, -0.04, 1.04, -1.26, -2.31, -0.09, -1.27, 
[249]:	-0.80, -0.61, -1.54, -0.21, -0.80, -0.95, -0.40, -1.27, 
[250]:	0.47, 0.11, -0.01, 0.73, 0.81, 0.27, 1.20, -0.83, 
[251]:	-0.48, -1.34, -1.07, -1.34, -0.79, -1.35, 0.34, 2.48, 
[252]:	3.62, 3.36, 3.06, 2.19, 1.78, 2.75, 2.39, 3.00, 
[253]:	-1.67, 0.28, 1.23, -0.39, -0.76, 0.07, 0.08, 0.92, 
[254]:	0.44, 0.85, 1.55, 1.44, 1.87, 1.92, 1.66, 1.66, 
[255]:	-2.17, 0.39, -1.05, -2.16, -2.73, 0.93, -1.05, 2.62, 
[256]:	-0.37, -4.09, 1.96, -2.78, 0.29, 0.43, 1.30, 1.81, 
[257]:	0.21, -1.38, -0.20, -0.52, -0.62, -0.04, -0.54, 0.67, 
[258]:	0.33, 1.71, 3.58, 0.47, -0.10, 3.70, 0.32, 1.88, 
[259]:	-0.15, -0.12, -0.71, -2.22, -1.45, -1.36, -1.33, -1.28, 
[260]:	3.14, 3.28, -1.14, 1.95, 2.47, -2.16, -2.42, -2.80, 
[261]:	-0.84, 3.20, 3.44, 2.67, 3.91, -2.03, -0.84, 2.30, 
[262]:	0.14, -0.64, -0.44, -2.03, -0.12, -1.25, -4.28, -1.30, 
[263]:	-1.53, 0.35, -3.84, -1.00, -4.06, -0.87, 1.84, -0.59, 
[264]:	0.66, 0.89, 0.14, -0.44, -2.38, 0.10, 0.03, 0.53, 
[265]:	-2.56, -1.54, -1.30, -3.84, -2.16, 1.71, 0.11, -0.04, 
[266]:	-3.12, -0.84, 2.77, 2.06, 1.33, -0.67, 0.28, 0.77, 
[267]:	1.66, -3.20, 0.66, 2.16, -1.74, 1.20, 0.45, 0.21, 
[268]:	-0.15, 0.94, 0.41, 1.20, -0.91, 0.57, 0.96, -1.43, 
[269]:	-0.89, -0.43, -0.48, -0.03, -3.14, -1.85, 0.52, -2.45, 
[270]:	-7.28, -2.02, -0.99, -3.88, 0.14, 1.28, -7.91, 0.77, 
[271]:	-0.16, 0.65, 0.10, 0.46, -0.21, -0.33, -0.51, -0.55, 
[272]:	-0.50, -1.18, -1.36, -0.23, 0.21, -0.13, 0.39, 0.45, 
[273]:	-4.53, -2.17, -1.21, 0.61, 0.18, 1.45, -0.16, -0.32, 
[274]:	1.34, 0.58, 0.71, -0.22, 0.99, -1.27, 1.02, -0.83, 
[275]:	-4.75, -1.47, -0.93, 2.95, 2.48, -1.47, -0.89, 3.73, 
[276]:	-1.38, -0.16, -1.57, 1.48, 0.67, -0.29, 0.77, -0.11, 
[277]:	2.05, 1.20, 0.86, 0.88, 1.62, 1.69, 2.34, 0.84, 
[278]:	0.47, 0.73, 0.62, 0.31, 0.45, -0.40, 0.52, -0.00, 
[279]:	-1.24, -1.13, -1.00, -1.08, -1.00, -1.05, -1.03, -1.10, 
[280]:	0.26, 0.04, 0.20, 2.09, 0.16, 1.76, 1.10, 0.19, 
[281]:	-1.61, -1.57, -1.42, -1.52, -1.50, -1.59, -1.55, -1.66, 
[282]:	-0.68, -0.13, -0.97, -0.92, 0.01, -0.54, 0.68, -0.61, 
[283]:	-3.03, -2.38, -2.30, -1.59, -2.52, -1.95, -2.08, -2.66, 
[284]:	-2.09, -1.66, -1.34, -1.27, -1.00, -2.23, -0.87, -2.45, 
[285]:	-0.11, -0.18, -0.18, -0.25, -0.15, -0.37, -0.09, 0.01, 
[286]:	0.21, 0.86, 0.71, 1.02, -0.18, 0.70, 0.75, 1.55, 
[287]:	1.62, 1.03, 0.14, 2.66, 0.72, 2.42, 2.05, 1.66, 
[288]:	1.02, 1.78, 1.24, 1.27, 1.45, 1.51, 1.32, 1.20, 
[289]:	1.60, 1.82, 2.05, 1.08, 1.95, 1.48, 1.09, 2.23, 
[290]:	-0.53, -0.55, -0.55, -0.54, -0.54, -0.54, -0.54, -0.54, 
[291]:	1.10, 0.77, 1.05, 0.85, 1.07, 0.96, 0.91, 0.88, 
[292]:	-0.70, -1.47, -0.88, -1.00, -0.96, -1.02, -1.09, -1.20, 
[293]:	-0.77, 6.06, 0.45, 3.59, -0.51, 2.36, 4.56, -1.38, 
[294]:	2.34, 0.64, 1.45, 0.54, 0.16, 1.55, 0.80, -3.41, 
[295]:	0.42, 0.40, 0.37, 0.66, 0.46, 0.59, 0.55, 0.77, 
[296]:	-0.54, 1.27, 0.82, -0.37, 2.44, 1.77, 0.88, 0.37, 
[297]:	0.02, 0.22, -0.57, -0.49, -0.08, -0.02, -0.04, 0.03, 
[298]:	-0.77, 2.66, -1.45, 1.38, 0.49, 0.68, 2.19, 0.95, 
[299]:	-0.06, -1.55, 1.71, 2.16, 1.74, -4.72, 3.12, 1.59, 
[300]:	0.28, 0.24, 0.25, 0.17, 0.27, 0.22, 0.22, 0.28, 
[301]:	-4.12, 0.37, -1.38, 0.59, -0.93, 3.20, 3.97, -4.38, 
[302]:	-0.62, -1.02, -1.06, -0.60, -0.81, -1.20, -0.95, -1.13, 
[303]:	2.42, -3.38, 1.87, -3.36, -1.97, -2.66, -0.38, -1.28, 
[304]:	1.59, 0.69, -4.53, 0.55, -2.64, -2.98, 3.42, -5.72, 
[305]:	0.15, 0.32, 0.45, 0.14, 0.40, 0.49, 0.36, 0.08, 
[306]:	-0.12, 0.73, -1.25, 0.64, -2.39, -1.59, -1.81, -0.66, 
[307]:	-0.19, 1.21, -1.36, 1.88, -1.22, 3.73, 1.64, 0.43, 
[308]:	-0.59, -2.11, -0.88, -0.33, -0.81, -1.53, -0.74, -1.28, 
[309]:	1.34, -0.09, 0.48, 1.15, 0.77, 0.57, 0.36, 0.50, 
[310]:	-0.43, -0.32, -0.49, -1.56, 0.08, -1.51, -0.68, -0.21, 
[311]:	1.63, 1.67, 0.24, 1.38, 0.55, 1.95, -0.09, -0.74, 
[312]:	1.01, 0.33, 1.33, 0.23, 0.38, 0.08, 0.11, 1.22, 
[313]:	-0.59, 0.61, 3.69, 4.00, -2.44, -2.89, 3.09, -0.84, 
[314]:	-0.08, 0.31, -1.84, 0.33, 1.15, 0.02, 0.92, -1.05, 
[315]:	-1.85, -0.49, -0.77, 0.15, -2.25, -0.88, -1.67, -0.92, 
[316]:	-0.45, -0.03, 0.67, -0.56, -0.07, 0.59, -0.17, -0.95, 
[317]:	-1.62, -2.61, -3.55, -3.25, -2.56, -3.23, -2.94, -3.84, 
[318]:	-0.19, -0.65, -0.69, -1.18, -0.07, -0.47, -0.53, -1.48, 
[319]:	1.02, 0.71, 0.57, -0.44, 0.88, -0.25, 0.86, -0.16, 
[320]:	-0.25, -0.33, -0.24, -0.20, -0.30, -1.00, -0.38, -0.48, 
[321]:	-0.14, 1.51, 0.49, -1.63, 1.09, 2.39, 2.55, -0.34, 
[322]:	-1.34, -0.77, -0.59, -0.22, 0.29, 0.13, -0.44, -0.29, 
[323]:	0.23, 2.06, 1.77, 3.62, 1.76, 3.42, -1.30, 1.89, 
[324]:	-0.40, -1.72, 3.34, 0.28, 1.83, 2.69, 2.44, 0.73, 
[325]:	-0.26, -1.91, -1.17, -1.71, -2.27, -1.05, -1.15, -1.75, 
[326]:	0.16, -1.05, -0.53, -1.02, -1.49, -1.06, -1.09, -1.23, 
[327]:	1.29, -0.35, 1.15, -1.48, -0.38, 5.28, 6.62, 3.75, 
[328]:	-0.11, -0.74, -0.04, -0.86, -0.52, 0.24, -0.45, -0.60, 
[329]:	2.20, 4.09, -1.59, 1.39, 0.19, 1.62, 1.66, -0.69, 
[330]:	-2.42, -0.64, -5.22, 2.88, -0.72, 0.66, -2.50, -5.31, 
[331]:	1.31, -0.23, 0.64, 0.16, 0.25, 2.52, 1.55, 2.00, 
[332]:	-0.78, -0.90, -0.15, -0.76, -0.95, -0.39, -1.20, -0.83, 
[333]:	0.74, 0.54, 0.63, 0.62, 0.87, 0.43, 0.76, 0.64, 
[334]:	-0.13, -2.28, -1.22, 0.60, -0.05, -0.61, 1.32, -0.48, 
[335]:	1.67, 1.80, 1.72, 1.77, 1.66, 1.80, 1.69, 1.75, 
[336]:	4.72, 3.14, 0.57, 1.77, 0.99, 1.33, 1.91, 2.98, 
[337]:	1.22, 0.37, 3.75, -0.25, 1.55, 2.11, -1.07, -1.71, 
[338]:	-2.78, -0.24, -0.92, 1.34, -2.48, 2.62, 3.42, -0.00, 
[339]:	0.73, 0.69, 0.77, 0.34, 0.69, 0.81, 0.79, 0.59, 
[340]:	-0.33, -0.36, -0.35, -0.34, -0.35, -0.36, -0.34, -0.36, 
[341]:	0.01, -0.78, -3.03, -1.84, 0.46, -0.80, 0.61, -0.51, 
[342]:	-0.71, -2.20, 0.10, -0.90, -0.94, -0.26, -0.92, -0.61, 
[343]:	-0.64, -0.04, -0.32, -0.56, -0.46, -0.80, -0.21, 0.37, 
[344]:	1.91, -0.05, -0.25, 2.42, -0.29, 1.93, 0.65, -0.44, 
[345]:	-1.68, 0.54, -0.49, -0.05, -2.08, -0.60, -0.73, -1.21, 
[346]:	1.18, -0.62, -0.20, -0.22, 0.24, -0.44, 1.32, 0.36, 
[347]:	-0.84, 0.04, -0.52, -0.16, -0.30, -0.10, -0.08, 0.14, 
[348]:	1.72, 2.08, 1.98, 1.88, 1.74, 1.78, 1.60, 1.75, 
[349]:	-1.91, -0.28, -3.09, 1.15, -0.94, 1.84, 0.24, -0.16, 
[350]:	0.50, 0.50, 0.50, 0.50, 0.50, 0.50, 0.50, 0.50, 
[351]:	-0.50, -0.34, -0.04, -0.13, -0.23, -0.02, -0.29, -0.11, 
[352]:	1.31, 1.91, -0.15, -2.12, -0.83, 0.67, -2.77, -0.53, 
[353]:	-0.02, -0.02, 1.15, 0.87, 0.67, 0.23, 1.05, -0.23, 
[354]:	-0.16, -0.38, 0.06, 0.20, -0.04, -0.10, 0.11, -0.37, 
[355]:	0.30, -0.18, 0.34, 0.98, 1.08, -0.80, 1.98, 0.45, 
[356]:	4.00, 4.69, 5.62, 3.69, 0.27, -1.35, 1.26, 2.03, 
[357]:	-1.09, 2.44, 3.69, -0.31, 1.36, -0.44, 0.77, 1.37, 
[358]:	-0.47, -0.37, 1.11, -0.23, -1.21, -0.77, 0.30, -0.52, 
[359]:	2.06, -0.34, 0.06, -0.79, 1.77, -1.09, -1.42, -0.57, 
[360]:	-0.48, -1.95, -1.20, -1.45, -1.86, -1.73, -1.61, -0.28, 
[361]:	-0.41, -0.90, 0.10, 1.56, -0.06, 1.34, 0.61, 0.34, 
[362]:	-0.97, -1.36, -1.12, 0.06, -0.87, -0.19, -0.68, -1.19, 
[363]:	-0.20, 0.03, 0.37, 0.24, -0.54, -0.68, 0.53, -0.18, 
[364]:	-0.48, -1.15, 0.07, 1.81, 0.35, 2.12, 0.97, -1.33, 
[365]:	-2.03, 2.77, -3.45, 1.52, 1.35, 3.06, -0.26, 2.23, 
[366]:	-0.22, -0.97, 0.04, -1.07, 0.47, 1.06, -0.23, 1.71, 
[367]:	1.80, 2.06, 2.02, 1.89, 2.27, 1.73, 2.11, 2.08, 
[368]:	0.22, 0.04, -0.25, -0.48, -0.12, -0.05, 0.43, 0.18, 
[369]:	0.07, 0.28, 0.62, -0.24, -0.71, -0.31, 1.02, -0.10, 
[370]:	0.76, 0.74, 0.74, 0.69, 0.78, 0.74, 0.75, 0.71, 
[371]:	0.61, 1.80, -0.76, 1.54, 0.31, 1.39, -2.08, 2.38, 
[372]:	-1.57, -2.02, -2.09, -1.55, -2.03, -1.85, -1.45, -1.28, 
[373]:	-1.88, -1.95, -1.87, -1.84, -2.12, -1.94, -1.70, -1.95, 
[374]:	0.41, -0.86, -0.77, 0.16, -0.88, -0.22, -0.73, 0.03, 
[375]:	-0.16, -1.70, 0.74, 0.96, 5.09, 0.21, -0.93, 0.56, 
[376]:	0.67, 0.84, 2.64, -3.38, 6.12, 3.64, 8.19, -3.12, 
[377]:	1.57, -0.77, 1.05, 1.21, -0.73, -0.42, -0.56, -0.35, 
[378]:	1.16, -1.59, 0.49, -1.30, 0.98, -1.02, -0.14, -4.12, 
[379]:	-0.89, -0.77, -1.39, -0.18, -0.54, -0.72, -0.62, -0.65, 
[380]:	-0.30, 0.18, -0.66, -0.05, -0.53, -0.27, 0.52, -0.62, 
[381]:	3.23, -0.57, -2.30, -2.69, -6.47, -5.53, 0.94, 2.42, 
[382]:	0.57, 3.47, -0.18, 0.79, -4.69, 1.59, -1.49, 0.58, 
[383]:	1.92, 1.34, -0.12, 0.75, 2.47, 0.06, 1.79, 2.50, 
[384]:	-1.66, -0.78, -0.18, -1.47, 0.63, -1.07, -1.82, 2.53, 
[385]:	-0.03, 0.44, -0.28, 0.98, -0.43, -0.29, 0.83, -0.67, 
[386]:	3.42, -2.14, -2.75, 0.75, -0.58, -0.37, 1.27, 1.55, 
[387]:	1.41, 1.20, 1.23, 1.09, 1.02, 1.19, 1.20, 1.09, 
[388]:	2.25, 0.86, 0.28, -0.37, 1.62, 0.74, 0.39, 1.40, 
[389]:	0.02, 1.77, 0.27, -0.27, -1.48, -0.02, 0.21, -0.80, 
[390]:	-0.84, -0.84, -0.75, -0.87, -0.67, -0.80, -0.79, -0.76, 
[391]:	-0.61, 3.38, -2.33, -1.95, 0.66, 0.07, 0.93, -0.15, 
[392]:	0.28, 0.34, 0.07, -0.15, 0.15, 0.15, -0.31, 0.01, 
[393]:	-1.08, -0.73, -1.27, -1.73, -1.59, -1.59, -0.84, 0.10, 
[394]:	-0.55, -0.11, 0.12, 0.97, 0.50, 0.83, -0.32, -0.59, 
[395]:	0.47, -0.91, -0.62, 1.27, -0.48, -1.25, -1.18, -2.03, 
[396]:	-0.50, 0.33, 0.90, -0.15, -0.58, 0.20, -0.44, -0.19, 
[397]:	1.37, 1.88, 1.52, 1.31, 1.80, 1.80, 1.48, 1.88, 
[398]:	0.08, -2.77, 0.85, -0.21, -1.51, -1.20, -0.35, 1.32, 
[399]:	3.16, -0.01, -1.98, -1.69, 3.30, -2.92, -0.94, 1.75, 
[400]:	-0.26, -1.30, -2.31, -0.69, -0.78, -1.27, -1.35, -0.32, 
[401]:	0.12, -0.14, -0.01, -0.72, -0.66, -0.06, -0.06, -0.20, 
[402]:	-2.33, 1.41, 0.88, -0.16, 0.06, 1.13, -3.27, -0.57, 
[403]:	-1.98, 3.75, 6.97, -1.95, 3.98, -1.11, -2.50, 4.00, 
[404]:	0.41, 0.41, 0.58, 0.64, 0.32, 0.34, 0.44, 0.16, 
[405]:	-1.54, -1.29, -1.22, -1.55, -1.43, -1.29, -1.57, -1.58, 
[406]:	-0.19, 0.26, 0.15, -0.19, 0.20, -0.20, -0.54, 0.11, 
[407]:	-0.91, -0.20, 0.12, -2.11, -3.42, -1.05, -0.34, -0.07, 
[408]:	1.43, -1.67, -2.22, -0.55, 1.52, -4.41, -0.01, 1.27, 
[409]:	0.19, -2.80, 1.40, 0.18, -1.32, 1.25, 1.48, -0.61, 
[410]:	1.66, 0.59, 0.93, 1.52, 1.11, 1.40, 0.31, 1.01, 
[411]:	0.75, 0.10, 1.37, 0.07, 3.02, 1.86, -0.39, 0.61, 
[412]:	0.39, -0.15, 1.30, 0.72, 0.51, 2.09, 0.10, -0.46, 
[413]:	0.54, 0.51, 0.65, 0.65, 0.73, 0.52, 0.60, 0.69, 
[414]:	-2.12, -2.38, 1.69, -1.59, 1.38, -2.31, -0.91, 0.86, 
[415]:	-3.67, -0.10, -2.33, -3.09, -0.19, -1.50, -4.25, 0.12, 
[416]:	0.37, 0.53, 0.22, 1.55, -0.50, -0.25, 0.19, 2.17, 
[417]:	-0.03, 0.23, 0.73, 0.30, -0.23, 0.28, -0.01, -0.55, 
[418]:	-0.02, -0.66, 3.14, -0.36, 1.26, 0.76, 0.65, 0.54, 
[419]:	1.38, 0.99, 1.73, 0.84, 1.08, 0.97, 0.84, 1.28, 
[420]:	-0.02, 1.27, 1.59, 1.72, 1.09, 2.20, 0.92, 1.16, 
[421]:	4.06, 3.52, 2.31, 2.38, -0.94, 1.17, 2.55, 0.36, 
[422]:	-1.70, -0.46, -2.31, -2.70, -3.06, -4.09, -3.81, -2.75, 
[423]:	-1.05, -0.08, 0.17, 0.17, 0.45, -0.09, 0.44, -0.14, 
[424]:	0.12, -0.07, -0.11, 0.04, -0.19, -0.09, 0.77, 0.33, 
[425]:	-2.94, 0.88, 0.24, -0.68, 1.44, -0.95, 0.21, 0.59, 
[426]:	-1.91, 2.59, -0.48, 1.25, 0.93, 0.40, 0.25, -0.07, 
[427]:	-1.53, 1.10, -0.40, 0.69, -1.75, -0.47, -1.87, -2.14, 
[428]:	-1.41, -1.35, -1.16, -1.35, -1.10, -0.96, -1.07, -1.12, 
[429]:	0.02, 0.79, -1.89, -0.87, 1.21, 0.41, -0.61, -0.69, 
[430]:	-0.98, -1.32, 2.19, -3.73, 1.45, 4.03, 0.37, 2.22, 
[431]:	2.22, -0.22, 1.23, 0.07, 1.65, 1.09, 1.27, -0.06, 
[432]:	-2.89, 1.02, 0.50, -0.18, -2.23, -0.71, -0.12, 2.17, 
[433]:	0.61, 0.08, 3.88, 2.48, -1.48, 1.38, 3.52, 1.03, 
[434]:	0.24, -0.30, 0.42, 0.29, -0.13, 0.48, -0.01, -0.17, 
[435]:	-3.77, -1.69, 1.78, -3.95, 1.35, 2.55, 0.53, 1.95, 
[436]:	-1.14, -1.16, -0.91, -1.11, -0.44, -1.24, -1.41, -0.86, 
[437]:	0.52, -3.36, -1.23, 0.09, -1.00, 0.85, 0.34, 0.82, 
[438]:	1.22, 0.31, -0.06, 0.77, 1.23, 0.96, 0.16, -0.31, 
[439]:	1.53, 1.10, 1.45, 1.25, 1.64, 1.34, 0.99, 2.09, 
[440]:	-2.61, -2.70, -2.45, -2.52, -2.86, -3.52, -0.98, -0.78, 
[441]:	0.72, 1.19, 0.76, -1.03, 2.55, 0.85, 0.38, 0.42, 
[442]:	-1.71, -2.86, -2.86, -0.80, -0.74, -3.02, -1.59, -1.24, 
[443]:	1.66, -1.36, -4.94, 2.25, -4.44, -3.52, 1.49, 6.78, 
[444]:	0.09, 2.22, 4.34, 2.25, -1.92, -0.52, -0.77, 5.19, 
[445]:	1.59, 0.41, 2.36, -0.30, -1.64, -0.21, 0.17, 0.06, 
[446]:	2.19, -1.52, 1.90, 0.05, 0.09, 1.02, 0.40, 1.80, 
[447]:	-1.45, -1.48, -1.41, -1.58, -1.56, -1.45, -1.57, -1.62, 
[448]:	0.41, -0.09, 0.45, 0.49, 0.19, 1.13, 0.28, 0.95, 
[449]:	-0.04, -0.31, -0.26, -0.37, -0.64, -0.25, -0.62, -0.73, 
[450]:	-1.46, -1.92, -0.60, -2.58, -1.75, -1.83, -1.00, -0.74, 
[451]:	-0.75, 0.55, -0.69, -0.99, 0.98, -0.57, 0.21, -0.29, 
[452]:	-0.27, -0.33, -0.22, -0.33, -0.22, -0.25, -0.27, -0.18, 
[453]:	0.77, 0.27, -0.24, 0.88, 0.16, 1.13, -0.80, -0.07, 
[454]:	0.38, -0.64, -1.81, -4.56, -0.77, -2.58, -2.12, 0.00, 
[455]:	4.47, 2.86, 3.34, -1.09, 3.20, -0.84, -4.03, -4.31, 
[456]:	0.15, 0.77, -0.25, -0.21, 0.01, 0.29, 1.03, 0.23, 
[457]:	-0.25, 2.53, -3.53, -3.67, -0.57, 0.64, 1.84, -1.94, 
[458]:	-3.09, -1.38, 0.09, -2.64, -2.03, -1.18, -2.52, 0.24, 
[459]:	-1.59, -1.28, -1.66, -1.27, -1.86, -2.05, -1.80, -1.91, 
[460]:	0.04, 2.55, 3.81, -1.48, -3.72, -2.14, -3.34, 3.48, 
[461]:	-1.02, -0.65, -0.59, -0.71, -0.75, -1.02, -0.45, -0.50, 
[462]:	1.14, 0.71, 1.02, 0.54, 1.24, 1.60, 1.32, 0.79, 
[463]:	-0.48, -0.82, 0.02, -3.69, -3.14, 3.03, -0.19, -0.75, 
[464]:	0.82, 0.77, 0.72, 0.83, 0.75, 1.52, 1.09, 0.89, 
[465]:	-0.02, 0.02, 0.01, 0.03, -0.03, 0.01, 0.03, 0.02, 
[466]:	3.95, 2.45, 3.80, 2.70, 3.56, 3.33, 2.75, 0.68, 
[467]:	-1.05, 0.64, -1.66, 0.61, 0.58, 4.62, 1.67, 4.03, 
[468]:	-1.56, -0.67, -1.84, -1.02, -0.88, -0.16, -0.01, -0.12, 
[469]:	0.44, 1.58, -0.89, -1.74, 1.57, 1.55, -0.39, 0.71, 
[470]:	0.29, 1.19, -1.09, 1.17, -1.80, 0.43, 2.23, 1.62, 
[471]:	2.23, 1.91, 1.30, 2.31, 1.41, 1.24, 2.02, 2.06, 
[472]:	3.92, 5.09, 3.83, 2.12, 3.45, 1.95, 1.78, 2.98, 
[473]:	-1.05, -0.77, -0.76, -0.76, -1.25, -0.90, -1.09, -1.02, 
[474]:	1.25, 0.81, 0.38, -0.05, -0.09, 0.38, 0.59, 0.40, 
[475]:	-1.95, 4.91, 4.75, 1.76, 3.56, 4.47, 1.63, 2.14, 
[476]:	2.67, 2.89, -1.30, -1.07, 2.95, 1.53, 1.60, 1.17, 
[477]:	-1.20, -1.02, -0.83, -1.16, -1.01, -0.98, -0.94, -1.08, 
[478]:	-0.57, 1.15, 0.46, -1.32, -0.41, 0.03, -0.38, 0.62, 
[479]:	-2.39, -2.48, -3.72, 0.85, -2.31, -1.51, -1.38, 3.27, 
[480]:	-1.58, -1.64, -0.65, -0.52, -0.65, 0.54, -0.84, -1.80, 
[481]:	-1.55, -1.07, 0.33, 0.05, -0.16, -1.73, 1.73, -0.02, 
[482]:	-0.42, -0.90, 0.37, 5.38, 1.78, 1.18, 1.84, -0.97, 
[483]:	-0.72, -0.39, -0.23, -1.38, -0.63, -1.32, -0.63, -0.87, 
[484]:	-5.44, 1.23, -3.30, -1.75, -3.72, 1.56, 1.50, -3.45, 
[485]:	-0.89, 6.62, 1.76, 2.42, 4.12, 3.56, 2.91, 0.34, 
[486]:	-0.12, -0.29, 1.46, 1.30, 0.45, -0.61, 0.01, 0.51, 
[487]:	-5.12, 2.84, 7.03, -0.39, 4.47, -2.00, -2.92, -1.28, 
[488]:	1.41, 1.40, 1.46, 1.41, 1.48, 1.47, 1.40, 1.54, 
[489]:	-0.66, 1.46, -0.80, 1.09, -1.20, 1.00, 1.07, 0.59, 
[490]:	0.71, 0.84, 0.73, 0.63, 0.64, 0.82, 0.70, 0.64, 
[491]:	-4.81, 4.12, -0.06, 3.34, 1.09, 0.91, 1.82, 0.45, 
[492]:	-1.09, -1.01, -1.30, -1.30, -0.95, -0.75, -1.27, -0.59, 
[493]:	0.76, 1.73, 0.64, 0.69, 0.95, 0.50, 1.73, 1.04, 
[494]:	0.55, 1.70, -0.65, 4.44, -0.21, -0.56, 2.16, -0.86, 
[495]:	-4.56, -4.19, 1.88, 2.61, -0.09, 2.50, -0.85, 0.95, 
[496]:	-2.19, -2.19, -0.40, -1.14, -1.62, -1.43, -2.84, -2.08, 
[497]:	1.35, 2.48, -2.00, 1.39, -2.11, 3.48, 0.51, -0.15, 
[498]:	1.20, 0.31, 0.66, 1.27, 0.68, 0.65, 1.12, 0.28, 
[499]:	-1.35, -0.54, -0.26, -0.20, 3.66, 3.39, 3.02, -0.18, 
[500]:	-0.08, 0.81, -0.20, 1.20, 0.12, -0.21, 1.06, 1.30, 
[501]:	-1.52, -0.71, -1.85, 0.22, -2.75, 0.36, -2.47, -0.25, 
[502]:	0.30, 2.03, 0.19, 3.52, 1.64, 0.62, 3.06, 2.28, 
[503]:	3.22, 0.43, -0.61, 1.30, 0.66, 2.95, 1.43, 2.64, 
[504]:	-0.09, 0.57, 0.24, -0.01, 0.53, 0.78, 0.25, 0.54, 
[505]:	0.61, 0.84, -0.25, 1.30, 0.61, 0.44, 1.08, 0.06, 
[506]:	0.16, 0.38, 0.46, 0.01, -0.04, 0.29, -0.28, 0.96, 
[507]:	-0.11, -1.32, -0.94, -1.31, -0.55, -1.34, 1.05, 4.06, 
[508]:	-3.92, -2.64, -1.16, 3.03, 5.03, 0.29, 2.08, -0.90, 
[509]:	2.98, 1.44, 0.68, 1.98, 2.27, 1.61, 1.60, 0.93, 
[510]:	1.02, 0.77, 0.34, 0.41, 0.15, 0.11, 0.27, 0.27, 
[511]:	0.10, 0.49, 0.27, 0.11, 0.02, 0.57, 0.27, 0.82, 
[512]:	

[0]	
step =2560
-9.88, -4.81, -3.23, 0.08, 4.56, 3.17, -1.84, -0.54, 
[0]	-9.88, -4.81, -3.23, 0.08, 4.56, 3.17, -1.84, -0.54, 

[1]	0.66, -0.24, -0.10, -1.02, -0.09, -0.91, 1.41, -0.16, 
[1]	0.66, -0.24, -0.10, -1.02, -0.09, -0.91, 1.41, -0.16, 

[0]:	0.00, 0.00, 0.00, 0.00, 0.00, 0.00, 0.00, 0.00, 
[1]:	0.00, 0.00, 0.00, 0.00, 0.00, 0.00, 0.00, 0.00, 
[2]:	0.00, 0.00, 0.00, 0.00, 0.00, 0.00, 0.00, 0.00, 
[3]:	0.00, 0.00, 0.00, 0.00, 0.00, 0.00, 0.00, 0.00, 
[4]:	0.00, 0.00, 0.00, 0.00, 0.00, 0.00, 0.00, 0.00, 
[5]:	0.00, 0.00, 0.00, 0.00, 0.00, 0.00, 0.00, 0.00, 
[6]:	0.00, 0.00, 0.00, 0.00, 0.00, 0.00, 0.00, 0.00, 
[7]:	0.00, 0.00, 0.00, 0.00, 0.00, 0.00, 0.00, 0.00, 
[8]:	0.00, 0.00, 0.00, 0.00, 0.00, 0.00, 0.00, 0.00, 
[9]:	0.00, 0.00, 0.00, 0.00, 0.00, 0.00, 0.00, 0.00, 
[10]:	0.00, 0.00, 0.00, 0.00, 0.00, 0.00, 0.00, 0.00, 
[11]:	0.00, 0.00, 0.00, 0.00, 0.00, 0.00, 0.00, 0.00, 
[12]:	0.00, 0.00, 0.00, 0.00, 0.00, 0.00, 0.00, 0.00, 
[13]:	0.00, 0.00, 0.00, 0.00, 0.00, 0.00, 0.00, 0.00, 
[14]:	0.00, 0.00, 0.00, 0.00, 0.00, 0.00, 0.00, 0.00, 
[15]:	0.00, 0.00, 0.00, 0.00, 0.00, 0.00, 0.00, 0.00, 
[16]:	0.00, 0.00, 0.00, 0.00, 0.00, 0.00, 0.00, 0.00, 
[17]:	0.00, 0.00, 0.00, 0.00, 0.00, 0.00, 0.00, 0.00, 
[18]:	0.00, 0.00, 0.00, 0.00, 0.00, 0.00, 0.00, 0.00, 
[19]:	0.00, 0.00, 0.00, 0.00, 0.00, 0.00, 0.00, 0.00, 
[20]:	0.00, 0.00, 0.00, 0.00, 0.00, 0.00, 0.00, 0.00, 
[21]:	0.00, 0.00, 0.00, 0.00, 0.00, 0.00, 0.00, 0.00, 
[22]:	0.00, 0.00, 0.00, 0.00, 0.00, 0.00, 0.00, 0.00, 
[23]:	0.00, 0.00, 0.00, 0.00, 0.00, 0.00, 0.00, 0.00, 
[24]:	0.00, 0.00, 0.00, 0.00, 0.00, 0.00, 0.00, 0.00, 
[25]:	0.00, 0.00, 0.00, 0.00, 0.00, 0.00, 0.00, 0.00, 
[26]:	0.00, 0.00, 0.00, 0.00, 0.00, 0.00, 0.00, 0.00, 
[27]:	0.00, 0.00, 0.00, 0.00, 0.00, 0.00, 0.00, 0.00, 
[28]:	0.00, 0.00, 0.00, 0.00, 0.00, 0.00, 0.00, 0.00, 
[29]:	0.00, 0.00, 0.00, 0.00, 0.00, 0.00, 0.00, 0.00, 
[30]:	0.00, 0.00, 0.00, 0.00, 0.00, 0.00, 0.00, 0.00, 
[31]:	0.00, 0.00, 0.00, 0.00, 0.00, 0.00, 0.00, 0.00, 
[32]:	0.00, 0.00, 0.00, 0.00, 0.00, 0.00, 0.00, 0.00, 
[33]:	0.00, 0.00, 0.00, 0.00, 0.00, 0.00, 0.00, 0.00, 
[34]:	0.00, 0.00, 0.00, 0.00, 0.00, 0.00, 0.00, 0.00, 
[35]:	0.00, 0.00, 0.00, 0.00, 0.00, 0.00, 0.00, 0.00, 
[36]:	0.00, 0.00, 0.00, 0.00, 0.00, 0.00, 0.00, 0.00, 
[37]:	0.00, 0.00, 0.00, 0.00, 0.00, 0.00, 0.00, 0.00, 
[38]:	0.00, 0.00, 0.00, 0.00, 0.00, 0.00, 0.00, 0.00, 
[39]:	0.00, 0.00, 0.00, 0.00, 0.00, 0.00, 0.00, 0.00, 
[40]:	0.00, 0.00, 0.00, 0.00, 0.00, 0.00, 0.00, 0.00, 
[41]:	0.00, 0.00, 0.00, 0.00, 0.00, 0.00, 0.00, 0.00, 
[42]:	0.00, 0.00, 0.00, 0.00, 0.00, 0.00, 0.00, 0.00, 
[43]:	0.00, 0.00, 0.00, 0.00, 0.00, 0.00, 0.00, 0.00, 
[44]:	0.00, 0.00, 0.00, 0.00, 0.00, 0.00, 0.00, 0.00, 
[45]:	0.00, 0.00, 0.00, 0.00, 0.00, 0.00, 0.00, 0.00, 
[46]:	0.00, 0.00, 0.00, 0.00, 0.00, 0.00, 0.00, 0.00, 
[47]:	0.00, 0.00, 0.00, 0.00, 0.00, 0.00, 0.00, 0.00, 
[48]:	0.00, 0.00, 0.00, 0.00, 0.00, 0.00, 0.00, 0.00, 
[49]:	0.00, 0.00, 0.00, 0.00, 0.00, 0.00, 0.00, 0.00, 
[50]:	0.00, 0.00, 0.00, 0.00, 0.00, 0.00, 0.00, 0.00, 
[51]:	0.00, 0.00, 0.00, 0.00, 0.00, 0.00, 0.00, 0.00, 
[52]:	0.00, 0.00, 0.00, 0.00, 0.00, 0.00, 0.00, 0.00, 
[53]:	0.00, 0.00, 0.00, 0.00, 0.00, 0.00, 0.00, 0.00, 
[54]:	0.00, 0.00, 0.00, 0.00, 0.00, 0.00, 0.00, 0.00, 
[55]:	0.00, 0.00, 0.00, 0.00, 0.00, 0.00, 0.00, 0.00, 
[56]:	0.00, 0.00, 0.00, 0.00, 0.00, 0.00, 0.00, 0.00, 
[57]:	0.00, 0.00, 0.00, 0.00, 0.00, 0.00, 0.00, 0.00, 
[58]:	0.00, 0.00, 0.00, 0.00, 0.00, 0.00, 0.00, 0.00, 
[59]:	0.00, 0.00, 0.00, 0.00, 0.00, 0.00, 0.00, 0.00, 
[60]:	0.00, 0.00, 0.00, 0.00, 0.00, 0.00, 0.00, 0.00, 
[61]:	0.00, 0.00, 0.00, 0.00, 0.00, 0.00, 0.00, 0.00, 
[62]:	0.00, 0.00, 0.00, 0.00, 0.00, 0.00, 0.00, 0.00, 
[63]:	0.00, 0.00, 0.00, 0.00, 0.00, 0.00, 0.00, 0.00, 
[64]:	0.97, 0.15, 0.99, 1.41, 0.47, -6.31, -0.29, -1.27, 
[65]:	-0.47, -0.10, -0.33, -0.80, -0.19, 0.10, 0.13, -0.52, 
[66]:	-9.88, -4.81, -3.23, 0.08, 4.56, 3.17, -1.84, -0.54, 
[67]:	0.66, -0.24, -0.10, -1.02, -0.09, -0.91, 1.41, -0.16, 
[68]:	-1.41, -1.78, -0.33, -1.21, -0.77, -0.52, -0.59, -1.08, 
[69]:	0.65, -0.68, -0.08, -0.52, -0.96, 0.02, -0.06, -0.55, 
[70]:	-0.31, -0.28, -0.29, -0.28, -0.27, -0.28, -0.28, -0.28, 
[71]:	-2.20, -2.05, -2.19, -1.94, -2.05, -2.59, -2.72, -2.45, 
[72]:	2.88, 0.43, 3.12, -0.03, 1.28, 4.25, 1.58, 0.98, 
[73]:	-0.97, -1.16, -0.61, -0.89, -0.78, -0.91, -0.92, -0.69, 
[74]:	-0.70, 0.64, -2.84, 3.30, 0.58, 1.62, -0.77, -2.91, 
[75]:	2.09, 2.55, 2.30, 2.44, 2.41, 1.74, 2.03, 1.90, 
[76]:	-0.21, -0.01, -1.33, -0.25, 0.07, -0.91, 0.52, -0.13, 
[77]:	-0.39, -0.63, -0.52, -0.53, -0.22, -0.77, -0.36, -0.50, 
[78]:	-0.56, -3.72, -2.16, 0.53, -0.43, -1.26, 1.59, -1.07, 
[79]:	-3.45, 4.22, -0.56, 1.78, -3.73, 3.67, -2.61, 1.07, 
[80]:	3.84, 1.58, -2.14, -0.40, -1.54, -1.05, -0.20, 1.34, 
[81]:	1.11, 1.87, -1.16, 2.42, 0.81, 0.31, 3.16, 3.72, 
[82]:	1.77, 1.15, 1.31, 0.77, 1.70, 0.46, 0.26, 1.09, 
[83]:	-0.57, -0.42, -0.69, 0.79, -0.42, -0.84, -0.77, -0.09, 
[84]:	0.16, 0.47, 0.38, 0.26, 0.33, 0.48, 0.20, 0.45, 
[85]:	-1.63, -0.63, 2.20, 0.71, -2.20, -0.60, -2.39, -0.98, 
[86]:	-0.95, 2.42, -2.75, -0.50, -0.43, -1.95, -0.46, -1.17, 
[87]:	-0.93, 1.11, 0.15, -0.66, -0.31, -1.46, 0.53, 2.52, 
[88]:	2.12, 0.27, 0.08, 2.59, 0.06, 2.14, 0.94, -0.09, 
[89]:	-4.03, -0.01, -1.88, -1.09, -4.75, -2.08, -2.33, -3.19, 
[90]:	-5.16, 1.30, -0.21, -0.14, -1.77, 0.68, -5.69, -2.20, 
[91]:	-2.27, 0.01, -1.45, -0.52, -0.88, -0.35, -0.31, 0.26, 
[92]:	-0.68, 0.38, 0.09, -0.23, -0.62, -0.51, -1.02, -0.59, 
[93]:	0.52, -1.02, 1.64, -2.34, -0.38, -3.00, -1.50, -1.12, 
[94]:	0.14, 0.40, -0.38, 0.01, -0.16, 0.26, -0.19, 0.50, 
[95]:	-0.88, -0.76, -0.54, -0.61, -0.68, -0.53, -0.73, -0.59, 
[96]:	-4.81, -5.78, -2.44, 0.76, -1.34, -3.77, 1.80, -1.83, 
[97]:	-1.56, -1.55, -0.50, -0.75, -0.93, -1.33, -0.60, -1.75, 
[98]:	-0.70, -2.03, 0.65, 1.46, 0.02, -0.32, 0.93, -1.94, 
[99]:	-0.63, -1.77, -0.55, 0.95, 1.17, -3.22, 3.28, -0.29, 
[100]:	0.17, -0.01, -0.26, 0.26, 1.17, 1.60, 0.91, 0.70, 
[101]:	-0.56, 0.41, 0.75, -0.35, 0.11, -0.38, -0.05, 0.12, 
[102]:	-0.41, -0.32, 1.03, -0.19, -1.09, -0.69, 0.29, -0.45, 
[103]:	-1.16, 1.15, 0.77, 1.58, -0.88, 1.87, 2.19, 1.37, 
[104]:	-1.17, -2.94, -2.05, -2.34, -2.81, -2.67, -2.53, -0.94, 
[105]:	-3.59, -4.25, -2.89, -0.93, -3.11, -1.23, -2.22, -2.58, 
[106]:	0.76, 1.14, 0.90, -0.24, 0.66, 0.00, 0.48, 0.97, 
[107]:	-1.98, -2.14, -2.38, -2.28, -1.76, -1.66, -2.48, -2.00, 
[108]:	1.90, 2.67, 1.25, -0.77, 0.92, -1.15, 0.20, 2.88, 
[109]:	1.30, -0.67, 1.89, -0.15, -0.09, -0.79, 0.57, -0.45, 
[110]:	-0.51, 1.07, -1.08, 1.28, -1.97, -3.23, -0.49, -4.59, 
[111]:	-0.30, 1.03, 0.87, 0.20, 2.12, -0.67, 1.34, 1.12, 
[112]:	-0.15, -0.61, -1.34, -1.90, -1.00, -0.83, 0.35, -0.26, 
[113]:	1.02, 0.31, -0.82, 2.05, 3.62, 2.28, -2.11, 1.59, 
[114]:	1.30, 0.16, 0.22, -3.59, 2.77, 0.03, 0.54, -2.22, 
[115]:	1.88, -1.33, 5.53, -0.61, 2.67, -0.22, 9.06, -2.84, 
[116]:	-0.53, 1.55, 1.91, -0.63, 1.64, 0.79, -1.12, -1.84, 
[117]:	-0.26, -1.22, -0.17, 0.11, -3.31, -1.05, 1.83, -1.18, 
[118]:	0.48, -0.16, -0.11, 0.35, -0.17, 0.16, -0.10, 0.28, 
[119]:	-1.07, -0.32, -1.52, -1.62, -3.66, -1.25, -0.70, -1.42, 
[120]:	-0.02, -0.02, 0.05, -0.16, 0.17, 0.08, 0.24, -0.16, 
[121]:	2.28, -0.25, 1.73, 1.90, -0.21, 0.13, -0.02, 0.21, 
[122]:	0.68, 0.78, 0.71, 0.77, 0.69, 0.76, 0.73, 0.88, 
[123]:	-1.63, -1.32, -2.91, 0.14, -0.77, -1.21, -0.97, -1.04, 
[124]:	0.87, -0.63, 2.00, 0.08, 1.61, 0.77, -1.71, 1.89, 
[125]:	1.89, -0.28, -1.27, -1.49, -3.66, -3.11, 0.58, 1.43, 
[126]:	0.36, -0.29, 0.52, 0.31, 1.53, 0.13, 0.82, 0.36, 
[127]:	-0.30, -0.86, -2.25, -1.41, 0.23, -2.08, -0.42, 0.25, 
[128]:	-0.41, -0.61, -0.75, -0.45, -0.94, -0.55, -0.37, -1.38, 
[129]:	0.10, 0.68, -0.22, 1.36, -0.40, -0.22, 1.16, -0.70, 
[130]:	-5.56, 2.31, 3.17, -1.78, 0.10, -0.19, -2.52, -2.91, 
[131]:	-1.28, -0.95, -0.99, -0.77, -0.66, -0.93, -0.94, -0.76, 
[132]:	5.38, 1.51, -0.13, -1.93, 3.62, 1.16, 0.17, 3.00, 
[133]:	1.16, 0.70, 1.10, 1.24, 1.55, 1.17, 1.12, 1.38, 
[134]:	-0.57, -0.53, 0.24, -0.79, 0.90, -0.26, -0.11, 0.12, 
[135]:	-2.83, 6.97, -7.06, -6.16, 0.29, -1.16, 0.95, -1.69, 
[136]:	0.92, 0.88, 1.06, 1.22, 1.02, 1.01, 1.34, 1.11, 
[137]:	-2.45, -2.75, -2.28, -1.89, -2.02, -2.02, -2.66, -3.47, 
[138]:	4.25, 2.73, 1.91, -1.07, 0.59, -0.59, 3.47, 4.41, 
[139]:	1.08, 0.27, 0.44, 1.55, 0.52, 0.07, 0.11, -0.39, 
[140]:	2.98, 1.03, -0.30, 2.17, 3.19, 1.34, 2.86, 2.27, 
[141]:	-0.05, 0.75, 0.18, -0.15, 0.63, 0.62, 0.11, 0.77, 
[142]:	-1.14, -4.16, -0.33, -1.45, -2.83, -2.50, -1.59, 0.17, 
[143]:	-1.25, 1.10, 2.56, 2.34, -1.34, 3.27, 1.79, -0.21, 
[144]:	0.60, -1.91, -4.38, -0.44, -0.65, -1.83, -2.05, 0.46, 
[145]:	3.06, 0.46, 1.78, -5.22, -4.66, 1.30, 1.29, -0.13, 
[146]:	-7.56, 1.49, 0.20, -2.31, -1.77, 0.81, -9.81, -3.30, 
[147]:	0.23, 0.93, 1.33, 0.23, 0.96, 0.33, 0.17, 0.96, 
[148]:	-0.39, -0.39, -0.68, -0.79, -0.25, -0.27, -0.45, 0.01, 
[149]:	1.73, 1.88, 1.91, 1.73, 1.80, 1.88, 1.72, 1.71, 
[150]:	-2.69, -0.42, -0.98, -2.72, -0.70, -2.73, -4.47, -1.17, 
[151]:	0.92, -0.50, -1.16, 3.33, 5.97, 1.23, -0.23, -0.76, 
[152]:	1.52, 2.08, 2.17, 1.88, 1.51, 2.56, 1.78, 1.55, 
[153]:	-0.10, -1.88, 0.62, -0.11, -1.00, 0.53, 0.68, -0.57, 
[154]:	0.50, 1.16, 0.95, 0.59, 0.83, 0.66, 1.33, 0.90, 
[155]:	-0.61, 0.09, -1.27, 0.13, -3.05, -1.80, 0.61, -0.46, 
[156]:	-2.12, -1.41, -3.34, -2.56, -2.30, -4.38, -1.75, -1.01, 
[157]:	-1.22, -1.63, 0.50, 0.54, 1.71, -1.57, -0.25, 1.09, 
[158]:	-0.70, -0.74, -0.09, -0.62, -0.14, -0.73, -0.51, -0.22, 
[159]:	5.25, 0.56, 3.47, 4.50, 0.67, 2.39, 6.00, 0.27, 
[160]:	-0.31, -0.36, -0.27, -0.64, -0.08, -0.14, -0.27, -0.81, 
[161]:	1.69, 0.88, -0.62, 0.67, 2.30, 0.74, 1.62, 3.28, 
[162]:	-0.32, -0.41, 0.15, -0.37, -0.13, -0.20, -0.22, -0.23, 
[163]:	0.68, -1.17, 2.28, -1.84, -0.75, -1.26, -1.87, 0.19, 
[164]:	-4.34, -0.13, 0.91, 1.32, -0.70, 2.89, -1.29, -0.49, 
[165]:	-3.39, -2.97, -2.03, -2.08, 0.50, -1.15, -2.22, -0.52, 
[166]:	-4.50, -7.81, -2.88, -1.81, -0.87, 1.90, 1.15, -1.70, 
[167]:	-1.47, -0.75, -0.57, -0.57, -0.37, -0.77, -0.37, -0.80, 
[168]:	2.84, 1.80, 1.59, 2.42, 1.09, 1.70, 6.53, 4.06, 
[169]:	6.72, -1.98, -0.53, 1.56, -3.25, 2.19, -0.46, -1.33, 
[170]:	-0.80, -1.69, -1.08, -1.42, -1.36, -1.25, -1.23, -1.16, 
[171]:	1.16, -0.73, 0.34, -0.43, 1.31, 0.40, 1.40, 1.59, 
[172]:	-2.92, -2.48, -0.78, -2.48, -0.28, 1.02, 0.01, -0.42, 
[173]:	-0.13, -0.32, 0.34, 0.09, -0.42, -0.23, 0.02, 0.04, 
[174]:	0.20, 0.16, 0.62, -0.16, 0.52, 0.86, 0.38, 0.62, 
[175]:	-0.24, 1.24, 0.36, 1.07, 0.11, 0.44, 0.34, 1.14, 
[176]:	3.83, -3.83, -2.81, -1.47, 2.55, -0.44, -1.59, -6.06, 
[177]:	-1.49, -0.73, -6.16, -4.16, 1.50, -2.59, -5.66, -2.09, 
[178]:	1.30, -3.39, 2.80, 1.68, -1.93, 3.31, -0.84, -2.28, 
[179]:	2.30, 0.76, -1.80, 2.44, -1.48, -2.36, -0.87, -1.92, 
[180]:	-1.20, -1.23, -0.72, -1.14, 0.24, -1.41, -1.76, -0.62, 
[181]:	-0.91, -6.03, -3.23, -1.48, -2.92, -0.47, -1.16, -0.51, 
[182]:	0.79, -0.34, -0.79, 0.24, 0.81, 0.48, -0.52, -1.11, 
[183]:	-0.76, 0.53, -0.52, 0.08, -1.09, -0.21, 0.85, -2.41, 
[184]:	-0.70, -0.83, -0.45, -0.55, -1.06, -2.06, 1.77, 2.09, 
[185]:	1.22, 0.92, 1.20, 2.33, 0.06, 1.14, 1.43, 1.41, 
[186]:	-0.29, -2.64, -2.64, 1.55, 1.69, -2.95, -0.04, 0.66, 
[187]:	0.30, 2.00, 4.03, -0.04, 3.73, 3.22, 0.39, -2.59, 
[188]:	-1.91, -0.92, 0.08, -0.90, -2.86, -2.19, -2.31, 0.47, 
[189]:	0.01, 0.87, -0.54, 1.38, 2.36, 1.32, 1.04, 1.12, 
[190]:	-6.00, 5.78, -5.09, 0.79, 0.64, -2.28, -0.34, -4.81, 
[191]:	0.72, 0.61, 0.81, 0.34, 0.40, 0.70, 0.36, 0.25, 
[192]:	0.60, 0.43, 0.61, 0.63, 0.52, 0.86, 0.55, 0.79, 
[193]:	3.73, -0.45, 0.29, -1.30, -5.66, 0.45, -5.31, -7.06, 
[194]:	0.10, 1.36, -2.25, 3.14, 0.89, 1.10, -1.16, -1.85, 
[195]:	0.57, 2.39, 0.66, 0.23, 2.97, 0.82, 1.91, 1.21, 
[196]:	-1.02, -0.88, -1.13, -0.88, -1.14, -1.06, -1.03, -1.23, 
[197]:	-0.07, -1.42, -2.81, 0.24, -1.74, 0.93, -4.38, -2.38, 
[198]:	1.37, 0.24, -1.06, -4.09, 0.09, -1.91, -1.41, 0.95, 
[199]:	-6.34, -4.25, -4.91, 0.87, -4.72, 0.54, 4.69, 5.03, 
[200]:	-0.16, -3.09, 1.70, 1.51, 0.50, -0.84, -4.31, -0.56, 
[201]:	0.75, -1.84, 3.80, 3.94, 1.05, -0.08, -1.20, 2.33, 
[202]:	1.39, 1.08, 0.81, 1.31, 1.20, 1.04, 1.29, 0.78, 
[203]:	0.93, 0.72, 0.97, 0.72, 1.09, 1.22, 1.06, 1.13, 
[204]:	-0.48, 0.39, 0.84, -1.01, -1.78, -1.23, -1.66, 0.72, 
[205]:	-3.75, -0.76, -0.25, -1.28, -1.62, -3.78, 0.81, 0.43, 
[206]:	-0.20, 0.56, 0.01, 0.86, -0.39, -1.02, -0.52, 0.41, 
[207]:	0.80, 1.11, 0.35, 3.69, 3.20, -2.36, 0.54, 1.05, 
[208]:	-0.15, 0.09, 0.33, -0.17, 0.19, -3.38, -1.38, -0.44, 
[209]:	-2.30, 1.76, 0.16, 2.41, -2.98, 0.50, 2.30, 1.55, 
[210]:	-1.99, -0.78, -1.87, -0.99, -1.68, -1.49, -1.02, 0.64, 
[211]:	-0.79, 0.06, -1.09, 0.04, 0.03, 2.06, 0.57, 1.76, 
[212]:	-1.40, 0.40, -1.95, -0.29, -0.02, 1.42, 1.73, 1.50, 
[213]:	1.39, 1.75, 0.96, 0.69, 1.75, 1.75, 1.12, 1.48, 
[214]:	1.98, 2.34, 1.45, 2.33, 1.16, 2.05, 2.75, 2.52, 
[215]:	-1.98, 0.23, 4.38, -2.50, 3.69, 4.78, -0.46, -0.78, 
[216]:	-7.28, -12.94, -6.81, 1.47, -4.94, 2.30, 3.12, -2.67, 
[217]:	1.17, 0.89, 0.87, 0.87, 1.38, 1.02, 1.23, 1.15, 
[218]:	2.84, 1.40, -0.00, -1.45, -1.56, -0.02, 0.68, 0.04, 
[219]:	-2.83, -0.52, -0.57, -1.58, -0.96, -0.66, -1.62, -1.45, 
[220]:	-2.34, -2.52, 0.82, 0.64, -2.56, -1.43, -1.48, -1.15, 
[221]:	-0.56, 1.05, 2.66, -0.19, 1.10, 1.34, 1.73, 0.49, 
[222]:	-3.27, 0.46, -1.03, -4.91, -2.92, -1.97, -2.86, -0.68, 
[223]:	2.62, 2.66, 3.03, 1.66, 2.61, 2.36, 2.33, 0.93, 
[224]:	0.09, -0.00, 1.37, 1.56, 1.38, 3.03, 1.11, -0.22, 
[225]:	-4.03, -3.25, -1.06, -1.50, -1.83, -4.28, 1.16, -1.60, 
[226]:	-0.33, 0.29, -1.34, -7.78, -3.16, -2.38, -3.25, 0.38, 
[227]:	-0.80, -0.52, -0.39, -1.35, -0.72, -1.30, -0.73, -0.92, 
[228]:	8.50, -1.55, 5.25, 2.92, 5.88, -2.06, -1.97, 5.50, 
[229]:	-1.98, 3.05, -0.21, 0.24, 1.38, 1.00, 0.56, -1.16, 
[230]:	-0.57, -0.47, -1.58, -1.48, -0.93, -0.26, -0.66, -0.98, 
[231]:	-1.76, 0.04, 0.98, -0.69, 0.40, -1.05, -1.26, -0.89, 
[232]:	-0.03, 0.33, -0.84, 0.20, -1.20, -0.93, 0.33, -2.12, 
[233]:	0.55, -0.91, 0.65, -0.65, 0.92, -0.59, -0.64, -0.31, 
[234]:	1.30, 0.79, 1.20, 1.61, 1.58, 0.88, 1.34, 1.57, 
[235]:	1.65, -1.23, 0.11, -0.99, -0.26, -0.20, -0.50, -0.05, 
[236]:	2.22, 2.20, 2.27, 2.27, 2.20, 2.16, 2.27, 2.12, 
[237]:	-0.76, -1.28, -0.70, -0.72, -0.86, -0.62, -1.29, -0.91, 
[238]:	0.80, 1.20, 0.38, 2.17, 0.53, 0.41, 1.37, 0.30, 
[239]:	-2.55, -2.42, -0.38, -0.14, -1.05, -0.17, -1.30, -0.70, 
[240]:	0.21, 0.21, -0.42, -0.16, 0.01, -0.06, 0.45, 0.18, 
[241]:	1.73, 2.08, 0.73, 1.75, 0.70, 2.38, 1.48, 1.29, 
[242]:	-0.05, 0.05, 0.01, -0.06, 0.01, 0.02, -0.04, 0.06, 
[243]:	-0.43, -0.38, -0.36, -0.35, -0.11, -0.12, -0.15, -0.35, 
[244]:	0.53, -0.21, 0.63, -0.54, 0.36, 0.64, -0.43, -0.62, 
[245]:	1.16, 0.13, 1.57, -1.05, 2.70, -1.23, 2.36, -0.46, 
[246]:	-3.08, -1.95, -3.16, -1.00, -2.22, -2.88, -1.29, -1.80, 
[247]:	2.00, -0.23, -1.07, 0.46, -0.04, 1.79, 0.57, 1.53, 
[248]:	-1.14, 2.81, 0.84, -0.68, 2.56, 4.06, 0.91, 2.59, 
[249]:	-0.26, -0.36, 0.10, -0.55, -0.26, -0.19, -0.45, -0.03, 
[250]:	-0.44, 0.07, 0.24, -0.79, -0.91, -0.15, -1.46, 1.38, 
[251]:	0.77, 0.13, 0.33, 0.13, 0.54, 0.12, 1.38, 2.95, 
[252]:	1.97, 2.09, 2.23, 2.66, 2.84, 2.38, 2.56, 2.27, 
[253]:	5.59, 1.19, -0.96, 2.70, 3.55, 1.67, 1.64, -0.26, 
[254]:	-0.11, 0.00, 0.20, 0.17, 0.29, 0.31, 0.23, 0.23, 
[255]:	-0.44, 1.91, 0.59, -0.43, -0.95, 2.41, 0.59, 3.95, 
[256]:	0.61, 1.25, 0.21, 1.02, 0.50, 0.47, 0.33, 0.24, 
[257]:	-1.64, -1.68, -1.66, -1.66, -1.66, -1.65, -1.66, -1.63, 
[258]:	1.50, -1.04, -4.47, 1.23, 2.30, -4.72, 1.52, -1.34, 
[259]:	1.88, 1.92, 0.93, -1.62, -0.34, -0.17, -0.12, -0.05, 
[260]:	-2.05, -2.08, -1.05, -1.77, -1.89, -0.80, -0.74, -0.66, 
[261]:	-1.47, -1.86, -1.88, -1.81, -1.93, -1.36, -1.47, -1.77, 
[262]:	3.30, 2.11, 2.42, 0.01, 2.89, 1.20, -3.39, 1.12, 
[263]:	0.83, -0.80, 2.83, 0.37, 3.03, 0.25, -2.09, 0.01, 
[264]:	-0.79, -0.92, -0.49, -0.16, 0.95, -0.46, -0.43, -0.71, 
[265]:	1.09, -0.03, -0.31, 2.52, 0.65, -3.64, -1.87, -1.70, 
[266]:	-2.97, -2.64, -2.11, -2.20, -2.31, -2.61, -2.47, -2.41, 
[267]:	-2.39, 0.22, -1.86, -2.66, -0.57, -2.14, -1.74, -1.61, 
[268]:	0.07, 0.33, 0.20, 0.39, -0.12, 0.24, 0.33, -0.24, 
[269]:	1.66, 2.42, 2.34, 3.09, -2.09, 0.05, 4.00, -0.95, 
[270]:	2.86, -0.41, -1.05, 0.75, -1.75, -2.45, 3.25, -2.14, 
[271]:	-0.68, -1.44, -0.93, -1.27, -0.62, -0.51, -0.35, -0.31, 
[272]:	0.50, 0.41, 0.39, 0.53, 0.58, 0.54, 0.61, 0.61, 
[273]:	0.32, 0.38, 0.41, 0.46, 0.45, 0.48, 0.44, 0.44, 
[274]:	1.39, 1.30, 1.32, 1.21, 1.35, 1.09, 1.35, 1.13, 
[275]:	-4.81, -2.73, -2.41, 0.05, -0.24, -2.73, -2.38, 0.55, 
[276]:	3.16, 2.27, 3.30, 1.06, 1.65, 2.36, 1.58, 2.23, 
[277]:	-2.20, -0.96, -0.45, -0.49, -1.56, -1.66, -2.64, -0.43, 
[278]:	0.21, -0.25, -0.06, 0.50, 0.24, 1.77, 0.11, 1.05, 
[279]:	0.73, -0.28, -1.66, -0.84, -1.68, -1.11, -1.33, -0.61, 
[280]:	1.02, 0.85, 0.97, 2.31, 0.94, 2.08, 1.61, 0.96, 
[281]:	-2.00, -0.70, 3.78, 0.68, 1.42, -1.15, -0.15, -3.36, 
[282]:	0.68, 0.91, 0.55, 0.58, 0.98, 0.74, 1.27, 0.71, 
[283]:	-2.73, 0.65, 1.05, 4.62, -0.14, 2.80, 2.09, -0.83, 
[284]:	3.22, 2.34, 1.73, 1.59, 1.05, 3.48, 0.80, 3.92, 
[285]:	0.40, 0.32, 0.31, 0.24, 0.34, 0.12, 0.41, 0.52, 
[286]:	0.65, 1.64, 1.42, 1.89, 0.06, 1.41, 1.48, 2.69, 
[287]:	-0.61, 0.59, 2.41, -2.72, 1.24, -2.23, -1.47, -0.69, 
[288]:	-5.31, 3.06, -2.94, -2.58, -0.57, 0.08, -2.05, -3.34, 
[289]:	0.91, 1.37, 1.85, -0.21, 1.64, 0.65, -0.18, 2.23, 
[290]:	-0.91, -2.34, -2.30, -1.91, -1.28, -1.01, -1.51, -1.60, 
[291]:	1.45, -1.21, 1.01, -0.55, 1.20, 0.34, -0.05, -0.28, 
[292]:	0.48, -4.91, -0.78, -1.67, -1.36, -1.82, -2.23, -3.06, 
[293]:	1.20, -0.29, 0.94, 0.25, 1.15, 0.52, 0.03, 1.34, 
[294]:	-0.48, 1.08, 0.33, 1.16, 1.51, 0.24, 0.93, 4.78, 
[295]:	0.40, 0.37, 0.32, 0.75, 0.44, 0.64, 0.59, 0.91, 
[296]:	-2.84, -1.26, -1.66, -2.70, -0.23, -0.82, -1.60, -2.05, 
[297]:	-1.36, -1.47, -1.04, -1.08, -1.30, -1.34, -1.33, -1.37, 
[298]:	0.63, 1.62, 0.43, 1.25, 0.99, 1.05, 1.48, 1.12, 
[299]:	-0.51, -0.90, -0.05, 0.07, -0.04, -1.73, 0.32, -0.08, 
[300]:	0.50, 1.01, 0.86, 1.73, 0.63, 1.23, 1.25, 0.49, 
[301]:	0.45, 1.46, 1.07, 1.51, 1.17, 2.09, 2.27, 0.40, 
[302]:	2.00, -0.41, -0.69, 2.14, 0.87, -1.55, 0.02, -1.12, 
[303]:	2.47, 0.42, 2.28, 0.43, 0.92, 0.68, 1.48, 1.16, 
[304]:	-0.26, -0.48, -1.79, -0.52, -1.31, -1.40, 0.20, -2.08, 
[305]:	1.17, 0.87, 0.64, 1.18, 0.73, 0.58, 0.81, 1.29, 
[306]:	1.23, 2.73, -0.78, 2.59, -2.81, -1.37, -1.78, 0.27, 
[307]:	-0.08, -0.29, 0.10, -0.39, 0.08, -0.67, -0.35, -0.17, 
[308]:	-1.92, 2.69, -1.05, -2.70, -1.23, 0.95, -1.45, 0.18, 
[309]:	0.86, -0.27, 0.18, 0.71, 0.41, 0.26, 0.09, 0.20, 
[310]:	-0.95, -1.16, -0.81, 1.30, -1.96, 1.20, -0.44, -1.39, 
[311]:	-0.75, -0.77, -0.09, -0.63, -0.23, -0.91, 0.07, 0.39, 
[312]:	0.53, 0.20, 0.69, 0.15, 0.22, 0.08, 0.10, 0.64, 
[313]:	1.70, 1.12, -0.37, -0.52, 2.59, 2.81, -0.08, 1.82, 
[314]:	-0.04, -0.16, 0.49, -0.16, -0.41, -0.07, -0.34, 0.26, 
[315]:	-2.67, 0.26, -0.32, 1.65, -3.55, -0.57, -2.28, -0.66, 
[316]:	0.57, 0.88, 1.40, 0.48, 0.85, 1.34, 0.78, 0.20, 
[317]:	-2.34, 1.20, 4.56, 3.48, 1.08, 3.47, 2.39, 5.62, 
[318]:	-0.73, 0.28, 0.35, 1.43, -0.98, -0.11, 0.01, 2.08, 
[319]:	-1.68, -1.37, -1.22, -0.21, -1.53, -0.40, -1.52, -0.49, 
[320]:	-1.21, -1.41, -1.21, -1.10, -1.34, -3.03, -1.53, -1.77, 
[321]:	0.25, 0.06, 0.18, 0.43, 0.11, -0.04, -0.06, 0.28, 
[322]:	-1.38, -0.57, -0.32, 0.21, 0.92, 0.70, -0.10, 0.11, 
[323]:	-0.49, -1.54, -1.37, -2.44, -1.37, -2.31, 0.39, -1.44, 
[324]:	-0.71, -0.20, -2.16, -0.97, -1.56, -1.90, -1.80, -1.14, 
[325]:	-1.71, -0.21, -0.88, -0.39, 0.12, -0.99, -0.91, -0.35, 
[326]:	1.93, -0.12, 0.76, -0.08, -0.87, -0.14, -0.19, -0.44, 
[327]:	-0.16, -1.81, -0.30, -2.94, -1.84, 3.84, 5.19, 2.31, 
[328]:	-0.63, -1.67, -0.52, -1.88, -1.31, -0.05, -1.19, -1.44, 
[329]:	-1.06, -1.89, 0.57, -0.72, -0.20, -0.82, -0.84, 0.18, 
[330]:	-1.87, -1.21, -2.89, 0.07, -1.24, -0.74, -1.90, -2.92, 
[331]:	-0.17, 1.75, 0.66, 1.26, 1.16, -1.68, -0.47, -1.02, 
[332]:	-0.93, -0.53, -3.09, -1.00, -0.38, -2.28, 0.49, -0.77, 
[333]:	1.16, 0.02, 0.53, 0.51, 1.95, -0.63, 1.30, 0.62, 
[334]:	-1.56, -1.76, -1.66, -1.50, -1.55, -1.61, -1.43, -1.59, 
[335]:	2.19, -4.97, -0.51, -2.70, 2.45, -4.47, 1.39, -2.03, 
[336]:	6.38, 4.41, 1.21, 2.72, 1.73, 2.16, 2.89, 4.22, 
[337]:	1.02, 0.70, 2.02, 0.45, 1.16, 1.38, 0.13, -0.12, 
[338]:	-1.77, -2.09, -2.00, -2.28, -1.81, -2.44, -2.55, -2.12, 
[339]:	1.44, 1.68, 1.25, 3.64, 1.68, 1.01, 1.12, 2.22, 
[340]:	0.37, 1.27, 1.02, 0.67, 0.86, 1.32, 0.48, 1.23, 
[341]:	0.50, -0.17, -2.09, -1.08, 0.89, -0.19, 1.02, 0.06, 
[342]:	-0.52, 3.11, -2.47, -0.05, 0.03, -1.60, -0.00, -0.77, 
[343]:	-1.03, -1.76, -1.42, -1.13, -1.26, -0.84, -1.55, -2.27, 
[344]:	-1.83, -2.53, -2.61, -1.65, -2.62, -1.83, -2.28, -2.67, 
[345]:	-2.00, -0.22, -1.05, -0.70, -2.31, -1.13, -1.24, -1.62, 
[346]:	0.14, -0.68, -0.49, -0.50, -0.29, -0.60, 0.21, -0.23, 
[347]:	-0.03, -1.30, -0.49, -1.02, -0.80, -1.10, -1.12, -1.45, 
[348]:	1.11, 6.44, 5.03, 3.39, 1.42, 1.99, -0.59, 1.59, 
[349]:	-2.48, -1.28, -3.38, -0.23, -1.77, 0.29, -0.90, -1.20, 
[350]:	-0.81, -1.45, 0.44, -0.50, -0.10, -1.09, -0.02, -1.67, 
[351]:	0.23, 0.60, 1.27, 1.08, 0.85, 1.31, 0.71, 1.12, 
[352]:	-1.33, -1.64, -0.56, 0.47, -0.21, -0.99, 0.81, -0.36, 
[353]:	1.96, 1.97, 2.30, 2.22, 2.17, 2.03, 2.27, 1.91, 
[354]:	-1.79, -1.99, -1.59, -1.47, -1.68, -1.73, -1.55, -1.98, 
[355]:	-0.96, -2.00, -0.89, 0.47, 0.68, -3.33, 2.59, -0.65, 
[356]:	2.25, 3.16, 4.41, 1.81, -2.72, -4.84, -1.41, -0.36, 
[357]:	-3.81, -1.05, -0.06, -3.20, -1.89, -3.31, -2.36, -1.88, 
[358]:	-0.75, -0.74, -0.61, -0.73, -0.81, -0.77, -0.68, -0.75, 
[359]:	0.74, 0.43, 0.48, 0.37, 0.70, 0.33, 0.29, 0.40, 
[360]:	-2.05, 1.61, -0.24, 0.37, 1.38, 1.05, 0.77, -2.55, 
[361]:	2.12, 2.89, 1.32, -0.98, 1.57, -0.62, 0.53, 0.94, 
[362]:	-0.12, -0.69, -0.33, 1.40, 0.04, 1.03, 0.31, -0.44, 
[363]:	0.95, 0.91, 0.87, 0.89, 1.00, 1.02, 0.84, 0.95, 
[364]:	-0.37, -0.25, -0.48, -0.80, -0.53, -0.87, -0.65, -0.21, 
[365]:	-0.84, -3.22, -0.14, -2.61, -2.52, -3.38, -1.73, -2.95, 
[366]:	0.19, 0.63, 0.04, 0.69, -0.21, -0.56, 0.20, -0.94, 
[367]:	0.88, -1.80, -1.47, -0.13, -4.00, 1.61, -2.42, -1.98, 
[368]:	0.68, 0.71, 0.76, 0.79, 0.74, 0.73, 0.65, 0.69, 
[369]:	2.11, 2.12, 2.16, 2.08, 2.03, 2.08, 2.19, 2.09, 
[370]:	0.32, -0.19, -0.17, -1.89, 0.98, -0.25, -0.02, -1.27, 
[371]:	-0.33, -1.47, 0.96, -1.21, -0.05, -1.08, 2.22, -2.00, 
[372]:	-0.13, -5.12, -6.03, 0.12, -5.38, -3.31, 1.30, 3.06, 
[373]:	-0.08, 1.12, -0.20, -0.55, 3.77, 0.92, -2.70, 1.08, 
[374]:	-0.61, 0.41, 0.34, -0.40, 0.43, -0.10, 0.31, -0.30, 
[375]:	-0.84, -0.34, -1.14, -1.21, -2.58, -0.96, -0.59, -1.08, 
[376]:	0.25, 0.26, 0.38, -0.02, 0.61, 0.45, 0.75, -0.00, 
[377]:	0.13, 1.08, 0.34, 0.28, 1.06, 0.94, 1.00, 0.91, 
[378]:	-0.01, -2.19, -0.54, -1.95, -0.15, -1.73, -1.03, -4.22, 
[379]:	-0.42, -0.21, -1.30, 0.80, 0.18, -0.13, 0.04, -0.01, 
[380]:	-0.77, -0.21, -1.20, -0.48, -1.05, -0.73, 0.19, -1.15, 
[381]:	3.67, 1.72, 0.83, 0.62, -1.33, -0.84, 2.50, 3.27, 
[382]:	-1.31, -2.56, -0.99, -1.41, 0.96, -1.75, -0.42, -1.31, 
[383]:	-0.13, 1.24, 4.66, 2.61, -1.41, 4.22, 0.18, -1.47, 
[384]:	0.24, 0.27, 0.29, 0.25, 0.32, 0.26, 0.23, 0.38, 
[385]:	-0.55, -0.52, -0.57, -0.49, -0.57, -0.57, -0.50, -0.59, 
[386]:	-0.32, 2.20, 2.48, 0.89, 1.49, 1.40, 0.66, 0.53, 
[387]:	3.03, 1.12, 1.36, 0.09, -0.59, 0.98, 1.05, 0.03, 
[388]:	-0.82, 1.30, 2.19, 3.17, 0.13, 1.48, 2.02, 0.47, 
[389]:	-0.33, -0.08, -0.29, -0.37, -0.54, -0.33, -0.30, -0.44, 
[390]:	-1.46, -1.38, 0.26, -1.92, 1.66, -0.80, -0.48, -0.01, 
[391]:	0.25, 1.68, -0.36, -0.23, 0.71, 0.49, 0.80, 0.42, 
[392]:	0.89, 0.85, 1.03, 1.17, 0.98, 0.97, 1.28, 1.07, 
[393]:	1.15, 2.11, 0.62, -0.61, -0.22, -0.24, 1.82, 4.38, 
[394]:	-0.00, -0.14, -0.21, -0.48, -0.33, -0.44, -0.07, 0.01, 
[395]:	-2.12, -0.40, -0.76, -3.12, -0.94, 0.02, -0.06, 1.00, 
[396]:	-1.33, -1.56, -1.73, -1.43, -1.30, -1.53, -1.34, -1.41, 
[397]:	3.08, -0.48, 2.06, 3.50, 0.04, 0.08, 2.34, -0.55, 
[398]:	0.62, -0.60, 0.95, 0.49, -0.06, 0.07, 0.43, 1.14, 
[399]:	-1.73, -1.69, -1.66, -1.66, -1.73, -1.65, -1.67, -1.71, 
[400]:	2.84, 1.30, -0.18, 2.20, 2.08, 1.36, 1.23, 2.75, 
[401]:	1.23, 1.47, 1.35, 1.99, 1.94, 1.40, 1.40, 1.52, 
[402]:	-3.39, -0.70, -1.08, -1.83, -1.67, -0.90, -4.06, -2.12, 
[403]:	2.47, -0.96, -2.89, 2.44, -1.10, 1.95, 2.77, -1.12, 
[404]:	0.41, 0.40, 0.01, -0.13, 0.60, 0.57, 0.33, 0.95, 
[405]:	-3.09, -1.85, -1.52, -3.17, -2.56, -1.87, -3.25, -3.30, 
[406]:	0.59, 0.34, 0.41, 0.60, 0.38, 0.60, 0.79, 0.43, 
[407]:	-0.22, 0.96, 1.51, -2.22, -4.44, -0.47, 0.73, 1.17, 
[408]:	0.89, 1.55, 1.67, 1.32, 0.87, 2.14, 1.20, 0.93, 
[409]:	0.08, -0.73, 0.41, 0.08, -0.33, 0.38, 0.44, -0.13, 
[410]:	0.70, -3.48, -2.17, 0.14, -1.45, -0.33, -4.56, -1.85, 
[411]:	-0.52, -1.49, 0.40, -1.55, 2.86, 1.13, -2.22, -0.73, 
[412]:	0.72, 0.65, 0.84, 0.76, 0.73, 0.94, 0.68, 0.61, 
[413]:	2.12, 2.42, 0.88, 0.85, 0.00, 2.38, 1.42, 0.45, 
[414]:	0.40, 0.45, -0.37, 0.29, -0.31, 0.44, 0.16, -0.20, 
[415]:	2.91, -0.45, 1.64, 2.38, -0.36, 0.86, 3.44, -0.65, 
[416]:	0.30, 0.16, 0.45, -0.81, 1.13, 0.89, 0.48, -1.40, 
[417]:	-1.30, -1.12, -0.79, -1.07, -1.43, -1.09, -1.28, -1.64, 
[418]:	-0.39, -0.64, 0.86, -0.52, 0.12, -0.08, -0.12, -0.17, 
[419]:	1.81, -0.06, 3.44, -0.74, 0.36, -0.15, -0.78, 1.31, 
[420]:	-3.78, -0.12, 0.78, 1.14, -0.61, 2.50, -1.12, -0.43, 
[421]:	5.25, 4.44, 2.62, 2.72, -2.25, 0.92, 2.98, -0.30, 
[422]:	-0.34, 4.16, -2.55, -3.98, -5.25, -9.00, -8.00, -4.12, 
[423]:	-0.09, -0.18, -0.20, -0.20, -0.22, -0.18, -0.22, -0.17, 
[424]:	0.07, -0.03, -0.05, 0.03, -0.09, -0.04, 0.42, 0.19, 
[425]:	-3.52, -0.89, -1.33, -1.96, -0.52, -2.16, -1.35, -1.09, 
[426]:	-0.89, -0.76, -0.85, -0.80, -0.81, -0.82, -0.83, -0.84, 
[427]:	-0.07, -0.27, -0.16, -0.24, -0.06, -0.15, -0.05, -0.03, 
[428]:	2.89, 2.22, -0.39, 2.22, -1.16, -3.16, -1.60, -0.94, 
[429]:	-0.89, -1.02, -0.59, -0.75, -1.09, -0.96, -0.80, -0.79, 
[430]:	1.05, 1.17, -0.16, 2.09, 0.13, -0.85, 0.53, -0.17, 
[431]:	3.86, -1.06, 1.85, -0.48, 2.70, 1.59, 1.94, -0.73, 
[432]:	-1.59, -3.78, -3.50, -3.11, -1.95, -2.81, -3.14, -4.44, 
[433]:	-0.96, -1.06, -0.29, -0.58, -1.38, -0.80, -0.37, -0.88, 
[434]:	-0.03, 0.30, -0.13, -0.06, 0.20, -0.17, 0.12, 0.22, 
[435]:	-0.59, -0.54, -0.47, -0.59, -0.48, -0.46, -0.50, -0.47, 
[436]:	0.47, 0.52, -0.43, 0.36, -2.23, 0.86, 1.52, -0.61, 
[437]:	-0.80, -1.00, -0.89, -0.82, -0.88, -0.79, -0.81, -0.79, 
[438]:	0.22, -0.66, -1.02, -0.21, 0.24, -0.02, -0.80, -1.27, 
[439]:	-0.84, 2.31, -0.25, 1.20, -1.63, 0.51, 3.09, -4.84, 
[440]:	3.80, 4.09, 3.22, 3.47, 4.62, 6.91, -1.84, -2.55, 
[441]:	3.67, 2.70, 3.58, 7.31, -0.13, 3.41, 4.38, 4.31, 
[442]:	0.05, -2.11, -2.11, 1.74, 1.86, -2.39, 0.28, 0.92, 
[443]:	0.98, -0.16, -1.52, 1.21, -1.33, -0.98, 0.92, 2.94, 
[444]:	-1.93, 0.45, 2.84, 0.49, -4.19, -2.61, -2.91, 3.80, 
[445]:	0.73, -0.55, 1.57, -1.34, -2.80, -1.24, -0.82, -0.94, 
[446]:	1.06, -0.01, 0.98, 0.45, 0.46, 0.72, 0.55, 0.95, 
[447]:	-2.97, -1.94, -3.78, 0.46, -0.03, -2.80, 0.26, 1.33, 
[448]:	-1.30, -2.05, -1.23, -1.17, -1.62, -0.18, -1.49, -0.46, 
[449]:	-1.86, -0.96, -1.12, -0.78, 0.15, -1.16, 0.08, 0.45, 
[450]:	-1.05, -2.34, 1.36, -4.16, -1.86, -2.08, 0.25, 0.95, 
[451]:	0.01, -0.28, -0.00, 0.07, -0.38, -0.03, -0.20, -0.09, 
[452]:	-1.05, -0.85, -1.24, -0.85, -1.24, -1.13, -1.08, -1.38, 
[453]:	0.32, 0.70, 1.10, 0.23, 0.79, 0.04, 1.54, 0.97, 
[454]:	-1.27, -0.01, 1.44, 4.81, 0.15, 2.39, 1.82, -0.80, 
[455]:	3.41, 3.02, 3.14, 2.08, 3.11, 2.14, 1.37, 1.30, 
[456]:	1.09, 1.44, 0.86, 0.88, 1.01, 1.16, 1.59, 1.13, 
[457]:	0.39, 0.67, 0.06, 0.04, 0.36, 0.48, 0.60, 0.22, 
[458]:	4.50, 0.99, -2.05, 3.55, 2.31, 0.57, 3.30, -2.36, 
[459]:	-0.10, -1.62, 0.25, -1.62, 1.17, 2.08, 0.91, 1.44, 
[460]:	1.06, 1.14, 1.18, 1.02, 0.94, 0.99, 0.95, 1.17, 
[461]:	0.52, -0.80, -1.02, -0.57, -0.42, 0.53, -1.49, -1.32, 
[462]:	-1.86, 0.17, -1.29, 0.98, -2.36, -4.03, -2.70, -0.22, 
[463]:	0.27, 0.44, 0.02, 1.89, 1.62, -1.49, 0.13, 0.41, 
[464]:	0.18, -0.03, -0.26, 0.20, -0.12, 3.16, 1.32, 0.45, 
[465]:	1.66, 1.69, 1.68, 1.70, 1.66, 1.68, 1.69, 1.69, 
[466]:	3.77, -1.29, 3.27, -0.43, 2.47, 1.69, -0.30, -7.25, 
[467]:	-0.37, 0.39, -0.64, 0.38, 0.36, 2.17, 0.85, 1.91, 
[468]:	0.46, -0.51, 0.75, -0.13, -0.28, -1.05, -1.22, -1.09, 
[469]:	-0.56, -0.18, -1.02, -1.30, -0.18, -0.19, -0.84, -0.47, 
[470]:	1.19, 0.32, 2.53, 0.33, 3.23, 1.05, -0.71, -0.11, 
[471]:	-2.77, 0.02, 5.25, -3.42, 4.38, 5.75, -0.85, -1.25, 
[472]:	-2.61, -7.00, -2.27, 4.09, -0.82, 4.75, 5.38, 0.92, 
[473]:	-0.54, -2.27, -2.34, -2.34, 0.74, -1.44, -0.22, -0.69, 
[474]:	-3.19, -2.72, -2.25, -1.78, -1.74, -2.25, -2.48, -2.27, 
[475]:	-2.14, 3.53, 3.41, 0.93, 2.44, 3.19, 0.83, 1.25, 
[476]:	0.25, 0.39, -2.25, -2.11, 0.42, -0.47, -0.43, -0.70, 
[477]:	0.17, 1.73, 3.28, 0.53, 1.77, 2.00, 2.38, 1.19, 
[478]:	-0.24, -0.29, -0.27, -0.21, -0.24, -0.26, -0.24, -0.28, 
[479]:	-0.27, -0.29, -0.52, 0.35, -0.25, -0.10, -0.07, 0.81, 
[480]:	-2.06, -2.09, -1.56, -1.48, -1.55, -0.92, -1.66, -2.17, 
[481]:	-0.14, -0.16, -0.20, -0.19, -0.19, -0.13, -0.25, -0.19, 
[482]:	-0.34, -0.54, -0.00, 2.11, 0.59, 0.34, 0.62, -0.57, 
[483]:	0.62, 1.66, 2.12, -1.43, 0.90, -1.23, 0.89, 0.17, 
[484]:	0.21, 1.22, 0.54, 0.77, 0.47, 1.27, 1.26, 0.51, 
[485]:	-8.19, 6.44, -3.02, -1.72, 1.61, 0.50, -0.78, -5.78, 
[486]:	-0.80, -0.97, 0.82, 0.66, -0.22, -1.30, -0.68, -0.16, 
[487]:	-0.58, 1.00, 1.83, 0.36, 1.32, 0.04, -0.14, 0.18, 
[488]:	1.32, 0.72, 2.64, 0.93, 3.23, 2.80, 0.72, 4.78, 
[489]:	2.70, 1.34, 2.78, 1.59, 3.03, 1.64, 1.59, 1.90, 
[490]:	2.16, 0.53, 1.87, 3.14, 3.05, 0.83, 2.27, 3.02, 
[491]:	4.31, -2.75, 0.55, -2.14, -0.36, -0.21, -0.93, 0.16, 
[492]:	-1.09, -0.89, -1.56, -1.59, -0.75, -0.30, -1.52, 0.09, 
[493]:	-3.38, 1.08, -3.92, -3.70, -2.52, -4.59, 1.11, -2.09, 
[494]:	-1.81, -2.83, -0.73, -5.28, -1.12, -0.81, -3.25, -0.55, 
[495]:	-0.96, -0.91, -0.02, 0.08, -0.31, 0.07, -0.42, -0.16, 
[496]:	0.58, 0.58, -5.28, -2.83, -1.26, -1.90, 2.73, 0.25, 
[497]:	0.03, -0.49, 1.55, 0.01, 1.60, -0.94, 0.41, 0.71, 
[498]:	-0.34, 2.03, 1.09, -0.53, 1.04, 1.13, -0.13, 2.12, 
[499]:	-1.33, -0.86, -0.70, -0.66, 1.58, 1.42, 1.20, -0.65, 
[500]:	-0.08, -0.82, 0.02, -1.15, -0.25, 0.03, -1.04, -1.23, 
[501]:	0.70, -0.20, 1.06, -1.24, 2.05, -1.39, 1.75, -0.71, 
[502]:	3.78, 0.84, 3.95, -1.64, 1.51, 3.23, -0.89, 0.45, 
[503]:	-1.34, 1.23, 2.19, 0.43, 1.02, -1.10, 0.31, -0.80, 
[504]:	0.09, -0.40, -0.15, 0.03, -0.37, -0.55, -0.16, -0.37, 
[505]:	0.33, 0.49, -0.27, 0.82, 0.33, 0.22, 0.66, -0.05, 
[506]:	-0.50, -0.68, -0.74, -0.37, -0.33, -0.60, -0.13, -1.15, 
[507]:	1.00, 0.02, 0.32, 0.02, 0.64, 0.01, 1.93, 4.38, 
[508]:	-0.79, -0.14, 0.61, 2.73, 3.75, 1.34, 2.25, 0.74, 
[509]:	-2.05, 1.17, 2.73, 0.06, -0.55, 0.82, 0.84, 2.22, 
[510]:	-1.99, -1.24, 0.05, -0.16, 0.64, 0.74, 0.27, 0.27, 
[511]:	1.76, 1.25, 1.53, 1.76, 1.88, 1.14, 1.54, 0.80, 
[512]:	

[0]	
step =3072
6.78, 4.06, 3.22, 1.45, -0.96, -0.21, 2.47, 1.77, 
[0]	6.78, 4.06, 3.22, 1.45, -0.96, -0.21, 2.47, 1.77, 

[1]	-0.88, 0.86, 0.57, 2.34, 0.57, 2.14, -2.33, 0.69, 
[1]	-0.88, 0.86, 0.57, 2.34, 0.57, 2.14, -2.33, 0.69, 

[0]:	0.00, 0.00, 0.00, 0.00, 0.00, 0.00, 0.00, 0.00, 
[1]:	0.00, 0.00, 0.00, 0.00, 0.00, 0.00, 0.00, 0.00, 
[2]:	0.00, 0.00, 0.00, 0.00, 0.00, 0.00, 0.00, 0.00, 
[3]:	0.00, 0.00, 0.00, 0.00, 0.00, 0.00, 0.00, 0.00, 
[4]:	0.00, 0.00, 0.00, 0.00, 0.00, 0.00, 0.00, 0.00, 
[5]:	0.00, 0.00, 0.00, 0.00, 0.00, 0.00, 0.00, 0.00, 
[6]:	0.00, 0.00, 0.00, 0.00, 0.00, 0.00, 0.00, 0.00, 
[7]:	0.00, 0.00, 0.00, 0.00, 0.00, 0.00, 0.00, 0.00, 
[8]:	0.00, 0.00, 0.00, 0.00, 0.00, 0.00, 0.00, 0.00, 
[9]:	0.00, 0.00, 0.00, 0.00, 0.00, 0.00, 0.00, 0.00, 
[10]:	0.00, 0.00, 0.00, 0.00, 0.00, 0.00, 0.00, 0.00, 
[11]:	0.00, 0.00, 0.00, 0.00, 0.00, 0.00, 0.00, 0.00, 
[12]:	0.00, 0.00, 0.00, 0.00, 0.00, 0.00, 0.00, 0.00, 
[13]:	0.00, 0.00, 0.00, 0.00, 0.00, 0.00, 0.00, 0.00, 
[14]:	0.00, 0.00, 0.00, 0.00, 0.00, 0.00, 0.00, 0.00, 
[15]:	0.00, 0.00, 0.00, 0.00, 0.00, 0.00, 0.00, 0.00, 
[16]:	0.00, 0.00, 0.00, 0.00, 0.00, 0.00, 0.00, 0.00, 
[17]:	0.00, 0.00, 0.00, 0.00, 0.00, 0.00, 0.00, 0.00, 
[18]:	0.00, 0.00, 0.00, 0.00, 0.00, 0.00, 0.00, 0.00, 
[19]:	0.00, 0.00, 0.00, 0.00, 0.00, 0.00, 0.00, 0.00, 
[20]:	0.00, 0.00, 0.00, 0.00, 0.00, 0.00, 0.00, 0.00, 
[21]:	0.00, 0.00, 0.00, 0.00, 0.00, 0.00, 0.00, 0.00, 
[22]:	0.00, 0.00, 0.00, 0.00, 0.00, 0.00, 0.00, 0.00, 
[23]:	0.00, 0.00, 0.00, 0.00, 0.00, 0.00, 0.00, 0.00, 
[24]:	0.00, 0.00, 0.00, 0.00, 0.00, 0.00, 0.00, 0.00, 
[25]:	0.00, 0.00, 0.00, 0.00, 0.00, 0.00, 0.00, 0.00, 
[26]:	0.00, 0.00, 0.00, 0.00, 0.00, 0.00, 0.00, 0.00, 
[27]:	0.00, 0.00, 0.00, 0.00, 0.00, 0.00, 0.00, 0.00, 
[28]:	0.00, 0.00, 0.00, 0.00, 0.00, 0.00, 0.00, 0.00, 
[29]:	0.00, 0.00, 0.00, 0.00, 0.00, 0.00, 0.00, 0.00, 
[30]:	0.00, 0.00, 0.00, 0.00, 0.00, 0.00, 0.00, 0.00, 
[31]:	0.00, 0.00, 0.00, 0.00, 0.00, 0.00, 0.00, 0.00, 
[32]:	0.00, 0.00, 0.00, 0.00, 0.00, 0.00, 0.00, 0.00, 
[33]:	0.00, 0.00, 0.00, 0.00, 0.00, 0.00, 0.00, 0.00, 
[34]:	0.00, 0.00, 0.00, 0.00, 0.00, 0.00, 0.00, 0.00, 
[35]:	0.00, 0.00, 0.00, 0.00, 0.00, 0.00, 0.00, 0.00, 
[36]:	0.00, 0.00, 0.00, 0.00, 0.00, 0.00, 0.00, 0.00, 
[37]:	0.00, 0.00, 0.00, 0.00, 0.00, 0.00, 0.00, 0.00, 
[38]:	0.00, 0.00, 0.00, 0.00, 0.00, 0.00, 0.00, 0.00, 
[39]:	0.00, 0.00, 0.00, 0.00, 0.00, 0.00, 0.00, 0.00, 
[40]:	0.00, 0.00, 0.00, 0.00, 0.00, 0.00, 0.00, 0.00, 
[41]:	0.00, 0.00, 0.00, 0.00, 0.00, 0.00, 0.00, 0.00, 
[42]:	0.00, 0.00, 0.00, 0.00, 0.00, 0.00, 0.00, 0.00, 
[43]:	0.00, 0.00, 0.00, 0.00, 0.00, 0.00, 0.00, 0.00, 
[44]:	0.00, 0.00, 0.00, 0.00, 0.00, 0.00, 0.00, 0.00, 
[45]:	0.00, 0.00, 0.00, 0.00, 0.00, 0.00, 0.00, 0.00, 
[46]:	0.00, 0.00, 0.00, 0.00, 0.00, 0.00, 0.00, 0.00, 
[47]:	0.00, 0.00, 0.00, 0.00, 0.00, 0.00, 0.00, 0.00, 
[48]:	0.00, 0.00, 0.00, 0.00, 0.00, 0.00, 0.00, 0.00, 
[49]:	0.00, 0.00, 0.00, 0.00, 0.00, 0.00, 0.00, 0.00, 
[50]:	0.00, 0.00, 0.00, 0.00, 0.00, 0.00, 0.00, 0.00, 
[51]:	0.00, 0.00, 0.00, 0.00, 0.00, 0.00, 0.00, 0.00, 
[52]:	0.00, 0.00, 0.00, 0.00, 0.00, 0.00, 0.00, 0.00, 
[53]:	0.00, 0.00, 0.00, 0.00, 0.00, 0.00, 0.00, 0.00, 
[54]:	0.00, 0.00, 0.00, 0.00, 0.00, 0.00, 0.00, 0.00, 
[55]:	0.00, 0.00, 0.00, 0.00, 0.00, 0.00, 0.00, 0.00, 
[56]:	0.00, 0.00, 0.00, 0.00, 0.00, 0.00, 0.00, 0.00, 
[57]:	0.00, 0.00, 0.00, 0.00, 0.00, 0.00, 0.00, 0.00, 
[58]:	0.00, 0.00, 0.00, 0.00, 0.00, 0.00, 0.00, 0.00, 
[59]:	0.00, 0.00, 0.00, 0.00, 0.00, 0.00, 0.00, 0.00, 
[60]:	0.00, 0.00, 0.00, 0.00, 0.00, 0.00, 0.00, 0.00, 
[61]:	0.00, 0.00, 0.00, 0.00, 0.00, 0.00, 0.00, 0.00, 
[62]:	0.00, 0.00, 0.00, 0.00, 0.00, 0.00, 0.00, 0.00, 
[63]:	0.00, 0.00, 0.00, 0.00, 0.00, 0.00, 0.00, 0.00, 
[64]:	-2.22, -1.77, -2.23, -2.47, -1.95, 1.82, -1.52, -0.98, 
[65]:	-1.80, -2.80, -2.19, -0.90, -2.55, -3.31, -3.41, -1.68, 
[66]:	6.78, 4.06, 3.22, 1.45, -0.96, -0.21, 2.47, 1.77, 
[67]:	-0.88, 0.86, 0.57, 2.34, 0.57, 2.14, -2.33, 0.69, 
[68]:	0.01, -0.59, 1.73, 0.32, 1.03, 1.42, 1.31, 0.53, 
[69]:	0.99, 1.84, 1.46, 1.73, 2.02, 1.40, 1.45, 1.76, 
[70]:	1.48, -1.36, -0.14, -1.30, -2.41, -1.40, -1.47, -1.80, 
[71]:	0.29, -0.76, 0.20, -1.48, -0.78, 2.83, 3.69, 1.86, 
[72]:	-1.67, -1.35, -1.70, -1.29, -1.46, -1.85, -1.50, -1.42, 
[73]:	-0.44, -0.98, 0.64, -0.21, 0.14, -0.27, -0.29, 0.39, 
[74]:	1.09, 0.01, 2.80, -2.11, 0.06, -0.77, 1.14, 2.84, 
[75]:	1.22, 2.95, 1.97, 2.52, 2.42, -0.15, 0.95, 0.44, 
[76]:	1.02, 1.24, -0.16, 0.98, 1.33, 0.28, 1.80, 1.11, 
[77]:	-0.24, -0.98, -0.65, -0.66, 0.28, -1.41, -0.14, -0.59, 
[78]:	-0.61, 0.19, -0.21, -0.89, -0.64, -0.43, -1.16, -0.48, 
[79]:	-1.42, -2.11, -1.68, -1.88, -1.39, -2.06, -1.49, -1.82, 
[80]:	0.16, 0.01, -0.22, -0.11, -0.19, -0.15, -0.10, -0.00, 
[81]:	0.44, 1.15, -1.67, 1.66, 0.16, -0.30, 2.34, 2.88, 
[82]:	1.94, 0.35, 0.77, -0.64, 1.75, -1.45, -1.95, 0.20, 
[83]:	0.47, 0.68, 0.31, 2.38, 0.68, 0.10, 0.20, 1.15, 
[84]:	-0.40, -2.44, -1.88, -1.09, -1.52, -2.56, -0.66, -2.34, 
[85]:	-1.09, -1.30, -1.95, -1.61, -0.95, -1.31, -0.91, -1.23, 
[86]:	-0.82, 2.61, -2.66, -0.37, -0.29, -1.84, -0.32, -1.05, 
[87]:	-0.82, 0.20, -0.29, -0.69, -0.52, -1.09, -0.10, 0.90, 
[88]:	-1.39, 1.08, 1.33, -2.02, 1.37, -1.41, 0.19, 1.56, 
[89]:	-1.23, 0.89, -0.09, 0.33, -1.60, -0.19, -0.32, -0.78, 
[90]:	1.80, -0.38, 0.13, 0.11, 0.66, -0.17, 1.98, 0.80, 
[91]:	3.50, -3.58, 0.93, -1.96, -0.81, -2.47, -2.58, -4.38, 
[92]:	-0.59, 1.83, 1.18, 0.45, -0.45, -0.19, -1.36, -0.37, 
[93]:	-0.80, 0.11, -1.47, 0.91, -0.26, 1.30, 0.40, 0.18, 
[94]:	0.25, 1.34, -1.88, -0.28, -0.97, 0.74, -1.09, 1.73, 
[95]:	-2.86, -1.00, 2.45, 1.46, 0.32, 2.67, -0.42, 1.69, 
[96]:	2.23, 2.97, 0.43, -2.00, -0.41, 1.44, -2.80, -0.04, 
[97]:	0.67, 0.68, 3.17, 2.58, 2.16, 1.22, 2.95, 0.22, 
[98]:	0.01, 0.58, -0.55, -0.90, -0.29, -0.14, -0.68, 0.54, 
[99]:	0.95, 1.39, 0.91, 0.33, 0.24, 1.96, -0.59, 0.81, 
[100]:	-0.33, -0.47, -0.66, -0.27, 0.42, 0.75, 0.22, 0.07, 
[101]:	0.63, -0.37, -0.72, 0.41, -0.06, 0.45, 0.11, -0.06, 
[102]:	0.83, 0.69, -1.27, 0.51, 1.81, 1.23, -0.20, 0.89, 
[103]:	-0.82, 0.51, 0.29, 0.76, -0.66, 0.92, 1.10, 0.63, 
[104]:	-2.25, 1.17, -0.56, 0.02, 0.95, 0.65, 0.39, -2.72, 
[105]:	3.67, 4.88, 2.44, -1.09, 2.83, -0.54, 1.23, 1.86, 
[106]:	-0.26, -0.65, -0.40, 0.77, -0.15, 0.52, 0.03, -0.48, 
[107]:	1.25, 0.58, -0.35, 0.00, 2.20, 2.59, -0.81, 1.20, 
[108]:	0.58, 0.50, 0.65, 0.86, 0.68, 0.90, 0.76, 0.48, 
[109]:	2.14, 1.41, 2.34, 1.59, 1.62, 1.36, 1.87, 1.48, 
[110]:	1.76, 1.36, 1.90, 1.31, 2.12, 2.44, 1.75, 2.78, 
[111]:	0.05, -0.74, -0.64, -0.25, -1.39, 0.27, -0.93, -0.79, 
[112]:	0.19, -0.44, -1.45, -2.23, -0.99, -0.75, 0.88, 0.03, 
[113]:	0.71, 0.89, 1.16, 0.47, 0.09, 0.41, 1.47, 0.58, 
[114]:	1.39, 0.90, 0.93, -0.70, 2.02, 0.85, 1.06, -0.11, 
[115]:	-0.18, 0.67, -1.16, 0.48, -0.40, 0.38, -2.11, 1.08, 
[116]:	-2.38, -2.00, -1.94, -2.39, -1.98, -2.14, -2.48, -2.61, 
[117]:	-0.30, -1.38, -0.21, 0.11, -3.70, -1.20, 2.02, -1.34, 
[118]:	-3.14, 1.10, 0.81, -2.28, 1.20, -1.03, 0.70, -1.84, 
[119]:	-0.18, -0.50, 0.01, 0.06, 0.93, -0.10, -0.34, -0.03, 
[120]:	0.10, 0.14, 0.49, -0.68, 1.16, 0.68, 1.56, -0.64, 
[121]:	0.18, -1.98, -0.30, -0.15, -1.95, -1.66, -1.79, -1.59, 
[122]:	1.21, -1.70, 0.50, -1.38, 1.02, -1.09, -0.16, -4.38, 
[123]:	-2.25, -2.25, -2.25, -2.25, -2.25, -2.25, -2.25, -2.25, 
[124]:	1.78, 2.14, 1.51, 1.98, 1.61, 1.80, 2.41, 1.54, 
[125]:	3.81, 0.71, -0.69, -1.01, -4.09, -3.33, 1.95, 3.16, 
[126]:	1.75, 0.31, 2.12, 1.64, 4.38, 1.24, 2.78, 1.75, 
[127]:	-0.86, 0.12, 2.55, 1.09, -1.77, 2.23, -0.64, -1.80, 
[128]:	-0.82, -0.58, -0.41, -0.77, -0.19, -0.66, -0.87, 0.33, 
[129]:	-0.10, -1.37, 0.58, -2.81, 0.96, 0.59, -2.41, 1.62, 
[130]:	1.34, 0.77, 0.71, 1.06, 0.93, 0.95, 1.12, 1.15, 
[131]:	2.31, 1.30, 1.42, 0.75, 0.38, 1.22, 1.27, 0.71, 
[132]:	5.16, 0.95, -0.82, -2.78, 3.27, 0.58, -0.49, 2.58, 
[133]:	-1.40, 1.71, -0.96, -1.91, -4.03, -1.46, -1.05, -2.86, 
[134]:	-0.30, -0.41, -2.70, 0.35, -4.66, -1.22, -1.67, -2.33, 
[135]:	-1.37, -2.98, -0.67, -0.82, -1.88, -1.64, -1.99, -1.55, 
[136]:	-0.63, -0.93, 0.35, 1.41, 0.00, -0.04, 2.17, 0.66, 
[137]:	-0.18, 0.41, -0.51, -1.27, -1.02, -1.04, 0.24, 1.81, 
[138]:	-1.38, 0.39, 1.35, 4.84, 2.91, 4.28, -0.47, -1.57, 
[139]:	-0.59, 0.01, -0.12, -0.94, -0.18, 0.16, 0.13, 0.50, 
[140]:	-0.25, -0.73, -1.05, -0.45, -0.20, -0.65, -0.28, -0.42, 
[141]:	-2.42, -1.25, -2.09, -2.56, -1.42, -1.44, -2.19, -1.23, 
[142]:	-0.18, -0.07, -0.21, -0.17, -0.12, -0.13, -0.16, -0.23, 
[143]:	-1.02, -1.40, -1.62, -1.59, -1.01, -1.74, -1.51, -1.19, 
[144]:	1.54, 0.78, 0.04, 1.23, 1.16, 0.80, 0.74, 1.50, 
[145]:	2.16, -0.25, 0.97, -5.47, -4.97, 0.53, 0.52, -0.79, 
[146]:	0.17, 0.20, 0.19, 0.18, 0.19, 0.19, 0.16, 0.18, 
[147]:	2.55, 0.73, -0.29, 2.53, 0.66, 2.28, 2.70, 0.65, 
[148]:	0.20, 0.20, -0.02, -0.10, 0.31, 0.29, 0.16, 0.51, 
[149]:	-1.68, -1.26, -1.15, -1.70, -1.50, -1.27, -1.73, -1.75, 
[150]:	2.67, 0.32, 0.91, 2.72, 0.61, 2.73, 4.53, 1.10, 
[151]:	-0.23, -0.13, -0.08, -0.41, -0.60, -0.26, -0.15, -0.11, 
[152]:	3.27, -0.14, -0.73, 1.09, 3.36, -3.11, 1.69, 3.08, 
[153]:	0.36, -2.42, 1.48, 0.35, -1.05, 1.35, 1.57, -0.38, 
[154]:	-2.23, 6.44, 3.72, -1.07, 2.22, -0.09, 8.69, 3.06, 
[155]:	-0.11, -0.57, 0.33, -0.60, 1.51, 0.68, -0.92, -0.21, 
[156]:	0.73, 0.72, 0.75, 0.73, 0.73, 0.76, 0.72, 0.71, 
[157]:	-1.84, -2.23, -0.19, -0.16, 0.96, -2.17, -0.91, 0.36, 
[158]:	0.09, 0.24, -2.34, -0.25, -2.14, 0.21, -0.68, -1.81, 
[159]:	-2.09, -0.32, -1.42, -1.81, -0.36, -1.02, -2.38, -0.21, 
[160]:	0.07, 0.05, 0.10, -0.10, 0.20, 0.17, 0.10, -0.19, 
[161]:	-1.55, -1.21, -0.60, -1.13, -1.80, -1.16, -1.52, -2.20, 
[162]:	0.71, 1.16, -1.51, 0.95, -0.19, 0.16, 0.24, 0.32, 
[163]:	2.28, 2.30, 2.28, 2.31, 2.30, 2.30, 2.31, 2.30, 
[164]:	-4.03, -2.14, -1.66, -1.48, -2.39, -0.77, -2.66, -2.30, 
[165]:	3.81, 3.55, 2.94, 2.97, 1.32, 2.38, 3.06, 1.97, 
[166]:	-0.14, 2.06, -1.22, -1.92, -2.55, -4.41, -3.89, -1.99, 
[167]:	1.08, 1.60, 1.73, 1.73, 1.88, 1.59, 1.88, 1.56, 
[168]:	0.22, 0.31, 0.32, 0.25, 0.37, 0.31, -0.10, 0.11, 
[169]:	0.93, 0.19, 0.31, 0.49, 0.08, 0.54, 0.32, 0.24, 
[170]:	-1.07, 1.09, -0.39, 0.45, 0.29, 0.04, -0.03, -0.19, 
[171]:	1.32, 0.86, 1.12, 0.93, 1.36, 1.13, 1.38, 1.43, 
[172]:	1.67, 1.36, 0.15, 1.36, -0.21, -1.14, -0.42, -0.11, 
[173]:	-0.31, -0.25, -0.47, -0.39, -0.22, -0.28, -0.37, -0.37, 
[174]:	1.66, 1.75, 0.83, 2.39, 1.02, 0.35, 1.30, 0.82, 
[175]:	2.42, 1.06, 1.86, 1.22, 2.09, 1.79, 1.88, 1.15, 
[176]:	0.61, -1.70, -1.40, -0.99, 0.22, -0.68, -1.02, -2.38, 
[177]:	2.33, 1.85, 5.28, 4.00, 0.44, 3.03, 4.97, 2.70, 
[178]:	-0.51, -4.06, 0.63, -0.22, -2.95, 1.02, -2.12, -3.23, 
[179]:	1.97, 1.80, 1.53, 1.98, 1.57, 1.47, 1.63, 1.52, 
[180]:	-2.23, -2.30, -0.93, -2.08, 1.66, -2.80, -3.73, -0.68, 
[181]:	3.72, -1.54, 1.34, 3.14, 1.66, 4.16, 3.47, 4.12, 
[182]:	1.24, -0.56, -1.28, 0.37, 1.27, 0.74, -0.85, -1.79, 
[183]:	0.36, -3.16, -0.29, -1.92, 1.26, -1.15, -4.03, 4.88, 
[184]:	1.84, 2.16, 1.20, 1.47, 2.75, 5.25, -4.41, -5.22, 
[185]:	-2.72, -1.97, -2.66, -5.53, 0.22, -2.52, -3.27, -3.22, 
[186]:	1.45, 0.92, 0.92, 1.88, 1.91, 0.85, 1.52, 1.67, 
[187]:	0.92, -1.38, -4.12, 1.38, -3.73, -3.03, 0.79, 4.84, 
[188]:	0.48, 0.35, 0.21, 0.34, 0.61, 0.52, 0.53, 0.16, 
[189]:	0.89, 1.16, 0.72, 1.33, 1.63, 1.30, 1.22, 1.24, 
[190]:	3.53, -3.36, 2.98, -0.45, -0.36, 1.35, 0.21, 2.81, 
[191]:	0.66, 0.49, 0.80, 0.09, 0.18, 0.64, 0.13, -0.05, 
[192]:	-0.77, -1.47, -0.71, -0.65, -1.07, 0.27, -0.95, 0.01, 
[193]:	1.62, 1.83, 1.79, 1.87, 2.08, 1.78, 2.06, 2.16, 
[194]:	2.52, 3.16, 1.32, 4.06, 2.92, 3.03, 1.88, 1.52, 
[195]:	0.52, -1.43, 0.43, 0.89, -2.06, 0.26, -0.91, -0.17, 
[196]:	-1.16, -0.66, -1.62, -0.66, -1.62, -1.35, -1.22, -1.95, 
[197]:	-2.48, 0.46, 3.50, -3.16, 1.16, -4.66, 6.88, 2.52, 
[198]:	1.16, 0.56, -0.12, -1.70, 0.49, -0.56, -0.29, 0.93, 
[199]:	-0.15, -0.46, -0.37, -1.25, -0.40, -1.20, -1.83, -1.88, 
[200]:	0.59, 1.23, 0.19, 0.23, 0.45, 0.74, 1.49, 0.68, 
[201]:	1.36, 3.66, -1.34, -1.46, 1.10, 2.09, 3.09, -0.03, 
[202]:	-5.25, -1.14, 2.42, -4.16, -2.69, -0.65, -3.86, 2.80, 
[203]:	1.71, 2.94, 1.43, 2.95, 0.68, -0.06, 0.89, 0.47, 
[204]:	1.26, 2.16, 2.61, 0.72, -0.08, 0.48, 0.05, 2.50, 
[205]:	3.70, 0.25, -0.34, 0.85, 1.23, 3.73, -1.55, -1.11, 
[206]:	-1.66, -1.47, -1.61, -1.40, -1.70, -1.86, -1.73, -1.51, 
[207]:	0.51, 0.25, 0.90, -1.98, -1.56, 3.23, 0.73, 0.30, 
[208]:	-2.34, -2.08, -1.79, -2.38, -1.96, -6.12, -3.80, -2.69, 
[209]:	0.17, -1.70, -0.96, -1.98, 0.48, -1.12, -1.94, -1.59, 
[210]:	-1.23, -1.81, -1.29, -1.71, -1.38, -1.47, -1.70, -2.50, 
[211]:	2.20, 0.89, 2.67, 0.92, 0.94, -2.17, 0.10, -1.71, 
[212]:	-1.81, -1.37, -1.95, -1.54, -1.47, -1.11, -1.03, -1.09, 
[213]:	0.12, -0.28, 0.58, 0.88, -0.28, -0.28, 0.40, 0.02, 
[214]:	1.00, -0.12, 2.72, -0.10, 3.62, 0.83, -1.45, -0.67, 
[215]:	-1.54, -0.72, 0.81, -1.73, 0.55, 0.96, -0.98, -1.09, 
[216]:	-0.89, -0.98, -0.88, -0.75, -0.85, -0.74, -0.73, -0.82, 
[217]:	0.11, 0.63, 0.66, 0.66, -0.28, 0.38, 0.02, 0.16, 
[218]:	-3.00, -1.60, -0.24, 1.17, 1.29, -0.22, -0.91, -0.28, 
[219]:	0.85, 0.45, 0.46, 0.63, 0.53, 0.47, 0.64, 0.61, 
[220]:	-2.77, -3.08, 2.69, 2.38, -3.14, -1.20, -1.29, -0.70, 
[221]:	2.78, -0.29, -3.34, 2.08, -0.38, -0.82, -1.57, 0.79, 
[222]:	-0.71, 0.90, 0.25, -1.43, -0.57, -0.15, -0.54, 0.40, 
[223]:	1.44, 1.49, 2.30, -0.66, 1.38, 0.87, 0.79, -2.22, 
[224]:	0.11, 0.11, 0.03, 0.02, 0.03, -0.06, 0.05, 0.12, 
[225]:	1.32, 0.69, -1.12, -0.76, -0.49, 1.55, -2.94, -0.68, 
[226]:	-0.52, -0.77, -0.11, 2.48, 0.62, 0.31, 0.65, -0.81, 
[227]:	-0.23, 0.46, 0.78, -1.59, -0.04, -1.45, -0.04, -0.52, 
[228]:	-0.56, -0.04, -0.40, -0.28, -0.43, -0.02, -0.02, -0.41, 
[229]:	3.67, -4.94, 0.63, -0.13, -2.09, -1.45, -0.68, 2.25, 
[230]:	-1.01, -1.36, 2.30, 1.96, 0.17, -2.03, -0.75, 0.31, 
[231]:	-1.12, -0.22, 0.26, -0.59, -0.03, -0.77, -0.88, -0.69, 
[232]:	-2.48, -1.71, -4.19, -1.98, -4.94, -4.38, -1.71, -6.91, 
[233]:	1.82, -2.70, 2.12, -1.90, 2.95, -1.72, -1.88, -0.86, 
[234]:	-0.59, -0.08, -0.49, -0.89, -0.86, -0.17, -0.62, -0.85, 
[235]:	2.28, 1.02, 1.61, 1.12, 1.45, 1.47, 1.34, 1.53, 
[236]:	-1.74, -1.48, -2.34, -2.38, -1.31, -0.73, -2.28, -0.24, 
[237]:	-0.23, -1.62, -0.05, -0.12, -0.49, 0.16, -1.64, -0.63, 
[238]:	1.77, 0.82, 2.78, -1.47, 2.41, 2.70, 0.43, 2.95, 
[239]:	-4.84, -4.50, 0.80, 1.44, -0.93, 1.34, -1.59, -0.01, 
[240]:	0.55, 0.55, -4.81, -2.58, -1.13, -1.72, 2.53, 0.25, 
[241]:	1.45, 3.08, -3.41, 1.50, -3.56, 4.53, 0.22, -0.73, 
[242]:	-1.68, 0.72, -0.23, -1.87, -0.29, -0.19, -1.47, 0.82, 
[243]:	-0.61, -0.68, -0.71, -0.71, -1.08, -1.05, -1.02, -0.71, 
[244]:	-0.04, -0.64, 0.04, -0.90, -0.18, 0.04, -0.81, -0.97, 
[245]:	0.19, 0.31, 0.15, 0.44, 0.02, 0.46, 0.06, 0.38, 
[246]:	-0.33, -0.05, -0.35, 0.19, -0.11, -0.28, 0.12, -0.01, 
[247]:	-0.27, -0.56, -0.66, -0.47, -0.54, -0.30, -0.46, -0.33, 
[248]:	3.58, -1.27, 1.15, 3.00, -0.96, -2.78, 1.06, -1.00, 
[249]:	0.43, 0.96, -1.49, 1.98, 0.43, 0.06, 1.48, -0.80, 
[250]:	0.12, 0.37, 0.45, -0.05, -0.11, 0.26, -0.38, 1.02, 
[251]:	2.47, 1.17, 1.58, 1.18, 2.00, 1.16, 3.69, 6.91, 
[252]:	1.54, 0.63, -0.41, -3.36, -4.78, -1.44, -2.70, -0.60, 
[253]:	0.52, -2.73, -4.31, -1.61, -0.99, -2.38, -2.39, -3.80, 
[254]:	0.48, 1.04, 2.00, 1.84, 2.44, 2.52, 2.16, 2.17, 
[255]:	2.81, 1.23, 2.11, 2.80, 3.16, 0.89, 2.12, -0.15, 
[256]:	-0.49, 1.98, -2.05, 1.11, -0.93, -1.02, -1.60, -1.95, 
[257]:	-1.07, 1.58, -0.39, 0.14, 0.31, -0.65, 0.18, -1.83, 
[258]:	0.72, 0.98, 1.32, 0.75, 0.64, 1.34, 0.72, 1.01, 
[259]:	-0.54, -0.56, -0.12, 1.00, 0.44, 0.36, 0.34, 0.31, 
[260]:	0.88, 0.87, 1.12, 0.95, 0.91, 1.18, 1.20, 1.22, 
[261]:	0.98, -2.70, -2.91, -2.22, -3.34, 2.06, 0.99, -1.88, 
[262]:	2.14, 1.46, 1.64, 0.25, 1.91, 0.94, -1.71, 0.90, 
[263]:	1.69, 0.20, 3.52, 1.27, 3.69, 1.16, -0.98, 0.94, 
[264]:	-2.25, -2.48, -1.75, -1.18, 0.70, -1.70, -1.64, -2.12, 
[265]:	0.77, 0.89, 0.91, 0.63, 0.82, 1.25, 1.07, 1.05, 
[266]:	2.72, 0.25, -3.67, -2.91, -2.11, 0.06, -0.97, -1.50, 
[267]:	-0.20, -0.83, -0.32, -0.13, -0.64, -0.26, -0.35, -0.38, 
[268]:	2.75, 1.92, 2.33, 1.72, 3.33, 2.20, 1.91, 3.72, 
[269]:	-0.62, -0.61, -0.61, -0.59, -0.70, -0.66, -0.57, -0.68, 
[270]:	0.00, -1.23, -1.47, -0.79, -1.73, -2.00, 0.15, -1.88, 
[271]:	-2.12, -3.78, -2.67, -3.41, -2.03, -1.78, -1.42, -1.35, 
[272]:	-0.80, -1.18, -1.28, -0.65, -0.41, -0.60, -0.31, -0.28, 
[273]:	0.41, 0.73, 0.86, 1.09, 1.04, 1.21, 1.00, 0.97, 
[274]:	0.36, 1.13, 1.00, 1.94, 0.71, 3.00, 0.69, 2.55, 
[275]:	3.94, 1.95, 1.62, -0.73, -0.45, 1.95, 1.59, -1.21, 
[276]:	-3.52, -2.83, -3.62, -1.92, -2.38, -2.91, -2.31, -2.81, 
[277]:	0.75, 0.17, -0.06, -0.05, 0.46, 0.50, 0.96, -0.07, 
[278]:	0.38, 0.79, 0.61, 0.12, 0.35, -1.01, 0.46, -0.38, 
[279]:	1.52, 0.76, -0.28, 0.34, -0.30, 0.13, -0.03, 0.50, 
[280]:	-0.79, -1.47, -0.98, 4.78, -1.09, 3.77, 1.76, -1.02, 
[281]:	-0.12, -0.84, -3.28, -1.59, -2.00, -0.59, -1.14, 0.62, 
[282]:	-1.11, -0.08, -1.65, -1.55, 0.19, -0.84, 1.44, -0.96, 
[283]:	-2.16, -1.02, -0.89, 0.32, -1.29, -0.29, -0.53, -1.52, 
[284]:	1.48, 0.65, 0.06, -0.08, -0.59, 1.73, -0.83, 2.14, 
[285]:	-0.40, -0.83, -0.86, -1.27, -0.69, -1.95, -0.30, 0.28, 
[286]:	0.40, -0.57, -0.36, -0.82, 0.98, -0.34, -0.41, -1.60, 
[287]:	-1.02, -0.73, -0.31, -1.51, -0.58, -1.39, -1.21, -1.03, 
[288]:	0.86, -1.63, 0.15, 0.04, -0.55, -0.75, -0.11, 0.27, 
[289]:	1.45, 1.16, 0.86, 2.14, 0.99, 1.61, 2.12, 0.62, 
[290]:	-2.14, -0.63, -0.68, -1.09, -1.75, -2.05, -1.52, -1.41, 
[291]:	0.16, 0.96, 0.29, 0.76, 0.24, 0.49, 0.61, 0.68, 
[292]:	4.78, -1.83, 3.25, 2.16, 2.53, 1.96, 1.46, 0.44, 
[293]:	-1.45, 1.38, -0.95, 0.36, -1.34, -0.16, 0.77, -1.70, 
[294]:	-0.16, -1.10, -0.65, -1.15, -1.36, -0.60, -1.02, -3.31, 
[295]:	1.38, 1.30, 1.15, 2.47, 1.53, 2.14, 1.98, 2.98, 
[296]:	-4.09, 2.22, 0.63, -3.50, 6.28, 3.95, 0.83, -0.91, 
[297]:	-0.06, 0.23, -0.84, -0.73, -0.18, -0.10, -0.13, -0.03, 
[298]:	-0.35, 1.60, -0.74, 0.87, 0.36, 0.47, 1.33, 0.63, 
[299]:	-0.25, -0.12, -0.40, -0.44, -0.40, 0.14, -0.52, -0.39, 
[300]:	-1.14, -1.66, -1.51, -2.39, -1.27, -1.88, -1.90, -1.13, 
[301]:	5.66, -0.23, 2.05, -0.52, 1.46, -3.95, -4.94, 5.97, 
[302]:	-0.56, 0.98, 1.16, -0.64, 0.16, 1.70, 0.70, 1.43, 
[303]:	-0.21, 0.69, -0.13, 0.68, 0.47, 0.57, 0.22, 0.36, 
[304]:	0.37, 1.05, 5.03, 1.16, 3.61, 3.86, -1.03, 5.94, 
[305]:	-0.38, 0.03, 0.35, -0.40, 0.22, 0.43, 0.12, -0.55, 
[306]:	0.47, 0.52, 0.40, 0.51, 0.34, 0.38, 0.37, 0.44, 
[307]:	0.14, 1.16, -0.69, 1.64, -0.59, 2.97, 1.46, 0.59, 
[308]:	-1.12, 0.81, -0.75, -1.45, -0.83, 0.08, -0.92, -0.24, 
[309]:	-1.30, -1.12, -1.19, -1.27, -1.23, -1.20, -1.17, -1.19, 
[310]:	1.50, 1.59, 1.44, 0.52, 1.94, 0.57, 1.27, 1.69, 
[311]:	1.72, 1.76, 0.10, 1.41, 0.45, 2.09, -0.29, -1.05, 
[312]:	2.12, -0.01, 3.12, -0.32, 0.15, -0.79, -0.68, 2.78, 
[313]:	-1.72, -1.27, -0.10, 0.03, -2.42, -2.59, -0.32, -1.81, 
[314]:	-0.86, -0.55, -2.28, -0.53, 0.13, -0.78, -0.05, -1.66, 
[315]:	7.38, -2.86, -0.81, -7.69, 10.44, 0.02, 6.00, 0.35, 
[316]:	0.26, 0.77, 1.62, 0.12, 0.71, 1.52, 0.60, -0.35, 
[317]:	-2.31, 0.59, 3.34, 2.45, 0.49, 2.45, 1.56, 4.22, 
[318]:	2.12, 0.84, 0.74, -0.64, 2.45, 1.34, 1.19, -1.48, 
[319]:	-3.06, -2.38, -2.05, 0.17, -2.73, -0.25, -2.70, -0.44, 
[320]:	-2.62, -2.56, -2.62, -2.66, -2.58, -2.02, -2.52, -2.44, 
[321]:	-0.28, -0.80, -0.48, 0.19, -0.66, -1.07, -1.12, -0.22, 
[322]:	2.23, 0.24, -0.39, -1.70, -3.47, -2.92, -0.95, -1.46, 
[323]:	-1.66, -0.54, -0.71, 0.42, -0.72, 0.29, -2.58, -0.64, 
[324]:	0.21, 0.16, 0.36, 0.24, 0.30, 0.34, 0.33, 0.26, 
[325]:	-0.74, -3.08, -2.03, -2.80, -3.59, -1.86, -2.00, -2.86, 
[326]:	-1.38, 0.09, -0.54, 0.06, 0.63, 0.11, 0.15, 0.32, 
[327]:	2.36, 2.55, 2.38, 2.67, 2.55, 1.91, 1.77, 2.08, 
[328]:	-0.60, -0.43, -0.62, -0.39, -0.49, -0.70, -0.51, -0.47, 
[329]:	-1.20, -2.14, 0.67, -0.80, -0.21, -0.91, -0.94, 0.22, 
[330]:	1.78, 0.71, 3.47, -1.39, 0.77, -0.06, 1.84, 3.53, 
[331]:	-0.34, 0.84, 0.17, 0.54, 0.47, -1.27, -0.52, -0.86, 
[332]:	-1.35, -2.12, 2.77, -1.22, -2.42, 1.22, -4.06, -1.67, 
[333]:	-1.36, -1.49, -1.43, -1.44, -1.27, -1.56, -1.34, -1.42, 
[334]:	0.76, 1.22, 0.99, 0.60, 0.74, 0.86, 0.44, 0.83, 
[335]:	2.45, -0.47, 1.34, 0.46, 2.56, -0.26, 2.12, 0.73, 
[336]:	-0.14, -0.23, -0.38, -0.31, -0.35, -0.33, -0.30, -0.24, 
[337]:	2.62, 2.12, 4.12, 1.77, 2.83, 3.16, 1.29, 0.91, 
[338]:	2.62, -0.18, 0.57, -1.91, 2.30, -3.33, -4.19, -0.44, 
[339]:	1.27, 1.12, 1.38, -0.03, 1.12, 1.52, 1.45, 0.80, 
[340]:	2.28, -0.93, -0.03, 1.20, 0.51, -1.11, 1.87, -0.77, 
[341]:	-1.87, -1.22, 0.61, -0.36, -2.23, -1.20, -2.36, -1.45, 
[342]:	-1.70, 2.86, -4.16, -1.10, -1.00, -3.06, -1.04, -2.00, 
[343]:	-0.17, 0.60, 0.24, -0.07, 0.06, -0.37, 0.38, 1.13, 
[344]:	0.06, 0.59, 0.65, -0.08, 0.66, 0.06, 0.40, 0.70, 
[345]:	0.20, -0.65, -0.26, -0.42, 0.35, -0.22, -0.17, 0.02, 
[346]:	-0.15, -1.73, -1.37, -1.38, -0.98, -1.58, -0.02, -0.87, 
[347]:	-0.68, -1.41, -0.95, -1.25, -1.13, -1.30, -1.31, -1.50, 
[348]:	1.87, -5.31, -3.39, -1.20, 1.45, 0.68, 4.16, 1.22, 
[349]:	0.10, -0.61, 0.61, -1.22, -0.32, -1.52, -0.83, -0.65, 
[350]:	0.57, 2.64, -3.45, -0.42, -1.73, 1.51, -1.96, 3.36, 
[351]:	4.78, 1.96, -3.27, -1.77, -0.04, -3.61, 1.07, -2.11, 
[352]:	-0.29, -0.29, -0.27, -0.26, -0.27, -0.28, -0.26, -0.27, 
[353]:	-0.55, -0.56, -2.69, -2.17, -1.82, -1.02, -2.50, -0.17, 
[354]:	-1.80, -2.66, -0.94, -0.42, -1.34, -1.56, -0.75, -2.59, 
[355]:	1.52, 1.95, 1.48, 0.90, 0.81, 2.52, -0.00, 1.38, 
[356]:	0.19, 0.26, 0.37, 0.15, -0.21, -0.39, -0.11, -0.02, 
[357]:	1.70, 2.42, 2.67, 1.86, 2.20, 1.84, 2.08, 2.20, 
[358]:	2.62, 2.03, -6.62, 1.24, 6.97, 4.41, -1.89, 2.89, 
[359]:	3.30, -1.94, -1.06, -2.91, 2.67, -3.55, -4.28, -2.42, 
[360]:	-0.79, 2.11, 0.64, 1.12, 1.92, 1.66, 1.44, -1.18, 
[361]:	-1.09, -1.02, -1.16, -1.34, -1.13, -1.31, -1.22, -1.19, 
[362]:	0.26, 0.21, 0.24, 0.39, 0.28, 0.36, 0.30, 0.24, 
[363]:	0.13, 0.02, -0.13, -0.07, 0.28, 0.35, -0.20, 0.12, 
[364]:	-0.12, -0.99, 0.61, 2.89, 0.98, 3.31, 1.80, -1.23, 
[365]:	0.25, 0.46, 0.18, 0.40, 0.39, 0.47, 0.32, 0.43, 
[366]:	-1.77, -2.95, -1.35, -3.09, -0.68, 0.26, -1.79, 1.27, 
[367]:	-0.20, 2.20, 1.90, 0.70, 4.16, -0.86, 2.75, 2.34, 
[368]:	0.42, -0.05, -0.81, -1.40, -0.46, -0.28, 0.93, 0.30, 
[369]:	0.77, 0.29, -0.46, 1.45, 2.50, 1.61, -1.33, 1.14, 
[370]:	-1.26, -0.23, -0.28, 3.17, -2.58, -0.11, -0.57, 1.91, 
[371]:	-0.42, -1.04, 0.28, -0.90, -0.27, -0.82, 0.96, -1.33, 
[372]:	0.85, -0.02, -0.17, 0.89, -0.06, 0.30, 1.09, 1.40, 
[373]:	1.62, 2.44, 1.54, 1.30, 4.19, 2.30, -0.15, 2.39, 
[374]:	-0.90, 2.23, 2.02, -0.27, 2.30, 0.65, 1.93, 0.05, 
[375]:	-0.47, 0.22, -0.88, -0.98, -2.84, -0.64, -0.13, -0.80, 
[376]:	-0.29, -0.21, 0.62, -2.16, 2.23, 1.08, 3.17, -2.05, 
[377]:	0.24, 1.52, 0.52, 0.43, 1.49, 1.32, 1.40, 1.29, 
[378]:	0.40, 0.28, 0.37, 0.29, 0.39, 0.31, 0.35, 0.17, 
[379]:	-0.21, 0.14, -1.64, 1.79, 0.77, 0.27, 0.54, 0.46, 
[380]:	1.42, -0.98, 3.22, 0.17, 2.59, 1.27, -2.69, 3.05, 
[381]:	0.48, 0.22, 0.10, 0.07, -0.19, -0.13, 0.32, 0.42, 
[382]:	-1.62, 0.42, -2.16, -1.47, -5.31, -0.90, -3.08, -1.62, 
[383]:	0.22, 0.57, 1.45, 0.92, -0.11, 1.34, 0.30, -0.13, 
[384]:	0.35, 0.26, 0.19, 0.33, 0.10, 0.29, 0.37, -0.10, 
[385]:	-0.82, -0.64, -0.93, -0.42, -0.98, -0.93, -0.48, -1.09, 
[386]:	1.02, 1.50, 1.55, 1.25, 1.37, 1.35, 1.21, 1.19, 
[387]:	1.76, 0.62, 0.76, 0.01, -0.39, 0.54, 0.59, -0.02, 
[388]:	-8.12, -1.79, 0.89, 3.84, -5.28, -1.23, 0.39, -4.25, 
[389]:	-0.53, -1.20, -0.63, -0.42, 0.04, -0.52, -0.61, -0.22, 
[390]:	-1.12, -1.08, -0.00, -1.43, 0.91, -0.70, -0.49, -0.18, 
[391]:	0.43, -1.39, 1.22, 1.05, -0.14, 0.12, -0.27, 0.22, 
[392]:	0.98, 0.82, 1.55, 2.16, 1.35, 1.33, 2.61, 1.73, 
[393]:	-0.65, -1.59, -0.14, 1.06, 0.68, 0.70, -1.31, -3.80, 
[394]:	2.05, 1.17, 0.70, -1.02, -0.06, -0.73, 1.59, 2.12, 
[395]:	1.42, -0.02, 0.28, 2.27, 0.43, -0.38, -0.31, -1.20, 
[396]:	1.30, -0.59, -1.89, 0.50, 1.49, -0.29, 1.16, 0.60, 
[397]:	-3.33, -0.54, -2.53, -3.66, -0.94, -0.98, -2.75, -0.48, 
[398]:	-0.19, 0.70, -0.43, -0.10, 0.30, 0.21, -0.06, -0.58, 
[399]:	0.70, -0.11, -0.62, -0.54, 0.74, -0.86, -0.35, 0.34, 
[400]:	0.70, -0.43, -1.52, 0.23, 0.14, -0.39, -0.49, 0.63, 
[401]:	-2.73, 0.36, -1.21, 7.09, 6.44, -0.65, -0.63, 1.05, 
[402]:	3.23, -3.00, -2.11, -0.38, -0.75, -2.53, 4.78, 0.29, 
[403]:	-1.42, 1.69, 3.45, -1.41, 1.82, -0.95, -1.70, 1.83, 
[404]:	-0.74, -0.75, -1.16, -1.30, -0.54, -0.58, -0.83, -0.17, 
[405]:	-0.29, -0.31, -0.32, -0.29, -0.30, -0.31, -0.29, -0.29, 
[406]:	3.31, 1.24, 1.76, 3.34, 1.49, 3.36, 4.94, 1.93, 
[407]:	0.36, -0.09, -0.29, 1.11, 1.93, 0.45, -0.00, -0.17, 
[408]:	0.59, -0.30, -0.46, 0.02, 0.61, -1.09, 0.17, 0.54, 
[409]:	1.23, -1.79, 2.45, 1.22, -0.30, 2.31, 2.55, 0.43, 
[410]:	0.79, 0.64, 0.68, 0.77, 0.71, 0.75, 0.60, 0.70, 
[411]:	-0.11, 1.13, -1.30, 1.20, -4.47, -2.23, 2.08, 0.16, 
[412]:	2.02, 0.69, 4.28, 2.83, 2.31, 6.19, 1.30, -0.06, 
[413]:	1.20, 1.53, -0.18, -0.20, -1.14, 1.48, 0.43, -0.64, 
[414]:	-8.94, -9.94, 6.50, -6.81, 5.25, -9.75, -4.06, 3.16, 
[415]:	0.59, 1.11, 0.79, 0.68, 1.09, 0.91, 0.51, 1.14, 
[416]:	0.31, 0.42, 0.20, 1.16, -0.33, -0.15, 0.18, 1.62, 
[417]:	1.31, 0.06, -2.25, -0.26, 2.23, -0.14, 1.22, 3.75, 
[418]:	0.66, 1.12, -1.62, 0.90, -0.26, 0.10, 0.18, 0.26, 
[419]:	-0.88, 0.57, -2.11, 1.09, 0.24, 0.63, 1.11, -0.49, 
[420]:	3.14, 0.61, -0.02, -0.27, 0.95, -1.22, 1.30, 0.82, 
[421]:	3.30, 2.84, 1.82, 1.88, -0.92, 0.86, 2.02, 0.18, 
[422]:	1.52, 1.92, 1.32, 1.19, 1.08, 0.74, 0.83, 1.18, 
[423]:	-3.03, -0.94, -0.41, -0.41, 0.19, -0.97, 0.17, -1.09, 
[424]:	1.60, 1.47, 1.45, 1.55, 1.38, 1.45, 2.08, 1.76, 
[425]:	3.12, 0.25, 0.73, 1.42, -0.17, 1.62, 0.75, 0.46, 
[426]:	3.17, 3.36, 3.23, 3.31, 3.30, 3.27, 3.27, 3.25, 
[427]:	-0.01, 1.47, 0.62, 1.23, -0.14, 0.58, -0.20, -0.36, 
[428]:	7.50, 6.12, 0.72, 6.12, -0.88, -5.00, -1.77, -0.42, 
[429]:	0.50, 1.44, -1.80, -0.58, 1.94, 0.98, -0.26, -0.36, 
[430]:	-1.30, -1.27, -1.48, -1.13, -1.44, -1.59, -1.38, -1.48, 
[431]:	-3.92, 0.46, -2.14, -0.06, -2.91, -1.91, -2.22, 0.17, 
[432]:	-0.42, 0.80, 0.64, 0.43, -0.21, 0.26, 0.45, 1.16, 
[433]:	-0.06, -0.08, 0.09, 0.03, -0.16, -0.02, 0.07, -0.04, 
[434]:	0.25, -4.84, 1.87, 0.65, -3.27, 2.42, -2.08, -3.66, 
[435]:	-0.66, -0.12, 0.79, -0.71, 0.68, 0.99, 0.46, 0.83, 
[436]:	-0.93, -0.95, -0.50, -0.88, 0.34, -1.11, -1.41, -0.42, 
[437]:	-2.02, 3.14, 0.32, -1.44, 0.02, -2.45, -1.77, -2.41, 
[438]:	-0.37, -1.76, -2.33, -1.05, -0.35, -0.76, -1.98, -2.72, 
[439]:	0.85, -3.66, 0.01, -2.08, 2.00, -1.08, -4.78, 6.62, 
[440]:	2.83, 3.09, 2.28, 2.52, 3.59, 5.69, -2.41, -3.06, 
[441]:	-1.45, -0.76, -1.39, -4.03, 1.24, -1.26, -1.95, -1.90, 
[442]:	-0.53, -0.88, -0.88, -0.25, -0.23, -0.93, -0.49, -0.38, 
[443]:	0.37, -1.37, -3.42, 0.71, -3.12, -2.61, 0.27, 3.31, 
[444]:	-0.47, -0.36, -0.25, -0.36, -0.57, -0.50, -0.51, -0.21, 
[445]:	2.75, 0.02, 4.53, -1.64, -4.75, -1.43, -0.53, -0.80, 
[446]:	-1.31, -2.14, -1.38, -1.79, -1.78, -1.57, -1.71, -1.40, 
[447]:	-0.67, -0.55, -0.75, -0.30, -0.35, -0.65, -0.32, -0.21, 
[448]:	-0.20, -1.15, -0.12, -0.05, -0.61, 1.19, -0.45, 0.84, 
[449]:	-0.31, -0.70, -0.62, -0.77, -1.17, -0.61, -1.14, -1.30, 
[450]:	-0.52, -0.93, 0.24, -1.50, -0.77, -0.84, -0.11, 0.11, 
[451]:	1.09, 0.37, 1.06, 1.23, 0.13, 1.00, 0.56, 0.84, 
[452]:	-1.36, -2.16, -0.66, -2.16, -0.64, -1.07, -1.27, -0.14, 
[453]:	4.34, 2.66, 0.95, 4.72, 2.27, 5.56, -0.95, 1.50, 
[454]:	-1.38, -1.22, -1.04, -0.62, -1.20, -0.92, -0.99, -1.31, 
[455]:	2.73, 1.82, 2.09, -0.44, 2.02, -0.29, -2.11, -2.27, 
[456]:	0.84, 0.92, 0.78, 0.79, 0.82, 0.86, 0.96, 0.85, 
[457]:	-0.24, -2.78, 2.77, 2.91, 0.05, -1.05, -2.16, 1.31, 
[458]:	-0.85, -1.27, -1.62, -0.96, -1.11, -1.31, -0.99, -1.66, 
[459]:	0.03, 0.77, -0.14, 0.77, -0.58, -1.02, -0.46, -0.71, 
[460]:	0.45, 1.94, 2.69, -0.45, -1.78, -0.84, -1.55, 2.50, 
[461]:	-0.07, -0.17, -0.19, -0.15, -0.14, -0.07, -0.23, -0.21, 
[462]:	-1.23, -1.52, -1.31, -1.64, -1.15, -0.90, -1.10, -1.47, 
[463]:	1.55, 2.02, 0.84, 6.00, 5.25, -3.33, 1.15, 1.92, 
[464]:	1.73, 1.55, 1.38, 1.75, 1.48, 4.16, 2.67, 1.95, 
[465]:	-1.05, -0.78, -0.89, -0.73, -1.10, -0.86, -0.74, -0.79, 
[466]:	0.53, 0.55, 0.53, 0.55, 0.54, 0.54, 0.55, 0.59, 
[467]:	-0.18, 0.21, -0.32, 0.20, 0.19, 1.12, 0.44, 0.98, 
[468]:	0.55, -1.20, 1.09, -0.52, -0.78, -2.17, -2.48, -2.27, 
[469]:	-0.60, -1.42, 0.37, 0.98, -1.41, -1.41, 0.00, -0.79, 
[470]:	-0.93, -1.66, 0.18, -1.64, 0.75, -1.05, -2.50, -2.00, 
[471]:	1.42, 0.18, -2.14, 1.72, -1.77, -2.38, 0.57, 0.75, 
[472]:	-0.57, 0.42, -0.65, -2.09, -0.98, -2.23, -2.38, -1.38, 
[473]:	-1.55, -1.94, -1.96, -1.96, -1.25, -1.75, -1.48, -1.58, 
[474]:	-1.55, -0.77, -0.01, 0.77, 0.84, 0.00, -0.38, -0.03, 
[475]:	-0.62, 0.32, 0.30, -0.11, 0.14, 0.26, -0.13, -0.06, 
[476]:	-0.13, -0.05, -1.45, -1.38, -0.04, -0.51, -0.48, -0.63, 
[477]:	-0.10, -1.55, -2.98, -0.43, -1.59, -1.80, -2.16, -1.04, 
[478]:	-0.63, 0.89, 0.28, -1.30, -0.49, -0.10, -0.46, 0.42, 
[479]:	2.30, 2.36, 3.14, 0.25, 2.25, 1.74, 1.66, -1.29, 
[480]:	-1.39, -1.41, -1.05, -1.00, -1.05, -0.61, -1.12, -1.47, 
[481]:	-1.53, -0.77, 1.41, 0.98, 0.65, -1.80, 3.62, 0.88, 
[482]:	1.27, 1.36, 1.12, 0.16, 0.85, 0.96, 0.84, 1.38, 
[483]:	1.49, 1.57, 1.61, 1.34, 1.51, 1.35, 1.51, 1.45, 
[484]:	3.44, -1.55, 1.83, 0.68, 2.14, -1.80, -1.75, 1.95, 
[485]:	-1.05, 0.84, -0.39, -0.22, 0.21, 0.07, -0.10, -0.75, 
[486]:	1.34, 2.30, -7.81, -6.91, -1.95, 4.19, 0.61, -2.33, 
[487]:	0.16, -1.12, -1.79, -0.60, -1.38, -0.34, -0.19, -0.46, 
[488]:	1.83, 1.70, 2.11, 1.75, 2.22, 2.14, 1.70, 2.55, 
[489]:	2.98, -1.44, 3.28, -0.65, 4.09, -0.47, -0.62, 0.38, 
[490]:	0.15, -2.70, -0.37, 1.85, 1.70, -2.19, 0.34, 1.63, 
[491]:	-0.61, 0.05, -0.26, -0.01, -0.17, -0.19, -0.12, -0.22, 
[492]:	2.20, 1.92, 2.89, 2.92, 1.72, 1.06, 2.83, 0.50, 
[493]:	2.56, 0.84, 2.77, 2.69, 2.22, 3.03, 0.82, 2.06, 
[494]:	1.47, 0.98, 1.98, -0.20, 1.80, 1.95, 0.78, 2.08, 
[495]:	1.47, 1.32, -0.99, -1.27, -0.24, -1.23, 0.05, -0.64, 
[496]:	-2.45, -2.45, 3.42, 0.97, -0.61, 0.03, -4.59, -2.11, 
[497]:	-1.12, -1.55, 0.15, -1.14, 0.19, -1.94, -0.80, -0.55, 
[498]:	-0.93, 0.76, 0.09, -1.06, 0.05, 0.12, -0.79, 0.83, 
[499]:	-1.42, -0.91, -0.74, -0.70, 1.71, 1.55, 1.31, -0.69, 
[500]:	1.53, -0.78, 1.85, -1.77, 1.01, 1.87, -1.44, -2.03, 
[501]:	-1.33, -1.53, -1.25, -1.77, -1.02, -1.80, -1.09, -1.65, 
[502]:	1.52, -0.63, 1.66, -2.45, -0.14, 1.12, -1.91, -0.93, 
[503]:	-0.88, 1.37, 2.20, 0.67, 1.18, -0.67, 0.56, -0.41, 
[504]:	-0.38, -1.60, -0.99, -0.52, -1.52, -1.98, -1.02, -1.53, 
[505]:	0.17, 0.64, -1.55, 1.56, 0.17, -0.16, 1.11, -0.93, 
[506]:	1.20, 0.97, 0.89, 1.35, 1.40, 1.07, 1.64, 0.39, 
[507]:	-1.80, 0.01, -0.55, -0.00, -1.15, 0.03, -3.52, -8.00, 
[508]:	1.67, 1.75, 1.83, 2.06, 2.17, 1.91, 2.02, 1.84, 
[509]:	-0.75, 1.38, 2.41, 0.64, 0.24, 1.14, 1.16, 2.08, 
[510]:	1.72, 0.22, -2.34, -1.93, -3.52, -3.72, -2.77, -2.78, 
[511]:	0.62, -0.71, 0.03, 0.61, 0.90, -0.99, 0.04, -1.86, 
[512]:	

[0]	
step =3584
3.22, 1.58, 1.06, -0.01, -1.47, -1.02, 0.61, 0.19, 
[0]	3.22, 1.58, 1.06, -0.01, -1.47, -1.02, 0.61, 0.19, 

[1]	0.74, -1.53, -1.16, -3.47, -1.16, -3.20, 2.62, -1.31, 
[1]	0.74, -1.53, -1.16, -3.47, -1.16, -3.20, 2.62, -1.31, 

[0]:	0.89, -0.52, 1.77, -0.03, 1.14, 1.19, 1.52, 1.72, 
[1]:	0.46, -0.59, 0.19, -0.02, -0.09, 0.29, -0.04, 0.75, 
[2]:	-1.98, -1.26, -0.29, -1.91, -2.20, -0.22, -1.98, -1.18, 
[3]:	-1.00, -0.98, -1.23, -1.88, -1.55, -1.52, -1.50, -1.48, 
[4]:	-2.73, -2.80, -1.25, -2.33, -2.52, -0.90, -0.80, -0.67, 
[5]:	0.64, -0.37, -0.42, -0.24, -0.54, 0.93, 0.64, -0.14, 
[6]:	-2.02, -0.72, -1.06, 1.59, -1.59, 0.29, 5.34, 0.37, 
[7]:	-2.62, 0.86, -6.91, -1.64, -7.34, -1.40, 3.62, -0.88, 
[8]:	-0.67, -0.14, -1.89, -3.25, -7.75, -1.99, -2.16, -0.98, 
[9]:	1.31, 0.70, 0.55, 2.09, 1.07, -1.27, -0.30, -0.21, 
[10]:	-5.47, -0.75, 6.72, 5.28, 3.73, -0.39, 1.57, 2.58, 
[11]:	2.02, 2.12, 2.03, 2.00, 2.09, 2.03, 2.05, 2.05, 
[12]:	2.25, 0.67, 1.45, 0.29, 3.38, 1.21, 0.64, 4.12, 
[13]:	-0.38, 0.25, 0.18, 0.80, -3.48, -1.70, 1.56, -2.53, 
[14]:	-2.67, -0.41, 0.04, -1.21, 0.52, 1.02, -2.94, 0.79, 
[15]:	-0.18, -3.59, -1.30, -2.81, 0.03, 0.54, 1.28, 1.43, 
[16]:	1.25, 1.67, 1.78, 1.09, 0.81, 1.02, 0.70, 0.66, 
[17]:	-1.50, -1.43, -1.40, -1.34, -1.36, -1.31, -1.37, -1.38, 
[18]:	-0.12, -0.80, -0.69, -1.52, -0.44, -2.45, -0.42, -2.06, 
[19]:	3.77, 2.17, 1.91, 0.04, 0.27, 2.17, 1.89, -0.34, 
[20]:	-0.16, -0.02, -0.18, 0.18, 0.08, -0.03, 0.09, -0.01, 
[21]:	1.62, 0.84, 0.52, 0.54, 1.22, 1.28, 1.90, 0.50, 
[22]:	0.36, 0.43, 0.40, 0.31, 0.35, 0.10, 0.37, 0.22, 
[23]:	0.80, -0.95, -3.33, -1.91, -3.38, -2.38, -2.77, -1.52, 
[24]:	0.74, 1.20, 0.88, -3.02, 0.95, -2.33, -0.97, 0.90, 
[25]:	-1.59, -1.56, -1.43, -1.52, -1.50, -1.57, -1.55, -1.63, 
[26]:	1.59, 1.59, 1.59, 1.59, 1.59, 1.59, 1.59, 1.59, 
[27]:	-0.68, -0.26, -0.21, 0.24, -0.36, 0.01, -0.08, -0.44, 
[28]:	0.35, 0.56, 0.71, 0.75, 0.88, 0.29, 0.93, 0.19, 
[29]:	-0.97, -0.90, -0.89, -0.83, -0.92, -0.71, -0.98, -1.08, 
[30]:	-2.73, -0.81, -1.23, -0.31, -3.88, -1.27, -1.12, 1.23, 
[31]:	1.88, 0.84, -0.74, 3.72, 0.28, 3.28, 2.62, 1.95, 
[32]:	-0.80, 0.40, -0.46, -0.41, -0.12, -0.03, -0.34, -0.52, 
[33]:	0.34, 0.68, 1.05, -0.50, 0.89, 0.15, -0.48, 1.34, 
[34]:	-2.14, 2.03, 1.91, 0.77, -1.05, -1.85, -0.39, -0.12, 
[35]:	0.49, 1.66, 0.69, 1.38, 0.61, 0.98, 1.15, 1.25, 
[36]:	-0.34, -1.25, -0.55, -0.70, -0.65, -0.73, -0.80, -0.94, 
[37]:	-1.00, -1.84, -1.15, -1.53, -1.03, -1.38, -1.65, -0.93, 
[38]:	0.80, 0.29, 0.53, 0.26, 0.14, 0.56, 0.33, -0.94, 
[39]:	0.69, 0.67, 0.64, 0.91, 0.72, 0.85, 0.81, 1.02, 
[40]:	2.16, 1.01, 1.30, 2.05, 0.27, 0.70, 1.27, 1.58, 
[41]:	-0.38, 0.49, -2.80, -2.47, -0.77, -0.51, -0.61, -0.31, 
[42]:	-0.38, 4.59, -1.38, 2.73, 1.45, 1.72, 3.91, 2.12, 
[43]:	-0.31, -0.17, -0.47, -0.51, -0.47, 0.11, -0.59, -0.46, 
[44]:	-2.30, -0.42, -0.96, 2.23, -1.81, 0.38, 0.46, -2.33, 
[45]:	3.92, -0.39, 1.27, -0.61, 0.84, -3.11, -3.84, 4.12, 
[46]:	-1.88, -1.88, -1.88, -1.88, -1.88, -1.88, -1.88, -1.88, 
[47]:	0.48, 1.28, 0.55, 1.28, 1.09, 1.18, 0.87, 0.99, 
[48]:	-0.56, -0.26, 1.46, -0.22, 0.84, 0.95, -1.17, 1.85, 
[49]:	0.66, 1.24, 1.69, 0.64, 1.50, 1.81, 1.37, 0.43, 
[50]:	-3.86, -5.62, -1.51, -5.44, 0.84, -0.82, -0.34, -2.73, 
[51]:	-0.45, -0.25, -0.62, -0.16, -0.59, 0.11, -0.19, -0.36, 
[52]:	-0.90, 3.14, -0.13, -1.59, -0.30, 1.61, -0.49, 0.94, 
[53]:	-0.62, 0.80, 0.24, -0.43, -0.05, 0.14, 0.36, 0.22, 
[54]:	-2.64, -3.11, -2.33, 2.61, -5.00, 2.36, -1.45, -3.66, 
[55]:	-1.45, -1.45, -1.41, -1.44, -1.41, -1.45, -1.40, -1.38, 
[56]:	-0.99, 0.50, -1.70, 0.71, 0.39, 1.05, 0.96, -1.45, 
[57]:	-0.36, 0.17, 1.52, 1.66, -1.16, -1.35, 1.26, -0.46, 
[58]:	0.06, -0.67, 3.38, -0.71, -2.25, -0.13, -1.83, 1.91, 
[59]:	2.58, 0.05, 0.56, -1.13, 3.31, 0.76, 2.23, 0.84, 
[60]:	-0.78, -0.50, -0.03, -0.86, -0.53, -0.08, -0.59, -1.11, 
[61]:	-1.09, -0.18, 0.68, 0.40, -0.21, 0.40, 0.12, 0.96, 
[62]:	1.11, 0.65, 0.62, 0.12, 1.23, 0.83, 0.77, -0.17, 
[63]:	0.82, 0.84, 0.86, 0.95, 0.83, 0.93, 0.83, 0.93, 
[64]:	1.85, 1.85, 1.85, 1.85, 1.85, 1.86, 1.85, 1.85, 
[65]:	-0.98, 1.62, 0.02, -3.33, 0.96, 3.00, 3.25, -1.30, 
[66]:	3.22, 1.58, 1.06, -0.01, -1.47, -1.02, 0.61, 0.19, 
[67]:	0.74, -1.53, -1.16, -3.47, -1.16, -3.20, 2.62, -1.31, 
[68]:	-1.61, -1.77, -1.13, -1.52, -1.32, -1.21, -1.24, -1.46, 
[69]:	1.54, 0.47, 0.95, 0.60, 0.24, 1.03, 0.97, 0.57, 
[70]:	4.06, -1.58, 0.84, -1.48, -3.64, -1.65, -1.79, -2.45, 
[71]:	0.09, -0.12, 0.07, -0.27, -0.13, 0.60, 0.77, 0.41, 
[72]:	3.53, -1.98, 4.09, -3.03, -0.06, 6.59, 0.60, -0.74, 
[73]:	0.28, 0.03, 0.77, 0.38, 0.54, 0.35, 0.35, 0.65, 
[74]:	-2.42, 0.15, -6.50, 5.22, 0.03, 2.03, -2.56, -6.62, 
[75]:	-0.41, -1.62, -0.93, -1.30, -1.24, 0.54, -0.22, 0.13, 
[76]:	-0.84, -0.91, -0.47, -0.83, -0.94, -0.61, -1.09, -0.88, 
[77]:	0.31, -2.09, -1.03, -1.07, 1.97, -3.47, 0.61, -0.82, 
[78]:	0.21, 1.19, 0.71, -0.13, 0.17, 0.43, -0.46, 0.37, 
[79]:	1.20, 0.57, 0.97, 0.77, 1.23, 0.62, 1.13, 0.83, 
[80]:	3.84, 2.27, -0.30, 0.91, 0.12, 0.46, 1.04, 2.11, 
[81]:	-1.50, -1.02, -2.92, -0.68, -1.69, -2.00, -0.22, 0.14, 
[82]:	2.66, 1.46, 1.77, 0.71, 2.52, 0.11, -0.26, 1.34, 
[83]:	0.30, 0.49, 0.15, 2.00, 0.49, -0.03, 0.06, 0.90, 
[84]:	0.15, -1.69, -1.17, -0.47, -0.86, -1.79, -0.08, -1.60, 
[85]:	0.20, 1.09, 3.62, 2.28, -0.30, 1.12, -0.47, 0.79, 
[86]:	0.20, -2.12, 1.45, -0.10, -0.16, 0.89, -0.13, 0.36, 
[87]:	2.02, -0.27, 0.80, 1.71, 1.32, 2.61, 0.38, -1.84, 
[88]:	-0.56, 0.71, 0.84, -0.89, 0.86, -0.57, 0.25, 0.96, 
[89]:	1.22, -1.33, -0.15, -0.65, 1.67, -0.02, 0.13, 0.68, 
[90]:	-2.30, 0.84, 0.11, 0.14, -0.66, 0.54, -2.55, -0.86, 
[91]:	1.80, -0.82, 0.85, -0.22, 0.21, -0.41, -0.45, -1.10, 
[92]:	1.23, 1.12, 1.14, 1.18, 1.22, 1.20, 1.26, 1.21, 
[93]:	-1.25, -0.82, -1.55, -0.46, -1.00, -0.27, -0.69, -0.79, 
[94]:	1.49, 1.34, 1.77, 1.56, 1.66, 1.43, 1.67, 1.30, 
[95]:	0.50, 1.12, 2.28, 1.95, 1.57, 2.36, 1.32, 2.03, 
[96]:	0.88, 1.27, -0.06, -1.33, -0.49, 0.47, -1.74, -0.30, 
[97]:	-0.82, -0.81, 0.91, 0.50, 0.21, -0.44, 0.76, -1.12, 
[98]:	0.38, -1.81, 2.58, 3.92, 1.55, 0.99, 3.05, -1.65, 
[99]:	-0.52, -0.62, -0.51, -0.37, -0.35, -0.76, -0.15, -0.49, 
[100]:	-2.25, -2.69, -3.28, -2.05, 0.12, 1.14, -0.50, -1.00, 
[101]:	-1.05, 3.17, 4.66, -0.12, 1.88, -0.27, 1.17, 1.90, 
[102]:	0.55, 0.44, -1.29, 0.28, 1.41, 0.91, -0.34, 0.61, 
[103]:	4.38, 0.51, 1.16, -0.21, 3.92, -0.69, -1.23, 0.15, 
[104]:	1.61, 1.12, 1.37, 1.29, 1.16, 1.20, 1.23, 1.67, 
[105]:	-1.41, -2.17, -0.61, 1.67, -0.86, 1.32, 0.18, -0.24, 
[106]:	-0.04, 0.97, 0.33, -2.72, -0.32, -2.08, -0.79, 0.52, 
[107]:	1.09, 1.34, 1.70, 1.57, 0.72, 0.57, 1.88, 1.11, 
[108]:	0.05, -1.28, 1.16, 4.69, 1.74, 5.31, 2.98, -1.66, 
[109]:	-1.11, 0.33, -1.54, -0.04, -0.09, 0.42, -0.57, 0.17, 
[110]:	0.93, 1.07, 0.88, 1.09, 0.80, 0.69, 0.93, 0.57, 
[111]:	1.01, 1.77, 1.68, 1.30, 2.39, 0.80, 1.95, 1.82, 
[112]:	-0.22, 0.55, 1.80, 2.75, 1.23, 0.93, -1.08, -0.03, 
[113]:	0.10, 0.29, 0.59, -0.17, -0.59, -0.23, 0.93, -0.05, 
[114]:	-1.00, -0.80, -0.81, -0.14, -1.25, -0.78, -0.86, -0.38, 
[115]:	-0.22, 0.45, -0.99, 0.30, -0.39, 0.22, -1.73, 0.77, 
[116]:	-0.76, -3.34, -3.81, -0.63, -3.47, -2.41, -0.02, 0.89, 
[117]:	-0.33, -2.55, -0.12, 0.53, -7.41, -2.17, 4.50, -2.47, 
[118]:	3.03, -1.04, -0.76, 2.20, -1.13, 1.01, -0.65, 1.79, 
[119]:	0.29, 0.48, 0.18, 0.15, -0.36, 0.24, 0.38, 0.20, 
[120]:	-1.74, -1.84, -2.80, 0.43, -4.69, -3.33, -5.75, 0.30, 
[121]:	3.16, 0.04, 2.47, 2.67, 0.09, 0.50, 0.32, 0.59, 
[122]:	2.50, -0.44, 1.79, -0.12, 2.31, 0.18, 1.12, -3.16, 
[123]:	1.10, 0.90, 1.92, -0.04, 0.54, 0.83, 0.67, 0.72, 
[124]:	-0.39, -2.12, 0.90, -1.30, 0.45, -0.50, -3.34, 0.77, 
[125]:	1.51, -0.26, -1.06, -1.25, -3.02, -2.58, 0.44, 1.13, 
[126]:	-0.32, -0.85, -0.18, -0.36, 0.66, -0.50, 0.07, -0.32, 
[127]:	-0.18, -0.72, -2.08, -1.26, 0.33, -1.91, -0.30, 0.36, 
[128]:	0.03, -0.02, -0.06, 0.02, -0.11, -0.00, 0.04, -0.23, 
[129]:	0.17, -0.99, 0.79, -2.31, 1.14, 0.80, -1.94, 1.74, 
[130]:	-2.14, -1.78, -1.74, -1.97, -1.88, -1.90, -2.00, -2.02, 
[131]:	0.36, 0.26, 0.28, 0.21, 0.17, 0.25, 0.26, 0.20, 
[132]:	3.84, -0.73, -2.66, -4.78, 1.77, -1.13, -2.30, 1.04, 
[133]:	0.03, -1.01, -0.12, 0.20, 0.91, 0.05, -0.09, 0.51, 
[134]:	-0.96, -1.01, -2.12, -0.64, -3.08, -1.40, -1.62, -1.95, 
[135]:	1.55, -2.61, 3.34, 2.95, 0.23, 0.84, -0.05, 1.06, 
[136]:	-1.62, -1.86, -0.86, -0.04, -1.13, -1.16, 0.55, -0.62, 
[137]:	1.39, 2.16, 0.97, -0.01, 0.30, 0.29, 1.93, 3.95, 
[138]:	-1.20, -0.44, -0.03, 1.46, 0.63, 1.22, -0.80, -1.27, 
[139]:	-0.36, -0.36, -0.36, -0.36, -0.36, -0.36, -0.36, -0.37, 
[140]:	0.87, 0.14, -0.35, 0.57, 0.94, 0.26, 0.82, 0.60, 
[141]:	1.37, 0.64, 1.16, 1.45, 0.74, 0.75, 1.21, 0.62, 
[142]:	-0.45, 0.77, -0.78, -0.33, 0.23, 0.10, -0.26, -0.98, 
[143]:	-0.24, 0.13, 0.37, 0.33, -0.26, 0.48, 0.24, -0.08, 
[144]:	0.33, 0.57, 0.80, 0.43, 0.45, 0.56, 0.58, 0.34, 
[145]:	-0.61, 0.46, -0.08, 2.77, 2.55, 0.11, 0.11, 0.70, 
[146]:	1.26, -1.13, -0.79, -0.13, -0.27, -0.95, 1.86, 0.13, 
[147]:	-1.45, -3.12, -4.09, -1.46, -3.20, -1.70, -1.30, -3.20, 
[148]:	0.06, 0.08, 0.87, 1.16, -0.33, -0.26, 0.23, -1.05, 
[149]:	1.05, 0.45, 0.29, 1.09, 0.80, 0.46, 1.13, 1.16, 
[150]:	-1.24, 0.36, -0.04, -1.27, 0.16, -1.28, -2.50, -0.17, 
[151]:	-0.09, 1.42, 2.12, -2.66, -5.47, -0.41, 1.13, 1.70, 
[152]:	2.83, -0.56, -1.16, 0.66, 2.92, -3.53, 1.26, 2.64, 
[153]:	-0.40, -4.91, 1.43, -0.42, -2.69, 1.20, 1.56, -1.61, 
[154]:	1.72, 0.22, 0.69, 1.52, 0.95, 1.35, -0.17, 0.80, 
[155]:	0.11, 0.22, 0.01, 0.23, -0.27, -0.07, 0.31, 0.14, 
[156]:	-1.09, -0.41, -2.25, -1.51, -1.24, -3.23, -0.73, -0.03, 
[157]:	-1.70, -2.30, 0.75, 0.79, 2.47, -2.20, -0.32, 1.58, 
[158]:	-2.36, -2.42, -1.34, -2.22, -1.42, -2.41, -2.03, -1.56, 
[159]:	0.41, -0.72, -0.02, 0.23, -0.70, -0.28, 0.59, -0.79, 
[160]:	1.37, 1.26, 1.48, 0.52, 2.00, 1.82, 1.50, 0.07, 
[161]:	-1.03, -0.76, -0.26, -0.69, -1.24, -0.72, -1.02, -1.57, 
[162]:	0.71, 1.98, -5.56, 1.38, -1.84, -0.84, -0.61, -0.39, 
[163]:	-0.12, -1.76, 1.30, -2.34, -1.38, -1.84, -2.38, -0.55, 
[164]:	-4.81, -1.76, -1.01, -0.71, -2.17, 0.43, -2.59, -2.02, 
[165]:	0.35, 0.23, -0.04, -0.02, -0.76, -0.29, 0.02, -0.47, 
[166]:	-0.24, 1.07, -0.88, -1.30, -1.67, -2.77, -2.47, -1.34, 
[167]:	2.59, 1.53, 1.27, 1.27, 0.96, 1.55, 0.97, 1.61, 
[168]:	-1.62, -1.56, -1.55, -1.59, -1.52, -1.55, -1.82, -1.69, 
[169]:	10.75, -2.66, -0.42, 2.81, -4.62, 3.78, -0.31, -1.66, 
[170]:	-1.48, -0.89, -1.30, -1.07, -1.12, -1.18, -1.20, -1.24, 
[171]:	-0.19, 1.02, 0.33, 0.82, -0.30, 0.29, -0.35, -0.48, 
[172]:	3.22, 3.02, 2.23, 3.02, 2.00, 1.41, 1.88, 2.06, 
[173]:	-0.98, -1.52, 0.34, -0.37, -1.81, -1.26, -0.55, -0.49, 
[174]:	-0.43, -0.17, -2.84, 1.66, -2.28, -4.25, -1.46, -2.88, 
[175]:	3.25, -3.69, 0.42, -2.88, 1.63, 0.05, 0.54, -3.22, 
[176]:	-1.12, 4.06, 3.38, 2.45, -0.26, 1.77, 2.53, 5.56, 
[177]:	-0.19, -1.05, 5.12, 2.86, -3.59, 1.06, 4.56, 0.49, 
[178]:	1.28, 1.03, 1.37, 1.30, 1.11, 1.39, 1.17, 1.09, 
[179]:	4.78, 1.59, -3.72, 5.06, -3.06, -4.91, -1.80, -3.98, 
[180]:	0.27, 0.27, 0.23, 0.27, 0.13, 0.29, 0.33, 0.22, 
[181]:	-1.09, 1.04, -0.12, -0.86, -0.25, -1.27, -0.99, -1.26, 
[182]:	1.41, 0.95, 0.77, 1.18, 1.41, 1.27, 0.88, 0.64, 
[183]:	-1.11, -2.39, -1.34, -1.94, -0.78, -1.66, -2.70, 0.53, 
[184]:	-0.38, -0.56, -0.02, -0.18, -0.90, -2.33, 3.16, 3.59, 
[185]:	-1.96, -1.56, -1.93, -3.48, -0.38, -1.85, -2.27, -2.23, 
[186]:	-0.67, -1.51, -1.51, -0.01, 0.04, -1.62, -0.58, -0.33, 
[187]:	-2.05, 1.97, 6.72, -2.83, 6.03, 4.84, -1.82, -8.88, 
[188]:	-2.48, -1.73, -0.98, -1.72, -3.19, -2.70, -2.78, -0.68, 
[189]:	-1.90, -0.66, -2.72, 0.10, 1.50, -0.00, -0.41, -0.29, 
[190]:	8.69, -6.62, 7.50, -0.13, 0.06, 3.86, 1.33, 7.12, 
[191]:	-1.00, -1.27, -0.77, -1.93, -1.80, -1.05, -1.88, -2.17, 
[192]:	-0.08, -1.48, 0.04, 0.16, -0.69, 2.00, -0.44, 1.48, 
[193]:	1.72, 0.25, 0.51, -0.05, -1.58, 0.57, -1.45, -2.06, 
[194]:	0.39, 1.57, -1.82, 3.23, 1.12, 1.33, -0.80, -1.45, 
[195]:	1.63, 0.21, 1.57, 1.91, -0.26, 1.45, 0.59, 1.13, 
[196]:	-1.44, -1.63, -1.27, -1.63, -1.26, -1.36, -1.41, -1.13, 
[197]:	0.02, -0.75, -1.53, 0.20, -0.93, 0.59, -2.41, -1.28, 
[198]:	-2.45, -1.52, -0.46, 2.02, -1.40, 0.24, -0.17, -2.09, 
[199]:	5.38, 3.69, 4.22, -0.45, 4.06, -0.17, -3.53, -3.80, 
[200]:	-1.54, -1.79, -1.38, -1.40, -1.48, -1.59, -1.90, -1.57, 
[201]:	-1.52, 3.66, -7.59, -7.88, -2.09, 0.15, 2.38, -4.66, 
[202]:	-2.62, 0.28, 2.80, -1.84, -0.81, 0.62, -1.63, 3.05, 
[203]:	0.72, -0.56, 1.02, -0.57, 1.80, 2.58, 1.59, 2.03, 
[204]:	-2.16, -1.34, -0.93, -2.66, -3.39, -2.88, -3.27, -1.03, 
[205]:	0.18, 2.02, 2.34, 1.70, 1.50, 0.17, 2.98, 2.75, 
[206]:	2.72, 3.06, 2.83, 3.20, 2.64, 2.36, 2.58, 3.00, 
[207]:	-0.48, -0.27, -0.80, 1.53, 1.19, -2.69, -0.66, -0.31, 
[208]:	-1.35, -1.12, -0.88, -1.37, -1.02, -4.50, -2.56, -1.63, 
[209]:	1.21, -0.98, -0.11, -1.33, 1.58, -0.30, -1.27, -0.87, 
[210]:	-0.99, -2.02, -1.09, -1.84, -1.25, -1.41, -1.81, -3.22, 
[211]:	-1.92, 0.23, -2.69, 0.20, 0.16, 5.28, 1.54, 4.53, 
[212]:	-0.31, -1.01, -0.10, -0.74, -0.84, -1.40, -1.52, -1.43, 
[213]:	0.32, 0.34, 0.29, 0.27, 0.34, 0.34, 0.30, 0.32, 
[214]:	-1.09, -0.16, -2.53, -0.18, -3.28, -0.95, 0.94, 0.30, 
[215]:	1.13, -0.35, -3.12, 1.48, -2.66, -3.39, 0.12, 0.33, 
[216]:	-1.08, -1.47, -1.05, -0.47, -0.91, -0.41, -0.36, -0.76, 
[217]:	-0.61, 1.18, 1.27, 1.27, -1.95, 0.32, -0.95, -0.46, 
[218]:	1.02, 0.23, -0.54, -1.34, -1.41, -0.55, -0.17, -0.52, 
[219]:	3.66, -0.59, -0.49, 1.36, 0.24, -0.33, 1.43, 1.12, 
[220]:	1.94, 2.06, -0.42, -0.28, 2.09, 1.26, 1.30, 1.05, 
[221]:	-0.13, -2.22, -4.28, -0.61, -2.28, -2.58, -3.09, -1.49, 
[222]:	-0.30, -0.17, -0.22, -0.36, -0.29, -0.26, -0.29, -0.21, 
[223]:	-0.99, -0.99, -1.05, -0.84, -0.98, -0.95, -0.94, -0.73, 
[224]:	-1.57, -1.66, -0.33, -0.14, -0.32, 1.28, -0.58, -1.88, 
[225]:	-1.70, -1.43, -0.66, -0.82, -0.93, -1.80, 0.11, -0.85, 
[226]:	-1.30, -1.52, -0.93, 1.34, -0.29, -0.57, -0.26, -1.55, 
[227]:	1.05, 2.84, 3.67, -2.50, 1.54, -2.14, 1.52, 0.28, 
[228]:	0.68, 0.49, 0.61, 0.57, 0.62, 0.48, 0.48, 0.62, 
[229]:	-2.23, -0.08, -1.48, -1.28, -0.79, -0.95, -1.15, -1.88, 
[230]:	-1.42, -1.96, 3.69, 3.17, 0.40, -3.02, -1.02, 0.62, 
[231]:	-1.03, -1.00, -0.98, -1.02, -0.99, -1.02, -1.02, -1.02, 
[232]:	-0.65, -0.47, -1.05, -0.54, -1.23, -1.10, -0.47, -1.70, 
[233]:	-3.73, 2.42, -4.16, 1.33, -5.28, 1.08, 1.30, -0.10, 
[234]:	0.84, 0.19, 0.72, 1.23, 1.20, 0.31, 0.89, 1.18, 
[235]:	-1.12, -1.19, -1.16, -1.19, -1.17, -1.16, -1.17, -1.16, 
[236]:	-0.34, -0.30, -0.44, -0.44, -0.28, -0.19, -0.43, -0.11, 
[237]:	1.30, 1.92, 1.23, 1.26, 1.42, 1.13, 1.93, 1.48, 
[238]:	-0.69, 0.55, -1.99, 3.50, -1.52, -1.89, 1.04, -2.22, 
[239]:	0.09, 0.25, 2.72, 3.02, 1.92, 2.98, 1.61, 2.34, 
[240]:	-0.25, -0.25, 1.27, 0.64, 0.23, 0.40, -0.81, -0.16, 
[241]:	-2.28, -2.44, -1.82, -2.28, -1.80, -2.56, -2.16, -2.08, 
[242]:	-0.08, -1.66, -1.04, 0.05, -1.00, -1.06, -0.22, -1.73, 
[243]:	-2.45, -1.91, -1.72, -1.68, 0.91, 0.73, 0.47, -1.66, 
[244]:	2.69, 1.38, 2.88, 0.81, 2.39, 2.88, 1.01, 0.67, 
[245]:	0.91, 0.72, 0.99, 0.50, 1.20, 0.47, 1.13, 0.61, 
[246]:	2.69, 1.71, 2.75, 0.89, 1.94, 2.50, 1.14, 1.59, 
[247]:	0.18, -0.03, -0.11, 0.03, -0.02, 0.16, 0.04, 0.13, 
[248]:	2.59, -1.18, 0.70, 2.14, -0.93, -2.36, 0.64, -0.96, 
[249]:	0.93, 0.43, 2.77, -0.55, 0.93, 1.29, -0.07, 2.11, 
[250]:	-0.80, -0.92, -0.96, -0.71, -0.68, -0.87, -0.55, -1.24, 
[251]:	-0.95, 0.75, 0.22, 0.74, -0.33, 0.77, -2.56, -6.78, 
[252]:	1.32, 1.13, 0.91, 0.29, -0.01, 0.70, 0.43, 0.88, 
[253]:	-0.94, -0.76, -0.67, -0.82, -0.86, -0.78, -0.78, -0.70, 
[254]:	0.01, -0.41, -1.15, -1.03, -1.48, -1.54, -1.27, -1.27, 
[255]:	-1.96, -2.42, -2.16, -1.97, -1.87, -2.52, -2.16, -2.81, 
[256]:	0.28, -2.33, 1.94, -1.41, 0.75, 0.85, 1.46, 1.83, 
[257]:	-0.52, -3.09, -1.18, -1.70, -1.86, -0.92, -1.73, 0.22, 
[258]:	1.26, -0.31, -2.44, 1.09, 1.75, -2.58, 1.27, -0.50, 
[259]:	-0.57, -0.58, -0.34, 0.28, -0.03, -0.07, -0.09, -0.10, 
[260]:	-3.14, -3.22, -0.72, -2.47, -2.77, -0.15, 0.00, 0.21, 
[261]:	1.66, 1.54, 1.53, 1.55, 1.52, 1.69, 1.66, 1.56, 
[262]:	-3.11, -2.41, -2.59, -1.16, -2.88, -1.87, 0.86, -1.82, 
[263]:	0.21, 2.36, -2.42, 0.82, -2.69, 0.97, 4.06, 1.29, 
[264]:	0.97, 1.50, -0.27, -1.65, -6.22, -0.37, -0.54, 0.66, 
[265]:	-2.11, -1.34, -1.15, -3.08, -1.80, 1.12, -0.08, -0.20, 
[266]:	-2.09, -0.53, 1.96, 1.48, 0.96, -0.41, 0.24, 0.58, 
[267]:	0.61, -0.28, 0.42, 0.70, -0.01, 0.52, 0.39, 0.34, 
[268]:	-1.12, 1.88, 0.42, 2.61, -3.25, 0.86, 1.94, -4.69, 
[269]:	1.76, 2.14, 2.11, 2.48, -0.15, 0.94, 2.95, 0.44, 
[270]:	3.38, 0.07, -0.58, 1.23, -1.29, -2.00, 3.77, -1.68, 
[271]:	0.23, -4.12, -1.20, -3.12, 0.50, 1.15, 2.09, 2.28, 
[272]:	-1.31, -2.14, -2.36, -0.99, -0.46, -0.87, -0.24, -0.17, 
[273]:	-2.30, -1.08, -0.58, 0.36, 0.13, 0.79, -0.04, -0.12, 
[274]:	-0.70, 0.58, 0.36, 1.92, -0.11, 3.70, -0.16, 2.95, 
[275]:	-0.98, -0.56, -0.49, 0.01, -0.05, -0.56, -0.49, 0.11, 
[276]:	-5.97, -2.25, -6.59, 2.73, 0.28, -2.64, 0.59, -2.12, 
[277]:	-0.96, -0.97, -0.97, -0.97, -0.96, -0.96, -0.96, -0.97, 
[278]:	0.06, -0.32, -0.16, 0.31, 0.09, 1.37, -0.01, 0.77, 
[279]:	-1.15, -0.64, 0.05, -0.36, 0.06, -0.23, -0.12, -0.47, 
[280]:	0.53, 0.53, 0.53, 0.52, 0.53, 0.52, 0.52, 0.53, 
[281]:	-0.90, 0.01, 3.11, 0.96, 1.48, -0.30, 0.39, -1.84, 
[282]:	0.01, 0.21, -0.09, -0.07, 0.26, 0.06, 0.50, 0.04, 
[283]:	-1.66, 0.10, 0.31, 2.17, -0.31, 1.22, 0.85, -0.68, 
[284]:	0.85, 0.89, 0.92, 0.93, 0.95, 0.84, 0.96, 0.82, 
[285]:	-0.35, -0.67, -0.70, -1.00, -0.57, -1.52, -0.28, 0.16, 
[286]:	1.62, 1.20, 1.30, 1.09, 1.88, 1.30, 1.27, 0.76, 
[287]:	-0.08, -0.88, -2.06, 1.30, -1.30, 0.98, 0.48, -0.03, 
[288]:	1.02, -2.19, 0.12, -0.02, -0.79, -1.04, -0.23, 0.27, 
[289]:	0.31, 0.98, 1.70, -1.33, 1.38, -0.07, -1.28, 2.25, 
[290]:	1.16, -3.00, -2.88, -1.74, 0.08, 0.88, -0.57, -0.85, 
[291]:	1.88, 0.28, 1.61, 0.68, 1.73, 1.21, 0.98, 0.84, 
[292]:	-2.16, 1.38, -1.34, -0.75, -0.95, -0.65, -0.38, 0.17, 
[293]:	-0.48, 2.27, 0.01, 1.27, -0.38, 0.77, 1.66, -0.73, 
[294]:	0.58, -0.71, -0.09, -0.77, -1.06, -0.01, -0.59, -3.75, 
[295]:	0.38, 0.30, 0.16, 1.40, 0.52, 1.09, 0.94, 1.88, 
[296]:	-0.09, 0.49, 0.35, -0.04, 0.87, 0.65, 0.36, 0.20, 
[297]:	-1.72, -1.92, -1.17, -1.24, -1.63, -1.69, -1.66, -1.73, 
[298]:	-0.32, 0.64, -0.52, 0.28, 0.03, 0.08, 0.51, 0.16, 
[299]:	-1.07, -0.81, -1.38, -1.45, -1.38, -0.26, -1.62, -1.35, 
[300]:	2.89, -0.54, 0.45, -5.41, 2.00, -2.00, -2.14, 2.95, 
[301]:	-0.85, -2.94, -2.14, -3.05, -2.34, -4.25, -4.62, -0.75, 
[302]:	-1.28, 0.29, 0.48, -1.37, -0.54, 1.03, 0.01, 0.76, 
[303]:	-0.37, 0.49, -0.29, 0.49, 0.28, 0.38, 0.04, 0.18, 
[304]:	-2.09, -0.98, 5.44, -0.82, 3.12, 3.55, -4.34, 6.91, 
[305]:	0.24, 0.24, 0.25, 0.24, 0.25, 0.25, 0.25, 0.23, 
[306]:	-0.38, -0.82, 0.20, -0.77, 0.78, 0.37, 0.49, -0.11, 
[307]:	-0.66, -1.05, -0.33, -1.23, -0.37, -1.76, -1.17, -0.83, 
[308]:	-0.99, 1.02, -0.61, -1.34, -0.69, 0.26, -0.79, -0.07, 
[309]:	-2.77, 1.60, -0.11, -2.17, -1.01, -0.41, 0.23, -0.19, 
[310]:	1.56, 1.95, 1.30, -2.80, 3.52, -2.59, 0.57, 2.41, 
[311]:	-1.02, -1.04, -0.46, -0.92, -0.58, -1.16, -0.32, -0.05, 
[312]:	-2.09, -1.04, -2.59, -0.89, -1.12, -0.66, -0.71, -2.42, 
[313]:	-0.60, 0.23, 2.36, 2.58, -1.87, -2.17, 1.95, -0.77, 
[314]:	0.59, -0.07, 3.53, -0.10, -1.48, 0.41, -1.10, 2.23, 
[315]:	-0.15, -0.12, -0.12, -0.10, -0.17, -0.13, -0.15, -0.13, 
[316]:	0.81, 0.62, 0.30, 0.87, 0.64, 0.33, 0.68, 1.05, 
[317]:	1.10, -0.20, -1.45, -1.05, -0.16, -1.04, -0.64, -1.84, 
[318]:	1.60, 1.02, 0.98, 0.35, 1.75, 1.24, 1.18, -0.03, 
[319]:	3.84, 2.52, 1.90, -2.39, 3.22, -1.58, 3.16, -1.21, 
[320]:	1.45, 0.19, 1.50, 2.14, 0.68, -9.88, -0.51, -2.02, 
[321]:	-0.81, -0.28, -0.61, -1.30, -0.41, 0.01, 0.06, -0.88, 
[322]:	-6.53, -3.08, -1.98, 0.28, 3.36, 2.39, -1.03, -0.14, 
[323]:	-0.05, 2.69, 2.25, 5.03, 2.23, 4.72, -2.33, 2.44, 
[324]:	0.54, 0.73, -0.01, 0.44, 0.21, 0.09, 0.12, 0.37, 
[325]:	0.66, 3.38, 2.17, 3.05, 3.97, 1.96, 2.12, 3.12, 
[326]:	1.80, 0.88, 1.27, 0.89, 0.54, 0.86, 0.84, 0.73, 
[327]:	0.16, -2.05, -0.03, -3.58, -2.09, 5.56, 7.34, 3.50, 
[328]:	1.43, 0.24, 1.55, 0.02, 0.65, 2.09, 0.80, 0.51, 
[329]:	0.54, 1.08, -0.53, 0.31, -0.03, 0.38, 0.39, -0.28, 
[330]:	2.67, 1.95, 3.80, 0.54, 1.99, 1.43, 2.70, 3.84, 
[331]:	0.25, 0.18, 0.22, 0.20, 0.20, 0.30, 0.26, 0.28, 
[332]:	0.89, 1.48, -2.27, 0.79, 1.71, -1.08, 2.97, 1.13, 
[333]:	-2.11, 0.24, -0.80, -0.76, -3.73, 1.59, -2.41, -1.00, 
[334]:	1.00, 2.25, 1.63, 0.57, 0.95, 1.28, 0.16, 1.20, 
[335]:	1.98, -1.73, 0.59, -0.54, 2.12, -1.45, 1.58, -0.20, 
[336]:	-0.52, -0.13, 0.52, 0.21, 0.41, 0.33, 0.18, -0.09, 
[337]:	-0.05, -1.53, 4.41, -2.62, 0.54, 1.52, -4.06, -5.19, 
[338]:	0.14, -0.17, -0.09, -0.36, 0.10, -0.51, -0.61, -0.20, 
[339]:	0.09, 0.47, -0.21, 3.61, 0.48, -0.59, -0.41, 1.34, 
[340]:	0.22, -2.88, -2.00, -0.82, -1.48, -3.05, -0.17, -2.72, 
[341]:	0.04, -0.93, -3.69, -2.23, 0.59, -0.96, 0.78, -0.59, 
[342]:	-1.60, 1.20, -3.11, -1.23, -1.17, -2.44, -1.20, -1.79, 
[343]:	0.63, 1.50, 1.09, 0.75, 0.89, 0.40, 1.25, 2.09, 
[344]:	-0.09, -1.06, -1.16, 0.15, -1.17, -0.08, -0.71, -1.25, 
[345]:	-0.29, 0.22, -0.02, 0.08, -0.38, -0.04, -0.07, -0.18, 
[346]:	-1.73, 2.11, 1.22, 1.25, 0.28, 1.73, -2.05, 0.02, 
[347]:	2.45, -1.77, 0.92, -0.80, -0.11, -1.10, -1.17, -2.23, 
[348]:	-0.37, -0.30, -0.32, -0.34, -0.37, -0.36, -0.39, -0.37, 
[349]:	-2.00, -1.59, -2.30, -1.23, -1.76, -1.06, -1.46, -1.56, 
[350]:	0.51, -0.36, 2.19, 0.92, 1.47, 0.11, 1.57, -0.67, 
[351]:	1.78, 0.79, -1.02, -0.50, 0.10, -1.15, 0.48, -0.62, 
[352]:	-0.34, -0.50, 0.06, 0.59, 0.24, -0.16, 0.76, 0.16, 
[353]:	0.77, 0.77, -0.80, -0.42, -0.16, 0.43, -0.66, 1.05, 
[354]:	0.49, -1.62, 2.59, 3.88, 1.60, 1.07, 3.05, -1.47, 
[355]:	-0.27, -1.26, -0.20, 1.10, 1.30, -2.52, 3.12, 0.03, 
[356]:	-1.24, -1.26, -1.28, -1.23, -1.15, -1.10, -1.17, -1.19, 
[357]:	-3.78, 3.77, 6.41, -2.12, 1.45, -2.39, 0.19, 1.48, 
[358]:	-0.31, -0.39, -1.65, -0.51, 0.32, -0.05, -0.96, -0.27, 
[359]:	-2.22, 0.00, -0.37, 0.41, -1.95, 0.69, 1.00, 0.21, 
[360]:	2.42, 0.35, 1.40, 1.05, 0.48, 0.67, 0.83, 2.70, 
[361]:	-4.41, -5.25, -3.53, -1.06, -3.81, -1.45, -2.69, -3.12, 
[362]:	1.72, 1.85, 1.77, 1.38, 1.69, 1.46, 1.62, 1.79, 
[363]:	1.62, 1.60, 1.59, 1.59, 1.63, 1.64, 1.58, 1.61, 
[364]:	-0.34, -0.56, -0.16, 0.40, -0.07, 0.51, 0.13, -0.62, 
[365]:	0.23, -0.70, 0.51, -0.46, -0.43, -0.76, -0.11, -0.60, 
[366]:	-1.37, -2.20, -1.07, -2.31, -0.59, 0.07, -1.38, 0.80, 
[367]:	0.17, -1.09, -0.93, -0.31, -2.11, 0.51, -1.38, -1.17, 
[368]:	0.74, 0.91, 1.20, 1.41, 1.06, 1.00, 0.55, 0.78, 
[369]:	-0.39, -0.78, -1.40, 0.17, 1.03, 0.29, -2.11, -0.08, 
[370]:	-0.12, -0.28, -0.27, -0.81, 0.09, -0.30, -0.23, -0.62, 
[371]:	0.02, 0.75, -0.80, 0.58, -0.16, 0.49, -1.61, 1.09, 
[372]:	-1.55, 0.08, 0.37, -1.62, 0.16, -0.51, -2.02, -2.58, 
[373]:	-1.69, -2.48, -1.61, -1.38, -4.22, -2.34, 0.04, -2.45, 
[374]:	3.16, 0.27, 0.47, 2.58, 0.20, 1.72, 0.55, 2.28, 
[375]:	0.96, 0.23, 1.39, 1.49, 3.45, 1.13, 0.60, 1.30, 
[376]:	1.19, 1.23, 1.67, 0.21, 2.52, 1.91, 3.02, 0.27, 
[377]:	3.53, -1.78, 2.36, 2.72, -1.70, -0.99, -1.31, -0.83, 
[378]:	-1.20, -0.32, -0.98, -0.42, -1.13, -0.50, -0.78, 0.48, 
[379]:	1.10, 0.79, 2.42, -0.74, 0.21, 0.67, 0.41, 0.49, 
[380]:	1.73, -0.89, 3.69, 0.36, 3.02, 1.55, -2.77, 3.48, 
[381]:	0.18, 0.65, 0.87, 0.91, 1.38, 1.27, 0.46, 0.28, 
[382]:	-1.75, 1.00, -2.47, -1.55, -6.75, -0.79, -3.72, -1.74, 
[383]:	-0.91, -0.48, 0.57, -0.06, -1.30, 0.45, -0.81, -1.32, 
[384]:	0.56, 0.39, 0.27, 0.53, 0.11, 0.45, 0.60, -0.27, 
[385]:	0.48, 1.43, -0.02, 2.52, -0.31, -0.03, 2.20, -0.80, 
[386]:	3.19, -1.95, -2.52, 0.72, -0.51, -0.32, 1.20, 1.45, 
[387]:	1.08, 0.96, 0.98, 0.91, 0.86, 0.96, 0.96, 0.90, 
[388]:	4.50, 1.00, -0.47, -2.09, 2.92, 0.70, -0.20, 2.36, 
[389]:	-1.61, -2.64, -1.76, -1.45, -0.73, -1.59, -1.72, -1.12, 
[390]:	-0.39, -0.30, 1.62, -0.93, 3.25, 0.37, 0.75, 1.30, 
[391]:	0.81, 0.73, 0.85, 0.84, 0.79, 0.80, 0.78, 0.80, 
[392]:	-1.05, -1.54, 0.57, 2.30, -0.00, -0.07, 3.56, 1.07, 
[393]:	1.24, 1.23, 1.24, 1.25, 1.24, 1.24, 1.23, 1.23, 
[394]:	-1.26, -1.74, -2.00, -2.97, -2.44, -2.81, -1.51, -1.20, 
[395]:	-0.03, 0.46, 0.36, -0.31, 0.31, 0.59, 0.56, 0.86, 
[396]:	0.14, 0.29, 0.40, 0.20, 0.12, 0.27, 0.15, 0.20, 
[397]:	-0.03, 1.79, 0.49, -0.25, 1.52, 1.50, 0.34, 1.83, 
[398]:	0.39, 0.42, 0.39, 0.39, 0.41, 0.40, 0.40, 0.38, 
[399]:	0.04, 0.20, 0.29, 0.28, 0.04, 0.34, 0.24, 0.11, 
[400]:	0.83, 0.80, 0.78, 0.82, 0.82, 0.80, 0.80, 0.82, 
[401]:	0.12, -0.78, -0.32, -2.72, -2.53, -0.49, -0.49, -0.98, 
[402]:	5.38, -1.78, -0.75, 1.23, 0.80, -1.24, 7.19, 2.02, 
[403]:	-0.08, -0.64, -0.96, -0.08, -0.66, -0.16, -0.03, -0.66, 
[404]:	-0.88, -0.87, -0.18, 0.08, -1.23, -1.16, -0.74, -1.86, 
[405]:	-0.17, 0.14, 0.22, -0.19, -0.04, 0.14, -0.21, -0.22, 
[406]:	1.21, -2.05, -1.23, 1.27, -1.64, 1.28, 3.77, -0.96, 
[407]:	-0.99, -1.50, -1.73, -0.12, 0.84, -0.88, -1.40, -1.59, 
[408]:	0.82, 0.68, 0.66, 0.73, 0.82, 0.56, 0.76, 0.81, 
[409]:	0.12, 2.27, -0.74, 0.13, 1.21, -0.63, -0.80, 0.70, 
[410]:	1.72, -0.73, 0.04, 1.39, 0.46, 1.11, -1.37, 0.22, 
[411]:	2.47, 3.42, 1.56, 3.47, -0.86, 0.84, 4.12, 2.67, 
[412]:	-3.22, -2.52, -4.44, -3.66, -3.39, -5.44, -2.84, -2.12, 
[413]:	-1.19, -1.08, -1.62, -1.63, -1.94, -1.09, -1.44, -1.77, 
[414]:	2.64, 2.91, -1.64, 2.05, -1.30, 2.86, 1.28, -0.71, 
[415]:	-3.34, -0.97, -2.45, -2.97, -1.03, -1.90, -3.72, -0.82, 
[416]:	0.62, 0.50, 0.73, -0.24, 1.26, 1.08, 0.75, -0.70, 
[417]:	0.25, 0.38, 0.64, 0.42, 0.14, 0.41, 0.26, -0.02, 
[418]:	0.84, 0.64, 1.81, 0.73, 1.23, 1.08, 1.05, 1.01, 
[419]:	0.26, -0.01, 0.48, -0.10, 0.05, -0.02, -0.11, 0.19, 
[420]:	-1.30, -0.09, 0.21, 0.33, -0.25, 0.78, -0.42, -0.19, 
[421]:	2.70, 2.08, 0.75, 0.82, -2.86, -0.52, 1.01, -1.41, 
[422]:	-2.05, -4.25, -0.97, -0.27, 0.36, 2.19, 1.70, -0.20, 
[423]:	2.62, 0.78, 0.32, 0.31, -0.21, 0.81, -0.20, 0.91, 
[424]:	-1.43, -0.40, -0.20, -1.01, 0.29, -0.30, -5.06, -2.64, 
[425]:	-4.53, -1.34, -1.88, -2.64, -0.88, -2.86, -1.90, -1.58, 
[426]:	1.80, -6.41, -0.78, -3.94, -3.36, -2.39, -2.12, -1.53, 
[427]:	1.02, -0.88, 0.20, -0.58, 1.18, 0.26, 1.27, 1.46, 
[428]:	0.00, -0.02, -0.12, -0.02, -0.14, -0.22, -0.16, -0.14, 
[429]:	-0.45, -0.23, -0.97, -0.69, -0.12, -0.34, -0.62, -0.64, 
[430]:	0.57, 0.81, -1.74, 2.56, -1.20, -3.08, -0.42, -1.76, 
[431]:	-4.66, 3.91, -1.17, 2.89, -2.66, -0.71, -1.31, 3.33, 
[432]:	-1.61, -0.67, -0.79, -0.96, -1.45, -1.09, -0.94, -0.39, 
[433]:	1.24, 1.20, 1.51, 1.40, 1.07, 1.30, 1.48, 1.27, 
[434]:	0.38, -1.49, 0.97, 0.53, -0.91, 1.17, -0.47, -1.05, 
[435]:	0.75, 1.27, 2.12, 0.70, 2.02, 2.31, 1.81, 2.16, 
[436]:	1.07, 1.09, 0.71, 1.03, -0.01, 1.23, 1.49, 0.64, 
[437]:	-0.93, -6.50, -3.45, -1.55, -3.12, -0.46, -1.20, -0.49, 
[438]:	0.78, 2.05, 2.55, 1.39, 0.76, 1.13, 2.25, 2.91, 
[439]:	1.44, 1.12, 1.38, 1.23, 1.52, 1.30, 1.04, 1.84, 
[440]:	-0.84, -0.94, -0.65, -0.73, -1.11, -1.85, 1.00, 1.23, 
[441]:	0.50, 0.22, 0.48, 1.59, -0.62, 0.43, 0.71, 0.70, 
[442]:	1.00, 0.34, 0.34, 1.52, 1.56, 0.25, 1.07, 1.27, 
[443]:	2.12, 0.50, -1.44, 2.45, -1.16, -0.67, 2.03, 4.91, 
[444]:	0.10, -0.27, -0.64, -0.27, 0.45, 0.21, 0.25, -0.79, 
[445]:	-0.30, -2.14, 0.91, -3.27, -5.38, -3.12, -2.52, -2.70, 
[446]:	-6.03, 4.12, -5.22, -0.17, -0.30, -2.81, -1.14, -4.97, 
[447]:	0.71, 1.06, 0.42, 1.89, 1.73, 0.77, 1.83, 2.19, 
[448]:	-0.61, -0.15, -0.65, -0.69, -0.41, -1.29, -0.49, -1.12, 
[449]:	-0.77, 1.03, 0.71, 1.40, 3.28, 0.65, 3.14, 3.88, 
[450]:	0.60, 0.13, 1.48, -0.54, 0.30, 0.22, 1.08, 1.34, 
[451]:	1.46, 0.54, 1.42, 1.64, 0.23, 1.34, 0.78, 1.14, 
[452]:	1.24, 1.95, 0.61, 1.95, 0.59, 0.98, 1.16, 0.13, 
[453]:	-4.12, 0.00, 4.25, -5.06, 0.97, -7.16, 8.94, 2.88, 
[454]:	-2.16, -1.28, -0.26, 2.09, -1.16, 0.40, 0.00, -1.83, 
[455]:	0.68, 0.66, 0.67, 0.62, 0.67, 0.63, 0.60, 0.59, 
[456]:	-2.08, -0.62, -3.00, -2.91, -2.41, -1.74, -0.02, -1.88, 
[457]:	-0.70, -2.20, 1.06, 1.15, -0.54, -1.19, -1.84, 0.21, 
[458]:	2.98, -1.00, -4.44, 1.91, 0.50, -1.47, 1.62, -4.78, 
[459]:	0.80, 1.09, 0.73, 1.09, 0.55, 0.38, 0.61, 0.50, 
[460]:	0.11, 0.87, 1.26, -0.36, -1.04, -0.55, -0.92, 1.16, 
[461]:	0.15, -0.10, -0.14, -0.06, -0.03, 0.15, -0.23, -0.20, 
[462]:	-0.38, -3.11, -1.15, -4.19, 0.30, 2.56, 0.77, -2.58, 
[463]:	-0.49, -0.55, -0.41, -1.05, -0.96, 0.11, -0.45, -0.54, 
[464]:	-0.04, -0.48, -0.94, 0.00, -0.67, 6.09, 2.30, 0.51, 
[465]:	0.67, -1.45, -0.61, -1.78, 1.03, -0.79, -1.72, -1.34, 
[466]:	1.22, 0.18, 1.11, 0.36, 0.95, 0.79, 0.38, -1.05, 
[467]:	-1.30, -1.05, -1.38, -1.06, -1.06, -0.50, -0.91, -0.58, 
[468]:	2.09, 0.55, 2.56, 1.15, 0.91, -0.32, -0.59, -0.39, 
[469]:	-1.15, -1.19, -1.11, -1.09, -1.18, -1.18, -1.12, -1.16, 
[470]:	-1.39, 0.16, -3.77, 0.13, -5.00, -1.15, 1.98, 0.91, 
[471]:	0.35, 0.93, 2.00, 0.21, 1.82, 2.11, 0.74, 0.66, 
[472]:	1.73, 4.47, 1.51, -2.48, 0.60, -2.89, -3.28, -0.49, 
[473]:	0.06, -2.81, -2.97, -2.97, 2.20, -1.44, 0.59, -0.19, 
[474]:	2.64, 2.45, 2.27, 2.06, 2.05, 2.27, 2.36, 2.27, 
[475]:	0.25, -0.45, -0.43, -0.12, -0.31, -0.40, -0.11, -0.16, 
[476]:	-1.45, -1.55, 0.24, 0.15, -1.56, -0.96, -0.99, -0.81, 
[477]:	-0.69, 0.75, 2.17, -0.36, 0.79, 0.99, 1.34, 0.25, 
[478]:	0.90, 1.26, 1.12, 0.74, 0.93, 1.02, 0.94, 1.15, 
[479]:	0.76, 0.80, 1.42, -0.88, 0.71, 0.31, 0.25, -2.09, 
[480]:	-0.80, -0.87, 0.11, 0.25, 0.11, 1.28, -0.08, -1.02, 
[481]:	-1.50, -1.09, 0.08, -0.15, -0.33, -1.65, 1.27, -0.21, 
[482]:	-1.98, -2.31, -1.45, 1.97, -0.48, -0.89, -0.44, -2.36, 
[483]:	0.56, -1.24, -2.06, 4.09, 0.07, 3.75, 0.08, 1.33, 
[484]:	-1.39, 0.44, -0.80, -0.38, -0.92, 0.53, 0.51, -0.85, 
[485]:	1.35, 0.34, 1.00, 0.91, 0.68, 0.75, 0.84, 1.19, 
[486]:	2.28, 2.92, -3.89, -3.28, 0.07, 4.19, 1.79, -0.19, 
[487]:	-0.20, -2.39, -3.55, -1.50, -2.84, -1.05, -0.80, -1.26, 
[488]:	0.84, 0.07, 2.53, 0.34, 3.28, 2.73, 0.07, 5.25, 
[489]:	1.91, -0.96, 2.09, -0.45, 2.62, -0.33, -0.43, 0.21, 
[490]:	-1.09, 0.34, -0.82, -1.93, -1.86, 0.08, -1.17, -1.82, 
[491]:	1.59, 2.22, 1.93, 2.17, 2.02, 2.00, 2.06, 1.97, 
[492]:	2.27, 1.94, 3.08, 3.12, 1.70, 0.93, 3.00, 0.27, 
[493]:	-2.55, 5.12, -3.48, -3.11, -1.07, -4.66, 5.19, -0.33, 
[494]:	2.70, 1.43, 4.03, -1.60, 3.55, 3.94, 0.92, 4.25, 
[495]:	-1.43, -1.40, -0.86, -0.79, -1.03, -0.80, -1.10, -0.94, 
[496]:	-1.12, -1.12, -2.75, -2.06, -1.63, -1.81, -0.52, -1.21, 
[497]:	-0.39, -0.74, 0.64, -0.40, 0.67, -1.05, -0.13, 0.07, 
[498]:	1.48, 0.70, 1.02, 1.55, 1.03, 1.00, 1.42, 0.67, 
[499]:	-0.40, -0.44, -0.45, -0.46, -0.64, -0.62, -0.61, -0.46, 
[500]:	-0.43, -0.34, -0.44, -0.31, -0.41, -0.44, -0.32, -0.30, 
[501]:	-0.31, -1.29, 0.09, -2.42, 1.17, -2.59, 0.84, -1.85, 
[502]:	-0.67, -0.21, -0.70, 0.18, -0.31, -0.58, 0.07, -0.14, 
[503]:	0.14, 1.63, 2.20, 1.17, 1.51, 0.28, 1.10, 0.45, 
[504]:	-0.84, 1.78, 0.47, -0.53, 1.61, 2.59, 0.52, 1.63, 
[505]:	0.08, -0.05, 0.54, -0.29, 0.08, 0.17, -0.17, 0.37, 
[506]:	1.18, 0.49, 0.26, 1.66, 1.81, 0.79, 2.55, -1.29, 
[507]:	1.41, 0.62, 0.87, 0.63, 1.13, 0.61, 2.17, 4.16, 
[508]:	3.28, 1.92, 0.37, -4.03, -6.16, -1.16, -3.05, 0.09, 
[509]:	-3.58, -1.12, 0.06, -1.97, -2.44, -1.40, -1.38, -0.33, 
[510]:	3.67, 2.50, 0.51, 0.83, -0.40, -0.56, 0.18, 0.17, 
[511]:	-0.19, -0.51, -0.33, -0.20, -0.13, -0.57, -0.33, -0.78, 
[512]:	

.
----------------------------------------------------------------------
Ran 1 test in 3.708s

OK
Successfully loaded VPTQ CUDA kernels.
tensor([[[0., 0., 0.,  ..., 0., 0., 0.],
         [0., 0., 0.,  ..., 0., 0., 0.],
         [0., 0., 0.,  ..., 0., 0., 0.]],

        [[0., 0., 0.,  ..., 0., 0., 0.],
         [0., 0., 0.,  ..., 0., 0., 0.],
         [0., 0., 0.,  ..., 0., 0., 0.]],

        [[0., 0., 0.,  ..., 0., 0., 0.],
         [0., 0., 0.,  ..., 0., 0., 0.],
         [0., 0., 0.,  ..., 0., 0., 0.]],

        [[0., 0., 0.,  ..., 0., 0., 0.],
         [0., 0., 0.,  ..., 0., 0., 0.],
         [0., 0., 0.,  ..., 0., 0., 0.]],

        [[0., 0., 0.,  ..., 0., 0., 0.],
         [0., 0., 0.,  ..., 0., 0., 0.],
         [0., 0., 0.,  ..., 0., 0., 0.]]], device='cuda:0',
       dtype=torch.bfloat16)
